Archive member included to satisfy reference by file (symbol)

D:/ti/ccs2051/mspm0_sdk_2_10_00_04/source\ti/driverlib/lib/gcc/m0p/mspm0g1x0x_g3x0x/driverlib.a(dl_common.o)
                              ./empty.o (DL_Common_delayCycles)
D:/ti/ccs2051/mspm0_sdk_2_10_00_04/source\ti/driverlib/lib/gcc/m0p/mspm0g1x0x_g3x0x/driverlib.a(dl_i2c.o)
                              ./ti_msp_dl_config.o (DL_I2C_setClockConfig)
D:/ti/ccs2051/mspm0_sdk_2_10_00_04/source\ti/driverlib/lib/gcc/m0p/mspm0g1x0x_g3x0x/driverlib.a(dl_timer.o)
                              ./ti_msp_dl_config.o (DL_Timer_setClockConfig)
D:/ti/ccs2051/mspm0_sdk_2_10_00_04/source\ti/driverlib/lib/gcc/m0p/mspm0g1x0x_g3x0x/driverlib.a(dl_uart.o)
                              ./ti_msp_dl_config.o (DL_UART_init)
c:/ti/gcc_arm_none_eabi_9_2_1/bin/../lib/gcc/arm-none-eabi/9.2.1/thumb/v6-m/nofp\libgcc.a(_udivsi3.o)
                              ./OLED/OLED.o (__aeabi_uidiv)
c:/ti/gcc_arm_none_eabi_9_2_1/bin/../lib/gcc/arm-none-eabi/9.2.1/thumb/v6-m/nofp\libgcc.a(_divsi3.o)
                              ./OLED/OLED.o (__aeabi_idiv)
c:/ti/gcc_arm_none_eabi_9_2_1/bin/../lib/gcc/arm-none-eabi/9.2.1/thumb/v6-m/nofp\libgcc.a(_dvmd_tls.o)
                              c:/ti/gcc_arm_none_eabi_9_2_1/bin/../lib/gcc/arm-none-eabi/9.2.1/thumb/v6-m/nofp\libgcc.a(_udivsi3.o) (__aeabi_idiv0)
c:/ti/gcc_arm_none_eabi_9_2_1/bin/../lib/gcc/arm-none-eabi/9.2.1/thumb/v6-m/nofp\libgcc.a(_arm_cmpdf2.o)
                              ./OLED/OLED.o (__aeabi_dcmpge)
c:/ti/gcc_arm_none_eabi_9_2_1/bin/../lib/gcc/arm-none-eabi/9.2.1/thumb/v6-m/nofp\libgcc.a(_arm_cmpsf2.o)
                              ./IMU/IMU.o (__aeabi_fcmpeq)
c:/ti/gcc_arm_none_eabi_9_2_1/bin/../lib/gcc/arm-none-eabi/9.2.1/thumb/v6-m/nofp\libgcc.a(_fixunsdfsi.o)
                              ./OLED/OLED.o (__aeabi_d2uiz)
c:/ti/gcc_arm_none_eabi_9_2_1/bin/../lib/gcc/arm-none-eabi/9.2.1/thumb/v6-m/nofp\libgcc.a(addsf3.o)
                              ./Control/Control.o (__aeabi_fadd)
c:/ti/gcc_arm_none_eabi_9_2_1/bin/../lib/gcc/arm-none-eabi/9.2.1/thumb/v6-m/nofp\libgcc.a(divsf3.o)
                              ./Control/Control.o (__aeabi_fdiv)
c:/ti/gcc_arm_none_eabi_9_2_1/bin/../lib/gcc/arm-none-eabi/9.2.1/thumb/v6-m/nofp\libgcc.a(eqsf2.o)
                              c:/ti/gcc_arm_none_eabi_9_2_1/bin/../lib/gcc/arm-none-eabi/9.2.1/thumb/v6-m/nofp\libgcc.a(_arm_cmpsf2.o) (__eqsf2)
c:/ti/gcc_arm_none_eabi_9_2_1/bin/../lib/gcc/arm-none-eabi/9.2.1/thumb/v6-m/nofp\libgcc.a(gesf2.o)
                              c:/ti/gcc_arm_none_eabi_9_2_1/bin/../lib/gcc/arm-none-eabi/9.2.1/thumb/v6-m/nofp\libgcc.a(_arm_cmpsf2.o) (__gesf2)
c:/ti/gcc_arm_none_eabi_9_2_1/bin/../lib/gcc/arm-none-eabi/9.2.1/thumb/v6-m/nofp\libgcc.a(lesf2.o)
                              c:/ti/gcc_arm_none_eabi_9_2_1/bin/../lib/gcc/arm-none-eabi/9.2.1/thumb/v6-m/nofp\libgcc.a(_arm_cmpsf2.o) (__lesf2)
c:/ti/gcc_arm_none_eabi_9_2_1/bin/../lib/gcc/arm-none-eabi/9.2.1/thumb/v6-m/nofp\libgcc.a(mulsf3.o)
                              ./Control/Control.o (__aeabi_fmul)
c:/ti/gcc_arm_none_eabi_9_2_1/bin/../lib/gcc/arm-none-eabi/9.2.1/thumb/v6-m/nofp\libgcc.a(subsf3.o)
                              ./Control/Control.o (__aeabi_fsub)
c:/ti/gcc_arm_none_eabi_9_2_1/bin/../lib/gcc/arm-none-eabi/9.2.1/thumb/v6-m/nofp\libgcc.a(fixsfsi.o)
                              ./Control/Control.o (__aeabi_f2iz)
c:/ti/gcc_arm_none_eabi_9_2_1/bin/../lib/gcc/arm-none-eabi/9.2.1/thumb/v6-m/nofp\libgcc.a(floatsisf.o)
                              ./ICM45686/icm45686.o (__aeabi_i2f)
c:/ti/gcc_arm_none_eabi_9_2_1/bin/../lib/gcc/arm-none-eabi/9.2.1/thumb/v6-m/nofp\libgcc.a(floatunsisf.o)
                              ./Track/Track.o (__aeabi_ui2f)
c:/ti/gcc_arm_none_eabi_9_2_1/bin/../lib/gcc/arm-none-eabi/9.2.1/thumb/v6-m/nofp\libgcc.a(adddf3.o)
                              ./IMU/IMU.o (__aeabi_dadd)
c:/ti/gcc_arm_none_eabi_9_2_1/bin/../lib/gcc/arm-none-eabi/9.2.1/thumb/v6-m/nofp\libgcc.a(divdf3.o)
                              ./IMU/IMU.o (__aeabi_ddiv)
c:/ti/gcc_arm_none_eabi_9_2_1/bin/../lib/gcc/arm-none-eabi/9.2.1/thumb/v6-m/nofp\libgcc.a(eqdf2.o)
                              c:/ti/gcc_arm_none_eabi_9_2_1/bin/../lib/gcc/arm-none-eabi/9.2.1/thumb/v6-m/nofp\libgcc.a(_arm_cmpdf2.o) (__eqdf2)
c:/ti/gcc_arm_none_eabi_9_2_1/bin/../lib/gcc/arm-none-eabi/9.2.1/thumb/v6-m/nofp\libgcc.a(gedf2.o)
                              c:/ti/gcc_arm_none_eabi_9_2_1/bin/../lib/gcc/arm-none-eabi/9.2.1/thumb/v6-m/nofp\libgcc.a(_arm_cmpdf2.o) (__gedf2)
c:/ti/gcc_arm_none_eabi_9_2_1/bin/../lib/gcc/arm-none-eabi/9.2.1/thumb/v6-m/nofp\libgcc.a(ledf2.o)
                              c:/ti/gcc_arm_none_eabi_9_2_1/bin/../lib/gcc/arm-none-eabi/9.2.1/thumb/v6-m/nofp\libgcc.a(_arm_cmpdf2.o) (__ledf2)
c:/ti/gcc_arm_none_eabi_9_2_1/bin/../lib/gcc/arm-none-eabi/9.2.1/thumb/v6-m/nofp\libgcc.a(muldf3.o)
                              ./IMU/IMU.o (__aeabi_dmul)
[...]
Memory Configuration

Name             Origin             Length             Attributes
FLASH            0x00000000         0x00020000         xr
SRAM             0x20200000         0x00008000         xrw
BCR_CONFIG       0x41c00000         0x000000ff         r
BSL_CONFIG       0x41c00100         0x00000080         r
*default*        0x00000000         0xffffffff

Linker script and memory map

LOAD ./empty.o
LOAD ./ti_msp_dl_config.o
LOAD ./startup_mspm0g350x_gcc.o
LOAD ./Control/Control.o
LOAD ./ICM45686/icm45686.o
LOAD ./ICM45686/inv_imu_driver.o
LOAD ./ICM45686/inv_imu_transport.o
LOAD ./IIC/I2C_communication.o
LOAD ./IMU/IMU.o
LOAD ./Motor/Motor.o
LOAD ./OLED/OLED.o
LOAD ./OLED/OLED_Font.o
LOAD ./PID/PID.o
LOAD ./Track/Track.o
LOAD ./UART/uart_comm.o
                0x00000000                _Min_Heap_Size = 0x0
                0x00000080                _Min_Stack_Size = 0x80
                0x00000000                PROVIDE (_intvecs_base_address = DEFINED (_intvecs_base_address)?_intvecs_base_address:0x0)

.intvecs        0x00000000       0xc0
 *(.intvecs)
 .intvecs       0x00000000       0xc0 ./startup_mspm0g350x_gcc.o
                0x00000000                interruptVectors
                0x20200000                PROVIDE (_vtable_base_address = DEFINED (_vtable_base_address)?_vtable_base_address:0x20200000)

.vtable
 *(.vtable)

.text           0x000000c0    0x11b30
 CREATE_OBJECT_SYMBOLS
 *(.text)
 .text          0x000000c0        0x0 ./empty.o
 .text          0x000000c0        0x0 ./ti_msp_dl_config.o
 .text          0x000000c0        0x0 ./startup_mspm0g350x_gcc.o
 .text          0x000000c0        0x0 ./Control/Control.o
 .text          0x000000c0        0x0 ./ICM45686/icm45686.o
 .text          0x000000c0        0x0 ./ICM45686/inv_imu_driver.o
 .text          0x000000c0        0x0 ./ICM45686/inv_imu_transport.o
 .text          0x000000c0        0x0 ./IIC/I2C_communication.o
 .text          0x000000c0        0x0 ./IMU/IMU.o
 .text          0x000000c0        0x0 ./Motor/Motor.o
 .text          0x000000c0        0x0 ./OLED/OLED.o
 .text          0x000000c0        0x0 ./OLED/OLED_Font.o
 .text          0x000000c0        0x0 ./PID/PID.o
 .text          0x000000c0        0x0 ./Track/Track.o
 .text          0x000000c0        0x0 ./UART/uart_comm.o
 .text          0x000000c0        0x0 D:/ti/ccs2051/mspm0_sdk_2_10_00_04/source\ti/driverlib/lib/gcc/m0p/mspm0g1x0x_g3x0x/driverlib.a(dl_common.o)
 .text          0x000000c0        0x0 D:/ti/ccs2051/mspm0_sdk_2_10_00_04/source\ti/driverlib/lib/gcc/m0p/mspm0g1x0x_g3x0x/driverlib.a(dl_i2c.o)
 .text          0x000000c0        0x0 D:/ti/ccs2051/mspm0_sdk_2_10_00_04/source\ti/driverlib/lib/gcc/m0p/mspm0g1x0x_g3x0x/driverlib.a(dl_timer.o)
 .text          0x000000c0        0x0 D:/ti/ccs2051/mspm0_sdk_2_10_00_04/source\ti/driverlib/lib/gcc/m0p/mspm0g1x0x_g3x0x/driverlib.a(dl_uart.o)
 .text          0x000000c0      0x114 c:/ti/gcc_arm_none_eabi_9_2_1/bin/../lib/gcc/arm-none-eabi/9.2.1/thumb/v6-m/nofp\libgcc.a(_udivsi3.o)
                0x000000c0                __aeabi_uidiv
                0x000000c0                __udivsi3
                0x000001cc                __aeabi_uidivmod
 .text          0x000001d4      0x1d4 c:/ti/gcc_arm_none_eabi_9_2_1/bin/../lib/gcc/arm-none-eabi/9.2.1/thumb/v6-m/nofp\libgcc.a(_divsi3.o)
                0x000001d4                __divsi3
                0x000001d4                __aeabi_idiv
                0x000003a0                __aeabi_idivmod
 .text          0x000003a8        0x4 c:/ti/gcc_arm_none_eabi_9_2_1/bin/../lib/gcc/arm-none-eabi/9.2.1/thumb/v6-m/nofp\libgcc.a(_dvmd_tls.o)
                0x000003a8                __aeabi_idiv0
                0x000003a8                __aeabi_ldiv0
 .text          0x000003ac       0x7c c:/ti/gcc_arm_none_eabi_9_2_1/bin/../lib/gcc/arm-none-eabi/9.2.1/thumb/v6-m/nofp\libgcc.a(_arm_cmpdf2.o)
                0x000003ac                __aeabi_cdrcmple
                0x000003bc                __aeabi_cdcmple
                0x000003bc                __aeabi_cdcmpeq
                0x000003cc                __aeabi_dcmpeq
                0x000003d8                __aeabi_dcmplt
                0x000003ec                __aeabi_dcmple
                0x00000400                __aeabi_dcmpgt
                0x00000414                __aeabi_dcmpge
 .text          0x00000428       0x74 c:/ti/gcc_arm_none_eabi_9_2_1/bin/../lib/gcc/arm-none-eabi/9.2.1/thumb/v6-m/nofp\libgcc.a(_arm_cmpsf2.o)
                0x00000428                __aeabi_cfrcmple
                0x00000430                __aeabi_cfcmpeq
                0x00000430                __aeabi_cfcmple
                0x00000440                __aeabi_fcmpeq
                0x0000044c                __aeabi_fcmplt
                0x00000460                __aeabi_fcmple
                0x00000474                __aeabi_fcmpgt
                0x00000488                __aeabi_fcmpge
 .text          0x0000049c       0x3c c:/ti/gcc_arm_none_eabi_9_2_1/bin/../lib/gcc/arm-none-eabi/9.2.1/thumb/v6-m/nofp\libgcc.a(_fixunsdfsi.o)
                0x0000049c                __aeabi_d2uiz
                0x0000049c                __fixunsdfsi
 .text          0x000004d8      0x338 c:/ti/gcc_arm_none_eabi_9_2_1/bin/../lib/gcc/arm-none-eabi/9.2.1/thumb/v6-m/nofp\libgcc.a(addsf3.o)
                0x000004d8                __aeabi_fadd
 .text          0x00000810      0x218 c:/ti/gcc_arm_none_eabi_9_2_1/bin/../lib/gcc/arm-none-eabi/9.2.1/thumb/v6-m/nofp\libgcc.a(divsf3.o)
                0x00000810                __aeabi_fdiv
 .text          0x00000a28       0x50 c:/ti/gcc_arm_none_eabi_9_2_1/bin/../lib/gcc/arm-none-eabi/9.2.1/thumb/v6-m/nofp\libgcc.a(eqsf2.o)
                0x00000a28                __eqsf2
                0x00000a28                __nesf2
 .text          0x00000a78       0x98 c:/ti/gcc_arm_none_eabi_9_2_1/bin/../lib/gcc/arm-none-eabi/9.2.1/thumb/v6-m/nofp\libgcc.a(gesf2.o)
                0x00000a78                __gesf2
                0x00000a78                __gtsf2
 .text          0x00000b10       0x94 c:/ti/gcc_arm_none_eabi_9_2_1/bin/../lib/gcc/arm-none-eabi/9.2.1/thumb/v6-m/nofp\libgcc.a(lesf2.o)
                0x00000b10                __ltsf2
                0x00000b10                __lesf2
 .text          0x00000ba4      0x234 c:/ti/gcc_arm_none_eabi_9_2_1/bin/../lib/gcc/arm-none-eabi/9.2.1/thumb/v6-m/nofp\libgcc.a(mulsf3.o)
                0x00000ba4                __aeabi_fmul
 .text          0x00000dd8      0x390 c:/ti/gcc_arm_none_eabi_9_2_1/bin/../lib/gcc/arm-none-eabi/9.2.1/thumb/v6-m/nofp\libgcc.a(subsf3.o)
                0x00000dd8                __aeabi_fsub
 .text          0x00001168       0x40 c:/ti/gcc_arm_none_eabi_9_2_1/bin/../lib/gcc/arm-none-eabi/9.2.1/thumb/v6-m/nofp\libgcc.a(fixsfsi.o)
                0x00001168                __aeabi_f2iz
 .text          0x000011a8       0x8c c:/ti/gcc_arm_none_eabi_9_2_1/bin/../lib/gcc/arm-none-eabi/9.2.1/thumb/v6-m/nofp\libgcc.a(floatsisf.o)
                0x000011a8                __aeabi_i2f
 .text          0x00001234       0x78 c:/ti/gcc_arm_none_eabi_9_2_1/bin/../lib/gcc/arm-none-eabi/9.2.1/thumb/v6-m/nofp\libgcc.a(floatunsisf.o)
                0x00001234                __aeabi_ui2f
 .text          0x000012ac      0x6d4 c:/ti/gcc_arm_none_eabi_9_2_1/bin/../lib/gcc/arm-none-eabi/9.2.1/thumb/v6-m/nofp\libgcc.a(adddf3.o)
                0x000012ac                __aeabi_dadd
 .text          0x00001980      0x5d0 c:/ti/gcc_arm_none_eabi_9_2_1/bin/../lib/gcc/arm-none-eabi/9.2.1/thumb/v6-m/nofp\libgcc.a(divdf3.o)
                0x00001980                __aeabi_ddiv
 .text          0x00001f50       0x78 c:/ti/gcc_arm_none_eabi_9_2_1/bin/../lib/gcc/arm-none-eabi/9.2.1/thumb/v6-m/nofp\libgcc.a(eqdf2.o)
                0x00001f50                __nedf2
                0x00001f50                __eqdf2
 .text          0x00001fc8       0xe4 c:/ti/gcc_arm_none_eabi_9_2_1/bin/../lib/gcc/arm-none-eabi/9.2.1/thumb/v6-m/nofp\libgcc.a(gedf2.o)
                0x00001fc8                __gedf2
                0x00001fc8                __gtdf2
 .text          0x000020ac       0xe0 c:/ti/gcc_arm_none_eabi_9_2_1/bin/../lib/gcc/arm-none-eabi/9.2.1/thumb/v6-m/nofp\libgcc.a(ledf2.o)
                0x000020ac                __ledf2
                0x000020ac                __ltdf2
 .text          0x0000218c      0x4d8 c:/ti/gcc_arm_none_eabi_9_2_1/bin/../lib/gcc/arm-none-eabi/9.2.1/thumb/v6-m/nofp\libgcc.a(muldf3.o)
                0x0000218c                __aeabi_dmul
 .text          0x00002664      0x724 c:/ti/gcc_arm_none_eabi_9_2_1/bin/../lib/gcc/arm-none-eabi/9.2.1/thumb/v6-m/nofp\libgcc.a(subdf3.o)
                0x00002664                __aeabi_dsub
 .text          0x00002d88       0x6c c:/ti/gcc_arm_none_eabi_9_2_1/bin/../lib/gcc/arm-none-eabi/9.2.1/thumb/v6-m/nofp\libgcc.a(fixdfsi.o)
                0x00002d88                __aeabi_d2iz
 .text          0x00002df4       0x60 c:/ti/gcc_arm_none_eabi_9_2_1/bin/../lib/gcc/arm-none-eabi/9.2.1/thumb/v6-m/nofp\libgcc.a(floatsidf.o)
                0x00002df4                __aeabi_i2d
 .text          0x00002e54       0x4c c:/ti/gcc_arm_none_eabi_9_2_1/bin/../lib/gcc/arm-none-eabi/9.2.1/thumb/v6-m/nofp\libgcc.a(floatunsidf.o)
                0x00002e54                __aeabi_ui2d
 .text          0x00002ea0       0x90 c:/ti/gcc_arm_none_eabi_9_2_1/bin/../lib/gcc/arm-none-eabi/9.2.1/thumb/v6-m/nofp\libgcc.a(extendsfdf2.o)
                0x00002ea0                __aeabi_f2d
 .text          0x00002f30      0x110 c:/ti/gcc_arm_none_eabi_9_2_1/bin/../lib/gcc/arm-none-eabi/9.2.1/thumb/v6-m/nofp\libgcc.a(truncdfsf2.o)
                0x00002f30                __aeabi_d2f
 .text          0x00003040       0x3c c:/ti/gcc_arm_none_eabi_9_2_1/bin/../lib/gcc/arm-none-eabi/9.2.1/thumb/v6-m/nofp\libgcc.a(_clzsi2.o)
                0x00003040                __clzsi2
 .text          0x0000307c        0x0 C:/TI/gcc_arm_none_eabi_9_2_1/arm-none-eabi/lib/thumb/v6-m/nofp\libc.a(lib_a-init.o)
 .text          0x0000307c        0x0 C:/TI/gcc_arm_none_eabi_9_2_1/arm-none-eabi/lib/thumb/v6-m/nofp\libc.a(lib_a-memset.o)
 .text          0x0000307c        0x0 C:/TI/gcc_arm_none_eabi_9_2_1/arm-none-eabi/lib/thumb/v6-m/nofp\libc.a(lib_a-printf.o)
 .text          0x0000307c        0x0 C:/TI/gcc_arm_none_eabi_9_2_1/arm-none-eabi/lib/thumb/v6-m/nofp\libc.a(lib_a-puts.o)
 .text          0x0000307c        0x0 C:/TI/gcc_arm_none_eabi_9_2_1/arm-none-eabi/lib/thumb/v6-m/nofp\libc.a(lib_a-sscanf.o)
 .text          0x0000307c        0x0 C:/TI/gcc_arm_none_eabi_9_2_1/arm-none-eabi/lib/thumb/v6-m/nofp\libc.a(lib_a-stdio.o)
 .text          0x0000307c       0x88 C:/TI/gcc_arm_none_eabi_9_2_1/arm-none-eabi/lib/thumb/v6-m/nofp\libc.a(lib_a-strcmp.o)
                0x0000307c                strcmp
 .text          0x00003104        0x0 C:/TI/gcc_arm_none_eabi_9_2_1/arm-none-eabi/lib/thumb/v6-m/nofp\libc.a(lib_a-strlen-stub.o)
 .text          0x00003104        0x0 C:/TI/gcc_arm_none_eabi_9_2_1/arm-none-eabi/lib/thumb/v6-m/nofp\libc.a(lib_a-strncmp.o)
 .text          0x00003104        0x0 C:/TI/gcc_arm_none_eabi_9_2_1/arm-none-eabi/lib/thumb/v6-m/nofp\libc.a(lib_a-svfscanf.o)
 .text          0x00003104        0x0 C:/TI/gcc_arm_none_eabi_9_2_1/arm-none-eabi/lib/thumb/v6-m/nofp\libc.a(lib_a-vfprintf.o)
 .text          0x00003104        0x0 C:/TI/gcc_arm_none_eabi_9_2_1/arm-none-eabi/lib/thumb/v6-m/nofp\libc.a(lib_a-vsnprintf.o)
 .text          0x00003104        0x0 C:/TI/gcc_arm_none_eabi_9_2_1/arm-none-eabi/lib/thumb/v6-m/nofp\libc.a(lib_a-writer.o)
 .text          0x00003104        0x0 C:/TI/gcc_arm_none_eabi_9_2_1/arm-none-eabi/lib/thumb/v6-m/nofp\libc.a(lib_a-wsetup.o)
 .text          0x00003104        0x0 C:/TI/gcc_arm_none_eabi_9_2_1/arm-none-eabi/lib/thumb/v6-m/nofp\libc.a(lib_a-closer.o)
 .text          0x00003104        0x0 C:/TI/gcc_arm_none_eabi_9_2_1/arm-none-eabi/lib/thumb/v6-m/nofp\libc.a(lib_a-ctype_.o)
 .text          0x00003104        0x0 C:/TI/gcc_arm_none_eabi_9_2_1/arm-none-eabi/lib/thumb/v6-m/nofp\libc.a(lib_a-dtoa.o)
 .text          0x00003104        0x0 C:/TI/gcc_arm_none_eabi_9_2_1/arm-none-eabi/lib/thumb/v6-m/nofp\libc.a(lib_a-fflush.o)
 .text          0x00003104        0x0 C:/TI/gcc_arm_none_eabi_9_2_1/arm-none-eabi/lib/thumb/v6-m/nofp\libc.a(lib_a-findfp.o)
 .text          0x00003104        0x0 C:/TI/gcc_arm_none_eabi_9_2_1/arm-none-eabi/lib/thumb/v6-m/nofp\libc.a(lib_a-freer.o)
 .text          0x00003104        0x0 C:/TI/gcc_arm_none_eabi_9_2_1/arm-none-eabi/lib/thumb/v6-m/nofp\libc.a(lib_a-fvwrite.o)
 .text          0x00003104        0x0 C:/TI/gcc_arm_none_eabi_9_2_1/arm-none-eabi/lib/thumb/v6-m/nofp\libc.a(lib_a-fwalk.o)
 .text          0x00003104        0x0 C:/TI/gcc_arm_none_eabi_9_2_1/arm-none-eabi/lib/thumb/v6-m/nofp\libc.a(lib_a-impure.o)
 .text          0x00003104        0x0 C:/TI/gcc_arm_none_eabi_9_2_1/arm-none-eabi/lib/thumb/v6-m/nofp\libc.a(lib_a-iswspace.o)
 .text          0x00003104        0x0 C:/TI/gcc_arm_none_eabi_9_2_1/arm-none-eabi/lib/thumb/v6-m/nofp\libc.a(lib_a-iswspace_l.o)
 .text          0x00003104        0x0 C:/TI/gcc_arm_none_eabi_9_2_1/arm-none-eabi/lib/thumb/v6-m/nofp\libc.a(lib_a-locale.o)
 .text          0x00003104        0x0 C:/TI/gcc_arm_none_eabi_9_2_1/arm-none-eabi/lib/thumb/v6-m/nofp\libc.a(lib_a-localeconv.o)
 .text          0x00003104        0x0 C:/TI/gcc_arm_none_eabi_9_2_1/arm-none-eabi/lib/thumb/v6-m/nofp\libc.a(lib_a-lock.o)
 .text          0x00003104        0x0 C:/TI/gcc_arm_none_eabi_9_2_1/arm-none-eabi/lib/thumb/v6-m/nofp\libc.a(lib_a-lseekr.o)
 .text          0x00003104        0x0 C:/TI/gcc_arm_none_eabi_9_2_1/arm-none-eabi/lib/thumb/v6-m/nofp\libc.a(lib_a-makebuf.o)
 .text          0x00003104        0x0 C:/TI/gcc_arm_none_eabi_9_2_1/arm-none-eabi/lib/thumb/v6-m/nofp\libc.a(lib_a-malloc.o)
 .text          0x00003104        0x0 C:/TI/gcc_arm_none_eabi_9_2_1/arm-none-eabi/lib/thumb/v6-m/nofp\libc.a(lib_a-mallocr.o)
 .text          0x00003104        0x0 C:/TI/gcc_arm_none_eabi_9_2_1/arm-none-eabi/lib/thumb/v6-m/nofp\libc.a(lib_a-mbrtowc.o)
 .text          0x00003104        0x0 C:/TI/gcc_arm_none_eabi_9_2_1/arm-none-eabi/lib/thumb/v6-m/nofp\libc.a(lib_a-mbtowc_r.o)
 .text          0x00003104        0x0 C:/TI/gcc_arm_none_eabi_9_2_1/arm-none-eabi/lib/thumb/v6-m/nofp\libc.a(lib_a-memchr-stub.o)
 .text          0x00003104        0x0 C:/TI/gcc_arm_none_eabi_9_2_1/arm-none-eabi/lib/thumb/v6-m/nofp\libc.a(lib_a-memcpy-stub.o)
 .text          0x00003104        0x0 C:/TI/gcc_arm_none_eabi_9_2_1/arm-none-eabi/lib/thumb/v6-m/nofp\libc.a(lib_a-memmove.o)
 .text          0x00003104        0x0 C:/TI/gcc_arm_none_eabi_9_2_1/arm-none-eabi/lib/thumb/v6-m/nofp\libc.a(lib_a-mlock.o)
 .text          0x00003104        0x0 C:/TI/gcc_arm_none_eabi_9_2_1/arm-none-eabi/lib/thumb/v6-m/nofp\libc.a(lib_a-mprec.o)
 .text          0x00003104        0x0 C:/TI/gcc_arm_none_eabi_9_2_1/arm-none-eabi/lib/thumb/v6-m/nofp\libc.a(lib_a-readr.o)
 .text          0x00003104        0x0 C:/TI/gcc_arm_none_eabi_9_2_1/arm-none-eabi/lib/thumb/v6-m/nofp\libc.a(lib_a-realloc.o)
 .text          0x00003104        0x0 C:/TI/gcc_arm_none_eabi_9_2_1/arm-none-eabi/lib/thumb/v6-m/nofp\libc.a(lib_a-reallocr.o)
 .text          0x00003104        0x0 C:/TI/gcc_arm_none_eabi_9_2_1/arm-none-eabi/lib/thumb/v6-m/nofp\libc.a(lib_a-reent.o)
 .text          0x00003104        0x0 C:/TI/gcc_arm_none_eabi_9_2_1/arm-none-eabi/lib/thumb/v6-m/nofp\libc.a(lib_a-s_frexp.o)
 .text          0x00003104        0x0 C:/TI/gcc_arm_none_eabi_9_2_1/arm-none-eabi/lib/thumb/v6-m/nofp\libc.a(lib_a-sbrkr.o)
 .text          0x00003104        0x0 C:/TI/gcc_arm_none_eabi_9_2_1/arm-none-eabi/lib/thumb/v6-m/nofp\libc.a(lib_a-sccl.o)
 .text          0x00003104        0x0 C:/TI/gcc_arm_none_eabi_9_2_1/arm-none-eabi/lib/thumb/v6-m/nofp\libc.a(lib_a-sf_nan.o)
 .text          0x00003104        0x0 C:/TI/gcc_arm_none_eabi_9_2_1/arm-none-eabi/lib/thumb/v6-m/nofp\libc.a(lib_a-sprintf.o)
 .text          0x00003104        0x0 C:/TI/gcc_arm_none_eabi_9_2_1/arm-none-eabi/lib/thumb/v6-m/nofp\libc.a(lib_a-strncpy.o)
 .text          0x00003104        0x0 C:/TI/gcc_arm_none_eabi_9_2_1/arm-none-eabi/lib/thumb/v6-m/nofp\libc.a(lib_a-strtod.o)
 .text          0x00003104        0x0 C:/TI/gcc_arm_none_eabi_9_2_1/arm-none-eabi/lib/thumb/v6-m/nofp\libc.a(lib_a-strtol.o)
 .text          0x00003104        0x0 C:/TI/gcc_arm_none_eabi_9_2_1/arm-none-eabi/lib/thumb/v6-m/nofp\libc.a(lib_a-strtoll.o)
 .text          0x00003104        0x0 C:/TI/gcc_arm_none_eabi_9_2_1/arm-none-eabi/lib/thumb/v6-m/nofp\libc.a(lib_a-strtoul.o)
 .text          0x00003104        0x0 C:/TI/gcc_arm_none_eabi_9_2_1/arm-none-eabi/lib/thumb/v6-m/nofp\libc.a(lib_a-strtoull.o)
 .text          0x00003104        0x0 C:/TI/gcc_arm_none_eabi_9_2_1/arm-none-eabi/lib/thumb/v6-m/nofp\libc.a(lib_a-svfiscanf.o)
 .text          0x00003104        0x0 C:/TI/gcc_arm_none_eabi_9_2_1/arm-none-eabi/lib/thumb/v6-m/nofp\libc.a(lib_a-svfprintf.o)
 .text          0x00003104        0x0 C:/TI/gcc_arm_none_eabi_9_2_1/arm-none-eabi/lib/thumb/v6-m/nofp\libc.a(lib_a-ungetc.o)
 .text          0x00003104        0x0 C:/TI/gcc_arm_none_eabi_9_2_1/arm-none-eabi/lib/thumb/v6-m/nofp\libc.a(lib_a-vfiprintf.o)
 .text          0x00003104        0x0 C:/TI/gcc_arm_none_eabi_9_2_1/arm-none-eabi/lib/thumb/v6-m/nofp\libc.a(lib_a-wctomb_r.o)
 .text          0x00003104        0x0 C:/TI/gcc_arm_none_eabi_9_2_1/arm-none-eabi/lib/thumb/v6-m/nofp\libc.a(lib_a-callocr.o)
 .text          0x00003104        0x0 C:/TI/gcc_arm_none_eabi_9_2_1/arm-none-eabi/lib/thumb/v6-m/nofp\libc.a(lib_a-fclose.o)
 .text          0x00003104        0x0 C:/TI/gcc_arm_none_eabi_9_2_1/arm-none-eabi/lib/thumb/v6-m/nofp\libc.a(lib_a-fputwc.o)
 .text          0x00003104        0x0 C:/TI/gcc_arm_none_eabi_9_2_1/arm-none-eabi/lib/thumb/v6-m/nofp\libc.a(lib_a-fstatr.o)
 .text          0x00003104        0x0 C:/TI/gcc_arm_none_eabi_9_2_1/arm-none-eabi/lib/thumb/v6-m/nofp\libc.a(lib_a-gdtoa-gethex.o)
 .text          0x00003104        0x0 C:/TI/gcc_arm_none_eabi_9_2_1/arm-none-eabi/lib/thumb/v6-m/nofp\libc.a(lib_a-gdtoa-hexnan.o)
 .text          0x00003104        0x0 C:/TI/gcc_arm_none_eabi_9_2_1/arm-none-eabi/lib/thumb/v6-m/nofp\libc.a(lib_a-isattyr.o)
 .text          0x00003104        0x0 C:/TI/gcc_arm_none_eabi_9_2_1/arm-none-eabi/lib/thumb/v6-m/nofp\libc.a(lib_a-lnumeric.o)
 .text          0x00003104        0x0 C:/TI/gcc_arm_none_eabi_9_2_1/arm-none-eabi/lib/thumb/v6-m/nofp\libc.a(lib_a-s_nan.o)
 .text          0x00003104        0x0 C:/TI/gcc_arm_none_eabi_9_2_1/arm-none-eabi/lib/thumb/v6-m/nofp\libc.a(lib_a-svfiprintf.o)
 .text          0x00003104        0x0 C:/TI/gcc_arm_none_eabi_9_2_1/arm-none-eabi/lib/thumb/v6-m/nofp\libc.a(lib_a-wbuf.o)
 .text          0x00003104        0x0 C:/TI/gcc_arm_none_eabi_9_2_1/arm-none-eabi/lib/thumb/v6-m/nofp\libc.a(lib_a-wcrtomb.o)
 .text          0x00003104        0x0 C:/TI/gcc_arm_none_eabi_9_2_1/arm-none-eabi/lib/thumb/v6-m/nofp\libm.a(lib_a-s_round.o)
 .text          0x00003104        0x0 C:/TI/gcc_arm_none_eabi_9_2_1/arm-none-eabi/lib/thumb/v6-m/nofp\libm.a(lib_a-w_asin.o)
 .text          0x00003104        0x0 C:/TI/gcc_arm_none_eabi_9_2_1/arm-none-eabi/lib/thumb/v6-m/nofp\libm.a(lib_a-w_atan2.o)
 .text          0x00003104        0x0 C:/TI/gcc_arm_none_eabi_9_2_1/arm-none-eabi/lib/thumb/v6-m/nofp\libm.a(lib_a-e_asin.o)
 .text          0x00003104        0x0 C:/TI/gcc_arm_none_eabi_9_2_1/arm-none-eabi/lib/thumb/v6-m/nofp\libm.a(lib_a-e_atan2.o)
 .text          0x00003104        0x0 C:/TI/gcc_arm_none_eabi_9_2_1/arm-none-eabi/lib/thumb/v6-m/nofp\libm.a(lib_a-e_sqrt.o)
 .text          0x00003104        0x0 C:/TI/gcc_arm_none_eabi_9_2_1/arm-none-eabi/lib/thumb/v6-m/nofp\libm.a(lib_a-s_atan.o)
 .text          0x00003104        0x0 C:/TI/gcc_arm_none_eabi_9_2_1/arm-none-eabi/lib/thumb/v6-m/nofp\libm.a(lib_a-s_fabs.o)
 .text          0x00003104        0x0 C:/TI/gcc_arm_none_eabi_9_2_1/arm-none-eabi/lib/thumb/v6-m/nofp\libm.a(lib_a-s_lib_ver.o)
 .text          0x00003104        0x0 C:/TI/gcc_arm_none_eabi_9_2_1/arm-none-eabi/lib/thumb/v6-m/nofp\libm.a(lib_a-s_matherr.o)
 .text          0x00003104       0x40 c:/ti/gcc_arm_none_eabi_9_2_1/bin/../lib/gcc/arm-none-eabi/9.2.1/thumb/v6-m/nofp\libgcc.a(_aeabi_uldivmod.o)
                0x00003104                __aeabi_uldivmod
 .text          0x00003144       0x50 c:/ti/gcc_arm_none_eabi_9_2_1/bin/../lib/gcc/arm-none-eabi/9.2.1/thumb/v6-m/nofp\libgcc.a(_muldi3.o)
                0x00003144                __muldi3
                0x00003144                __aeabi_lmul
 .text          0x00003194       0x3c c:/ti/gcc_arm_none_eabi_9_2_1/bin/../lib/gcc/arm-none-eabi/9.2.1/thumb/v6-m/nofp\libgcc.a(_fixdfdi.o)
                0x00003194                __fixdfdi
                0x00003194                __aeabi_d2lz
 .text          0x000031d0       0x3c c:/ti/gcc_arm_none_eabi_9_2_1/bin/../lib/gcc/arm-none-eabi/9.2.1/thumb/v6-m/nofp\libgcc.a(_fixunsdfdi.o)
                0x000031d0                __fixunsdfdi
                0x000031d0                __aeabi_d2ulz
 .text          0x0000320c       0x2c c:/ti/gcc_arm_none_eabi_9_2_1/bin/../lib/gcc/arm-none-eabi/9.2.1/thumb/v6-m/nofp\libgcc.a(_floatdidf.o)
                0x0000320c                __aeabi_l2d
                0x0000320c                __floatdidf
 .text          0x00003238      0x198 c:/ti/gcc_arm_none_eabi_9_2_1/bin/../lib/gcc/arm-none-eabi/9.2.1/thumb/v6-m/nofp\libgcc.a(_udivmoddi4.o)
                0x00003238                __udivmoddi4
 .text          0x000033d0       0x2c c:/ti/gcc_arm_none_eabi_9_2_1/bin/../lib/gcc/arm-none-eabi/9.2.1/thumb/v6-m/nofp\libgcc.a(unordsf2.o)
                0x000033d0                __aeabi_fcmpun
 .text          0x000033fc       0x3c c:/ti/gcc_arm_none_eabi_9_2_1/bin/../lib/gcc/arm-none-eabi/9.2.1/thumb/v6-m/nofp\libgcc.a(unorddf2.o)
                0x000033fc                __aeabi_dcmpun
 .text          0x00003438       0x18 c:/ti/gcc_arm_none_eabi_9_2_1/bin/../lib/gcc/arm-none-eabi/9.2.1/thumb/v6-m/nofp\libgcc.a(_clzdi2.o)
                0x00003438                __clzdi2
 .text          0x00003450        0x0 C:/TI/gcc_arm_none_eabi_9_2_1/arm-none-eabi/lib/thumb/v6-m/nofp\libg.a(lib_a-errno.o)
 .text          0x00003450        0x0 C:/TI/gcc_arm_none_eabi_9_2_1/arm-none-eabi/lib/thumb/v6-m/nofp\libnosys.a(close.o)
 .text          0x00003450        0x0 C:/TI/gcc_arm_none_eabi_9_2_1/arm-none-eabi/lib/thumb/v6-m/nofp\libnosys.a(fstat.o)
 .text          0x00003450        0x0 C:/TI/gcc_arm_none_eabi_9_2_1/arm-none-eabi/lib/thumb/v6-m/nofp\libnosys.a(isatty.o)
 .text          0x00003450        0x0 C:/TI/gcc_arm_none_eabi_9_2_1/arm-none-eabi/lib/thumb/v6-m/nofp\libnosys.a(lseek.o)
 .text          0x00003450        0x0 C:/TI/gcc_arm_none_eabi_9_2_1/arm-none-eabi/lib/thumb/v6-m/nofp\libnosys.a(read.o)
 .text          0x00003450        0x0 C:/TI/gcc_arm_none_eabi_9_2_1/arm-none-eabi/lib/thumb/v6-m/nofp\libnosys.a(sbrk.o)
 .text          0x00003450        0x0 C:/TI/gcc_arm_none_eabi_9_2_1/arm-none-eabi/lib/thumb/v6-m/nofp\libnosys.a(write.o)
                0x00003450                . = ALIGN (0x8)
 *(.text.*)
 .text.TIMG6_IRQHandler
                0x00003450       0x30 ./empty.o
                0x00003450                TIMG6_IRQHandler
 .text.SysTick_Handler
                0x00003480        0x8 ./empty.o
                0x00003480                SysTick_Handler
 .text.startup.main
                0x00003488      0x2b4 ./empty.o
                0x00003488                main
 .text.SYSCFG_DL_initPower
                0x0000373c       0x88 ./ti_msp_dl_config.o
                0x0000373c                SYSCFG_DL_initPower
 .text.SYSCFG_DL_GPIO_init
                0x000037c4       0xec ./ti_msp_dl_config.o
                0x000037c4                SYSCFG_DL_GPIO_init
 .text.SYSCFG_DL_SYSCTL_init
                0x000038b0       0x50 ./ti_msp_dl_config.o
                0x000038b0                SYSCFG_DL_SYSCTL_init
 .text.SYSCFG_DL_PWM_MOTOR_init
                0x00003900       0x90 ./ti_msp_dl_config.o
                0x00003900                SYSCFG_DL_PWM_MOTOR_init
 .text.SYSCFG_DL_ENC_L_init
                0x00003990       0x64 ./ti_msp_dl_config.o
                0x00003990                SYSCFG_DL_ENC_L_init
 .text.SYSCFG_DL_TIMER_0_init
                0x000039f4       0x38 ./ti_msp_dl_config.o
                0x000039f4                SYSCFG_DL_TIMER_0_init
 .text.SYSCFG_DL_I2C_0_init
                0x00003a2c       0x74 ./ti_msp_dl_config.o
                0x00003a2c                SYSCFG_DL_I2C_0_init
 .text.SYSCFG_DL_I2C_OLED_init
                0x00003aa0       0x74 ./ti_msp_dl_config.o
                0x00003aa0                SYSCFG_DL_I2C_OLED_init
 .text.SYSCFG_DL_UART_0_init
                0x00003b14       0xb0 ./ti_msp_dl_config.o
                0x00003b14                SYSCFG_DL_UART_0_init
 .text.SYSCFG_DL_init
                0x00003bc4       0x3c ./ti_msp_dl_config.o
                0x00003bc4                SYSCFG_DL_init
 .text.Default_Handler
                0x00003c00        0x4 ./startup_mspm0g350x_gcc.o
                0x00003c00                TIMG8_IRQHandler
                0x00003c00                I2C0_IRQHandler
                0x00003c00                HardFault_Handler
                0x00003c00                PendSV_Handler
                0x00003c00                NMI_Handler
                0x00003c00                I2C1_IRQHandler
                0x00003c00                UART1_IRQHandler
                0x00003c00                TIMA1_IRQHandler
                0x00003c00                ADC0_IRQHandler
                0x00003c00                SPI1_IRQHandler
                0x00003c00                TIMG0_IRQHandler
                0x00003c00                ADC1_IRQHandler
                0x00003c00                GROUP1_IRQHandler
                0x00003c00                RTC_IRQHandler
                0x00003c00                GROUP0_IRQHandler
                0x00003c00                UART2_IRQHandler
                0x00003c00                Default_Handler
                0x00003c00                SVC_Handler
                0x00003c00                TIMG12_IRQHandler
                0x00003c00                DAC0_IRQHandler
                0x00003c00                TIMG7_IRQHandler
                0x00003c00                SPI0_IRQHandler
                0x00003c00                AES_IRQHandler
                0x00003c00                DMA_IRQHandler
                0x00003c00                TIMA0_IRQHandler
                0x00003c00                UART3_IRQHandler
                0x00003c00                CANFD0_IRQHandler
 .text.Reset_Handler
                0x00003c04       0x8c ./startup_mspm0g350x_gcc.o
                0x00003c04                Reset_Handler
 .text.initStub
                0x00003c90        0x4 ./startup_mspm0g350x_gcc.o
                0x00003c90                initStub
                0x00003c90                _init
 .text.Control_Init
                0x00003c94       0x8c ./Control/Control.o
                0x00003c94                Control_Init
 .text.Control_SetMode
                0x00003d20       0x14 ./Control/Control.o
                0x00003d20                Control_SetMode
 .text.Control_SetTargetSpeed
                0x00003d34       0x30 ./Control/Control.o
                0x00003d34                Control_SetTargetSpeed
 .text.Control_SetTargetYaw
                0x00003d64        0xc ./Control/Control.o
                0x00003d64                Control_SetTargetYaw
 .text.Control_Update
                0x00003d70      0x140 ./Control/Control.o
                0x00003d70                Control_Update
 .text.icm45686_write_reg
                0x00003eb0       0x24 ./ICM45686/icm45686.o
 .text.icm45686_read_reg
                0x00003ed4       0x14 ./ICM45686/icm45686.o
 .text.delay_us
                0x00003ee8        0xc ./ICM45686/icm45686.o
 .text.print_error.part.0
                0x00003ef4       0x58 ./ICM45686/icm45686.o
 .text.setup_imu
                0x00003f4c      0x1dc ./ICM45686/icm45686.o
                0x00003f4c                setup_imu
 .text.bsp_IcmGetRawData
                0x00004128      0x104 ./ICM45686/icm45686.o
                0x00004128                bsp_IcmGetRawData
 .text.inv_imu_soft_reset
                0x0000422c       0x84 ./ICM45686/inv_imu_driver.o
                0x0000422c                inv_imu_soft_reset
 .text.inv_imu_get_who_am_i
                0x000042b0       0x2c ./ICM45686/inv_imu_driver.o
                0x000042b0                inv_imu_get_who_am_i
 .text.inv_imu_set_accel_mode
                0x000042dc       0x54 ./ICM45686/inv_imu_driver.o
                0x000042dc                inv_imu_set_accel_mode
 .text.inv_imu_set_gyro_mode
                0x00004330       0x5c ./ICM45686/inv_imu_driver.o
                0x00004330                inv_imu_set_gyro_mode
 .text.inv_imu_set_accel_frequency
                0x0000438c       0x34 ./ICM45686/inv_imu_driver.o
                0x0000438c                inv_imu_set_accel_frequency
 .text.inv_imu_set_gyro_frequency
                0x000043c0       0x34 ./ICM45686/inv_imu_driver.o
                0x000043c0                inv_imu_set_gyro_frequency
 .text.inv_imu_set_accel_fsr
                0x000043f4       0x3c ./ICM45686/inv_imu_driver.o
                0x000043f4                inv_imu_set_accel_fsr
 .text.inv_imu_set_gyro_fsr
                0x00004430       0x38 ./ICM45686/inv_imu_driver.o
                0x00004430                inv_imu_set_gyro_fsr
 .text.inv_imu_set_gyro_ln_bw
                0x00004468       0x3c ./ICM45686/inv_imu_driver.o
                0x00004468                inv_imu_set_gyro_ln_bw
 .text.inv_imu_set_accel_ln_bw
                0x000044a4       0x3c ./ICM45686/inv_imu_driver.o
                0x000044a4                inv_imu_set_accel_ln_bw
 .text.inv_imu_get_register_data
                0x000044e0       0xa4 ./ICM45686/inv_imu_driver.o
                0x000044e0                inv_imu_get_register_data
 .text.inv_imu_set_config_int
                0x00004584       0xa4 ./ICM45686/inv_imu_driver.o
                0x00004584                inv_imu_set_config_int
 .text.inv_imu_set_pin_config_int
                0x00004628       0x64 ./ICM45686/inv_imu_driver.o
                0x00004628                inv_imu_set_pin_config_int
 .text.inv_imu_select_accel_lp_clk
                0x0000468c       0x40 ./ICM45686/inv_imu_driver.o
                0x0000468c                inv_imu_select_accel_lp_clk
 .text.check_out_of_bounds_mreg
                0x000046cc       0x78 ./ICM45686/inv_imu_transport.o
 .text.read_mreg
                0x00004744       0x74 ./ICM45686/inv_imu_transport.o
 .text.write_mreg
                0x000047b8       0x88 ./ICM45686/inv_imu_transport.o
 .text.inv_imu_read_reg
                0x00004840       0x2c ./ICM45686/inv_imu_transport.o
                0x00004840                inv_imu_read_reg
 .text.inv_imu_write_reg
                0x0000486c       0x28 ./ICM45686/inv_imu_transport.o
                0x0000486c                inv_imu_write_reg
 .text.I2C_WriteReg
                0x00004894       0x94 ./IIC/I2C_communication.o
                0x00004894                I2C_WriteReg
 .text.I2C_ReadReg
                0x00004928       0xdc ./IIC/I2C_communication.o
                0x00004928                I2C_ReadReg
 .text.IMU_init
                0x00004a04       0x5c ./IMU/IMU.o
                0x00004a04                IMU_init
 .text.calGyroVariance
                0x00004a60      0x210 ./IMU/IMU.o
                0x00004a60                calGyroVariance
 .text.IMU_getValues
                0x00004c70       0xe8 ./IMU/IMU.o
                0x00004c70                IMU_getValues
 .text.IMU_AHRSupdate
                0x00004d58      0x638 ./IMU/IMU.o
                0x00004d58                IMU_AHRSupdate
 .text.IMU_getQ
                0x00005390       0xbc ./IMU/IMU.o
                0x00005390                IMU_getQ
 .text.IMU_getYawPitchRoll
                0x0000544c      0x190 ./IMU/IMU.o
                0x0000544c                IMU_getYawPitchRoll
 .text.Motor_Init
                0x000055dc       0x44 ./Motor/Motor.o
                0x000055dc                Motor_Init
 .text.Motor_SetLeftSpeed
                0x00005620       0x8c ./Motor/Motor.o
                0x00005620                Motor_SetLeftSpeed
 .text.Motor_SetRightSpeed
                0x000056ac       0x8c ./Motor/Motor.o
                0x000056ac                Motor_SetRightSpeed
 .text.Motor_UpdateRightEncoder
                0x00005738       0x48 ./Motor/Motor.o
                0x00005738                Motor_UpdateRightEncoder
 .text.Motor_UpdateSpeed
                0x00005780       0x88 ./Motor/Motor.o
                0x00005780                Motor_UpdateSpeed
 .text.Motor_GetSpeed
                0x00005808       0x18 ./Motor/Motor.o
                0x00005808                Motor_GetSpeed
 .text.I2C_Transmit.constprop.0
                0x00005820       0x70 ./OLED/OLED.o
 .text.OLED_SetCursor
                0x00005890       0x3c ./OLED/OLED.o
                0x00005890                OLED_SetCursor
 .text.OLED_Init
                0x000058cc      0x170 ./OLED/OLED.o
                0x000058cc                OLED_Init
 .text.OLED_Update
                0x00005a3c       0x50 ./OLED/OLED.o
                0x00005a3c                OLED_Update
 .text.OLED_ClearArea
                0x00005a8c       0x78 ./OLED/OLED.o
                0x00005a8c                OLED_ClearArea
 .text.OLED_ShowImage
                0x00005b04       0xfc ./OLED/OLED.o
                0x00005b04                OLED_ShowImage
 .text.OLED_ShowChar
                0x00005c00       0x44 ./OLED/OLED.o
                0x00005c00                OLED_ShowChar
 .text.OLED_ShowString
                0x00005c44      0x1a0 ./OLED/OLED.o
                0x00005c44                OLED_ShowString
 .text.OLED_Printf
                0x00005de4       0x30 ./OLED/OLED.o
                0x00005de4                OLED_Printf
 .text.PID_Init
                0x00005e14       0x10 ./PID/PID.o
                0x00005e14                PID_Init
 .text.PID_Update
                0x00005e24       0xc8 ./PID/PID.o
                0x00005e24                PID_Update
 .text.Read_Track_DATA
                0x00005eec       0x90 ./Track/Track.o
                0x00005eec                Read_Track_DATA
 .text.Track_Err
                0x00005f7c       0x64 ./Track/Track.o
                0x00005f7c                Track_Err
 .text.uart_printf
                0x00005fe0       0x4c ./UART/uart_comm.o
                0x00005fe0                uart_printf
 .text.UART0_IRQHandler
                0x0000602c       0x74 ./UART/uart_comm.o
                0x0000602c                UART0_IRQHandler
 .text.DL_Common_delayCycles
                0x000060a0        0xc D:/ti/ccs2051/mspm0_sdk_2_10_00_04/source\ti/driverlib/lib/gcc/m0p/mspm0g1x0x_g3x0x/driverlib.a(dl_common.o)
                0x000060a0                DL_Common_delayCycles
 .text.DL_I2C_setClockConfig
                0x000060ac       0x28 D:/ti/ccs2051/mspm0_sdk_2_10_00_04/source\ti/driverlib/lib/gcc/m0p/mspm0g1x0x_g3x0x/driverlib.a(dl_i2c.o)
                0x000060ac                DL_I2C_setClockConfig
 .text.DL_I2C_fillControllerTXFIFO
                0x000060d4       0x48 D:/ti/ccs2051/mspm0_sdk_2_10_00_04/source\ti/driverlib/lib/gcc/m0p/mspm0g1x0x_g3x0x/driverlib.a(dl_i2c.o)
                0x000060d4                DL_I2C_fillControllerTXFIFO
 .text.DL_I2C_flushControllerTXFIFO
                0x0000611c       0x34 D:/ti/ccs2051/mspm0_sdk_2_10_00_04/source\ti/driverlib/lib/gcc/m0p/mspm0g1x0x_g3x0x/driverlib.a(dl_i2c.o)
                0x0000611c                DL_I2C_flushControllerTXFIFO
 .text.DL_Timer_setClockConfig
                0x00006150       0x1c D:/ti/ccs2051/mspm0_sdk_2_10_00_04/source\ti/driverlib/lib/gcc/m0p/mspm0g1x0x_g3x0x/driverlib.a(dl_timer.o)
                0x00006150                DL_Timer_setClockConfig
 .text.DL_Timer_initTimerMode
                0x0000616c       0x8c D:/ti/ccs2051/mspm0_sdk_2_10_00_04/source\ti/driverlib/lib/gcc/m0p/mspm0g1x0x_g3x0x/driverlib.a(dl_timer.o)
                0x0000616c                DL_Timer_initTimerMode
 .text.DL_Timer_setCaptureCompareValue
                0x000061f8       0x14 D:/ti/ccs2051/mspm0_sdk_2_10_00_04/source\ti/driverlib/lib/gcc/m0p/mspm0g1x0x_g3x0x/driverlib.a(dl_timer.o)
                0x000061f8                DL_Timer_setCaptureCompareValue
 .text.DL_Timer_setCaptCompUpdateMethod
                0x0000620c       0x20 D:/ti/ccs2051/mspm0_sdk_2_10_00_04/source\ti/driverlib/lib/gcc/m0p/mspm0g1x0x_g3x0x/driverlib.a(dl_timer.o)
                0x0000620c                DL_Timer_setCaptCompUpdateMethod
 .text.DL_Timer_setCaptureCompareOutCtl
                0x0000622c       0x1c D:/ti/ccs2051/mspm0_sdk_2_10_00_04/source\ti/driverlib/lib/gcc/m0p/mspm0g1x0x_g3x0x/driverlib.a(dl_timer.o)
                0x0000622c                DL_Timer_setCaptureCompareOutCtl
 .text.DL_Timer_initFourCCPWMMode
                0x00006248      0x190 D:/ti/ccs2051/mspm0_sdk_2_10_00_04/source\ti/driverlib/lib/gcc/m0p/mspm0g1x0x_g3x0x/driverlib.a(dl_timer.o)
                0x00006248                DL_Timer_initFourCCPWMMode
 .text.DL_UART_init
                0x000063d8       0x48 D:/ti/ccs2051/mspm0_sdk_2_10_00_04/source\ti/driverlib/lib/gcc/m0p/mspm0g1x0x_g3x0x/driverlib.a(dl_uart.o)
                0x000063d8                DL_UART_init
 .text.DL_UART_setClockConfig
                0x00006420       0x14 D:/ti/ccs2051/mspm0_sdk_2_10_00_04/source\ti/driverlib/lib/gcc/m0p/mspm0g1x0x_g3x0x/driverlib.a(dl_uart.o)
                0x00006420                DL_UART_setClockConfig
 .text.__libc_init_array
                0x00006434       0x44 C:/TI/gcc_arm_none_eabi_9_2_1/arm-none-eabi/lib/thumb/v6-m/nofp\libc.a(lib_a-init.o)
                0x00006434                __libc_init_array
 .text.memset   0x00006478       0xa8 C:/TI/gcc_arm_none_eabi_9_2_1/arm-none-eabi/lib/thumb/v6-m/nofp\libc.a(lib_a-memset.o)
                0x00006478                memset
 .text.printf   0x00006520       0x24 C:/TI/gcc_arm_none_eabi_9_2_1/arm-none-eabi/lib/thumb/v6-m/nofp\libc.a(lib_a-printf.o)
                0x00006520                printf
 .text._puts_r  0x00006544       0xa0 C:/TI/gcc_arm_none_eabi_9_2_1/arm-none-eabi/lib/thumb/v6-m/nofp\libc.a(lib_a-puts.o)
                0x00006544                _puts_r
 .text.puts     0x000065e4       0x14 C:/TI/gcc_arm_none_eabi_9_2_1/arm-none-eabi/lib/thumb/v6-m/nofp\libc.a(lib_a-puts.o)
                0x000065e4                puts
 .text.sscanf   0x000065f8       0x50 C:/TI/gcc_arm_none_eabi_9_2_1/arm-none-eabi/lib/thumb/v6-m/nofp\libc.a(lib_a-sscanf.o)
                0x000065f8                sscanf
 .text.__sread  0x00006648       0x28 C:/TI/gcc_arm_none_eabi_9_2_1/arm-none-eabi/lib/thumb/v6-m/nofp\libc.a(lib_a-stdio.o)
                0x00006648                __sread
 .text.__seofread
                0x00006670        0x4 C:/TI/gcc_arm_none_eabi_9_2_1/arm-none-eabi/lib/thumb/v6-m/nofp\libc.a(lib_a-stdio.o)
                0x00006670                __seofread
 .text.__swrite
                0x00006674       0x40 C:/TI/gcc_arm_none_eabi_9_2_1/arm-none-eabi/lib/thumb/v6-m/nofp\libc.a(lib_a-stdio.o)
                0x00006674                __swrite
 .text.__sseek  0x000066b4       0x2c C:/TI/gcc_arm_none_eabi_9_2_1/arm-none-eabi/lib/thumb/v6-m/nofp\libc.a(lib_a-stdio.o)
                0x000066b4                __sseek
 .text.__sclose
                0x000066e0        0xc C:/TI/gcc_arm_none_eabi_9_2_1/arm-none-eabi/lib/thumb/v6-m/nofp\libc.a(lib_a-stdio.o)
                0x000066e0                __sclose
 .text.strlen   0x000066ec       0x5c C:/TI/gcc_arm_none_eabi_9_2_1/arm-none-eabi/lib/thumb/v6-m/nofp\libc.a(lib_a-strlen-stub.o)
                0x000066ec                strlen
 .text.strncmp  0x00006748       0x68 C:/TI/gcc_arm_none_eabi_9_2_1/arm-none-eabi/lib/thumb/v6-m/nofp\libc.a(lib_a-strncmp.o)
                0x00006748                strncmp
 .text.__ssvfscanf_r
                0x000067b0     0x1864 C:/TI/gcc_arm_none_eabi_9_2_1/arm-none-eabi/lib/thumb/v6-m/nofp\libc.a(lib_a-svfscanf.o)
                0x000067b0                __ssvfscanf_r
 .text._vfprintf_r
                0x00008014     0x1c6c C:/TI/gcc_arm_none_eabi_9_2_1/arm-none-eabi/lib/thumb/v6-m/nofp\libc.a(lib_a-vfprintf.o)
                0x00008014                _vfprintf_r
 .text.__sbprintf
                0x00009c80       0x8c C:/TI/gcc_arm_none_eabi_9_2_1/arm-none-eabi/lib/thumb/v6-m/nofp\libc.a(lib_a-vfprintf.o)
 .text._vsnprintf_r
                0x00009d0c       0x70 C:/TI/gcc_arm_none_eabi_9_2_1/arm-none-eabi/lib/thumb/v6-m/nofp\libc.a(lib_a-vsnprintf.o)
                0x00009d0c                _vsnprintf_r
 .text.vsnprintf
                0x00009d7c       0x20 C:/TI/gcc_arm_none_eabi_9_2_1/arm-none-eabi/lib/thumb/v6-m/nofp\libc.a(lib_a-vsnprintf.o)
                0x00009d7c                vsnprintf
 .text._write_r
                0x00009d9c       0x28 C:/TI/gcc_arm_none_eabi_9_2_1/arm-none-eabi/lib/thumb/v6-m/nofp\libc.a(lib_a-writer.o)
                0x00009d9c                _write_r
 .text.__swsetup_r
                0x00009dc4       0xd4 C:/TI/gcc_arm_none_eabi_9_2_1/arm-none-eabi/lib/thumb/v6-m/nofp\libc.a(lib_a-wsetup.o)
                0x00009dc4                __swsetup_r
 .text._close_r
                0x00009e98       0x24 C:/TI/gcc_arm_none_eabi_9_2_1/arm-none-eabi/lib/thumb/v6-m/nofp\libc.a(lib_a-closer.o)
                0x00009e98                _close_r
 .text.quorem   0x00009ebc      0x148 C:/TI/gcc_arm_none_eabi_9_2_1/arm-none-eabi/lib/thumb/v6-m/nofp\libc.a(lib_a-dtoa.o)
 .text._dtoa_r  0x0000a004      0xfa0 C:/TI/gcc_arm_none_eabi_9_2_1/arm-none-eabi/lib/thumb/v6-m/nofp\libc.a(lib_a-dtoa.o)
                0x0000a004                _dtoa_r
 .text.__sflush_r
                0x0000afa4      0x140 C:/TI/gcc_arm_none_eabi_9_2_1/arm-none-eabi/lib/thumb/v6-m/nofp\libc.a(lib_a-fflush.o)
                0x0000afa4                __sflush_r
 .text._fflush_r
                0x0000b0e4       0x6c C:/TI/gcc_arm_none_eabi_9_2_1/arm-none-eabi/lib/thumb/v6-m/nofp\libc.a(lib_a-fflush.o)
                0x0000b0e4                _fflush_r
 .text.std      0x0000b150       0x50 C:/TI/gcc_arm_none_eabi_9_2_1/arm-none-eabi/lib/thumb/v6-m/nofp\libc.a(lib_a-findfp.o)
 .text._cleanup_r
                0x0000b1a0       0x10 C:/TI/gcc_arm_none_eabi_9_2_1/arm-none-eabi/lib/thumb/v6-m/nofp\libc.a(lib_a-findfp.o)
                0x0000b1a0                _cleanup_r
 .text.__sinit  0x0000b1b0       0x60 C:/TI/gcc_arm_none_eabi_9_2_1/arm-none-eabi/lib/thumb/v6-m/nofp\libc.a(lib_a-findfp.o)
                0x0000b1b0                __sinit
 .text.__sfp_lock_acquire
                0x0000b210       0x10 C:/TI/gcc_arm_none_eabi_9_2_1/arm-none-eabi/lib/thumb/v6-m/nofp\libc.a(lib_a-findfp.o)
                0x0000b210                __sfp_lock_acquire
 .text.__sfp_lock_release
                0x0000b220       0x10 C:/TI/gcc_arm_none_eabi_9_2_1/arm-none-eabi/lib/thumb/v6-m/nofp\libc.a(lib_a-findfp.o)
                0x0000b220                __sfp_lock_release
 .text._malloc_trim_r
                0x0000b230       0x9c C:/TI/gcc_arm_none_eabi_9_2_1/arm-none-eabi/lib/thumb/v6-m/nofp\libc.a(lib_a-freer.o)
                0x0000b230                _malloc_trim_r
 .text._free_r  0x0000b2cc      0x1c4 C:/TI/gcc_arm_none_eabi_9_2_1/arm-none-eabi/lib/thumb/v6-m/nofp\libc.a(lib_a-freer.o)
                0x0000b2cc                _free_r
 .text.__sfvwrite_r
                0x0000b490      0x2f0 C:/TI/gcc_arm_none_eabi_9_2_1/arm-none-eabi/lib/thumb/v6-m/nofp\libc.a(lib_a-fvwrite.o)
                0x0000b490                __sfvwrite_r
 .text._fwalk_reent
                0x0000b780       0x48 C:/TI/gcc_arm_none_eabi_9_2_1/arm-none-eabi/lib/thumb/v6-m/nofp\libc.a(lib_a-fwalk.o)
                0x0000b780                _fwalk_reent
 .text.iswspace
                0x0000b7c8        0xc C:/TI/gcc_arm_none_eabi_9_2_1/arm-none-eabi/lib/thumb/v6-m/nofp\libc.a(lib_a-iswspace.o)
                0x0000b7c8                iswspace
 .text.iswspace_l
                0x0000b7d4       0x18 C:/TI/gcc_arm_none_eabi_9_2_1/arm-none-eabi/lib/thumb/v6-m/nofp\libc.a(lib_a-iswspace_l.o)
                0x0000b7d4                iswspace_l
 .text.__locale_mb_cur_max
                0x0000b7ec       0x10 C:/TI/gcc_arm_none_eabi_9_2_1/arm-none-eabi/lib/thumb/v6-m/nofp\libc.a(lib_a-locale.o)
                0x0000b7ec                __locale_mb_cur_max
 .text._localeconv_r
                0x0000b7fc        0x8 C:/TI/gcc_arm_none_eabi_9_2_1/arm-none-eabi/lib/thumb/v6-m/nofp\libc.a(lib_a-localeconv.o)
                0x0000b7fc                _localeconv_r
 .text.__retarget_lock_init_recursive
                0x0000b804        0x4 C:/TI/gcc_arm_none_eabi_9_2_1/arm-none-eabi/lib/thumb/v6-m/nofp\libc.a(lib_a-lock.o)
                0x0000b804                __retarget_lock_init_recursive
 .text.__retarget_lock_close_recursive
                0x0000b808        0x4 C:/TI/gcc_arm_none_eabi_9_2_1/arm-none-eabi/lib/thumb/v6-m/nofp\libc.a(lib_a-lock.o)
                0x0000b808                __retarget_lock_close_recursive
 .text.__retarget_lock_acquire_recursive
                0x0000b80c        0x4 C:/TI/gcc_arm_none_eabi_9_2_1/arm-none-eabi/lib/thumb/v6-m/nofp\libc.a(lib_a-lock.o)
                0x0000b80c                __retarget_lock_acquire_recursive
 .text.__retarget_lock_release_recursive
                0x0000b810        0x4 C:/TI/gcc_arm_none_eabi_9_2_1/arm-none-eabi/lib/thumb/v6-m/nofp\libc.a(lib_a-lock.o)
                0x0000b810                __retarget_lock_release_recursive
 .text._lseek_r
                0x0000b814       0x28 C:/TI/gcc_arm_none_eabi_9_2_1/arm-none-eabi/lib/thumb/v6-m/nofp\libc.a(lib_a-lseekr.o)
                0x0000b814                _lseek_r
 .text.__swhatbuf_r
                0x0000b83c       0x60 C:/TI/gcc_arm_none_eabi_9_2_1/arm-none-eabi/lib/thumb/v6-m/nofp\libc.a(lib_a-makebuf.o)
                0x0000b83c                __swhatbuf_r
 .text.__smakebuf_r
                0x0000b89c       0x90 C:/TI/gcc_arm_none_eabi_9_2_1/arm-none-eabi/lib/thumb/v6-m/nofp\libc.a(lib_a-makebuf.o)
                0x0000b89c                __smakebuf_r
 .text.malloc   0x0000b92c       0x14 C:/TI/gcc_arm_none_eabi_9_2_1/arm-none-eabi/lib/thumb/v6-m/nofp\libc.a(lib_a-malloc.o)
                0x0000b92c                malloc
 .text.free     0x0000b940       0x14 C:/TI/gcc_arm_none_eabi_9_2_1/arm-none-eabi/lib/thumb/v6-m/nofp\libc.a(lib_a-malloc.o)
                0x0000b940                free
 .text._malloc_r
                0x0000b954      0x580 C:/TI/gcc_arm_none_eabi_9_2_1/arm-none-eabi/lib/thumb/v6-m/nofp\libc.a(lib_a-mallocr.o)
                0x0000b954                _malloc_r
 .text._mbrtowc_r
                0x0000bed4       0x4c C:/TI/gcc_arm_none_eabi_9_2_1/arm-none-eabi/lib/thumb/v6-m/nofp\libc.a(lib_a-mbrtowc.o)
                0x0000bed4                _mbrtowc_r
 .text.__ascii_mbtowc
                0x0000bf20       0x2c C:/TI/gcc_arm_none_eabi_9_2_1/arm-none-eabi/lib/thumb/v6-m/nofp\libc.a(lib_a-mbtowc_r.o)
                0x0000bf20                __ascii_mbtowc
 .text.memchr   0x0000bf4c       0x74 C:/TI/gcc_arm_none_eabi_9_2_1/arm-none-eabi/lib/thumb/v6-m/nofp\libc.a(lib_a-memchr-stub.o)
                0x0000bf4c                memchr
 .text.memcpy   0x0000bfc0       0xa4 C:/TI/gcc_arm_none_eabi_9_2_1/arm-none-eabi/lib/thumb/v6-m/nofp\libc.a(lib_a-memcpy-stub.o)
                0x0000bfc0                memcpy
 .text.memmove  0x0000c064       0xb8 C:/TI/gcc_arm_none_eabi_9_2_1/arm-none-eabi/lib/thumb/v6-m/nofp\libc.a(lib_a-memmove.o)
                0x0000c064                memmove
 .text.__malloc_lock
                0x0000c11c       0x10 C:/TI/gcc_arm_none_eabi_9_2_1/arm-none-eabi/lib/thumb/v6-m/nofp\libc.a(lib_a-mlock.o)
                0x0000c11c                __malloc_lock
 .text.__malloc_unlock
                0x0000c12c       0x10 C:/TI/gcc_arm_none_eabi_9_2_1/arm-none-eabi/lib/thumb/v6-m/nofp\libc.a(lib_a-mlock.o)
                0x0000c12c                __malloc_unlock
 .text._Balloc  0x0000c13c       0x50 C:/TI/gcc_arm_none_eabi_9_2_1/arm-none-eabi/lib/thumb/v6-m/nofp\libc.a(lib_a-mprec.o)
                0x0000c13c                _Balloc
 .text._Bfree   0x0000c18c       0x14 C:/TI/gcc_arm_none_eabi_9_2_1/arm-none-eabi/lib/thumb/v6-m/nofp\libc.a(lib_a-mprec.o)
                0x0000c18c                _Bfree
 .text.__multadd
                0x0000c1a0       0x84 C:/TI/gcc_arm_none_eabi_9_2_1/arm-none-eabi/lib/thumb/v6-m/nofp\libc.a(lib_a-mprec.o)
                0x0000c1a0                __multadd
 .text.__s2b    0x0000c224       0x98 C:/TI/gcc_arm_none_eabi_9_2_1/arm-none-eabi/lib/thumb/v6-m/nofp\libc.a(lib_a-mprec.o)
                0x0000c224                __s2b
 .text.__hi0bits
                0x0000c2bc       0x38 C:/TI/gcc_arm_none_eabi_9_2_1/arm-none-eabi/lib/thumb/v6-m/nofp\libc.a(lib_a-mprec.o)
                0x0000c2bc                __hi0bits
 .text.__lo0bits
                0x0000c2f4       0x5c C:/TI/gcc_arm_none_eabi_9_2_1/arm-none-eabi/lib/thumb/v6-m/nofp\libc.a(lib_a-mprec.o)
                0x0000c2f4                __lo0bits
 .text.__i2b    0x0000c350       0x14 C:/TI/gcc_arm_none_eabi_9_2_1/arm-none-eabi/lib/thumb/v6-m/nofp\libc.a(lib_a-mprec.o)
                0x0000c350                __i2b
 .text.__multiply
                0x0000c364      0x18c C:/TI/gcc_arm_none_eabi_9_2_1/arm-none-eabi/lib/thumb/v6-m/nofp\libc.a(lib_a-mprec.o)
                0x0000c364                __multiply
 .text.__pow5mult
                0x0000c4f0       0xc0 C:/TI/gcc_arm_none_eabi_9_2_1/arm-none-eabi/lib/thumb/v6-m/nofp\libc.a(lib_a-mprec.o)
                0x0000c4f0                __pow5mult
 .text.__lshift
                0x0000c5b0       0xec C:/TI/gcc_arm_none_eabi_9_2_1/arm-none-eabi/lib/thumb/v6-m/nofp\libc.a(lib_a-mprec.o)
                0x0000c5b0                __lshift
 .text.__mcmp   0x0000c69c       0x38 C:/TI/gcc_arm_none_eabi_9_2_1/arm-none-eabi/lib/thumb/v6-m/nofp\libc.a(lib_a-mprec.o)
                0x0000c69c                __mcmp
 .text.__mdiff  0x0000c6d4      0x154 C:/TI/gcc_arm_none_eabi_9_2_1/arm-none-eabi/lib/thumb/v6-m/nofp\libc.a(lib_a-mprec.o)
                0x0000c6d4                __mdiff
 .text.__ulp    0x0000c828       0x48 C:/TI/gcc_arm_none_eabi_9_2_1/arm-none-eabi/lib/thumb/v6-m/nofp\libc.a(lib_a-mprec.o)
                0x0000c828                __ulp
 .text.__b2d    0x0000c870       0xc8 C:/TI/gcc_arm_none_eabi_9_2_1/arm-none-eabi/lib/thumb/v6-m/nofp\libc.a(lib_a-mprec.o)
                0x0000c870                __b2d
 .text.__d2b    0x0000c938       0xbc C:/TI/gcc_arm_none_eabi_9_2_1/arm-none-eabi/lib/thumb/v6-m/nofp\libc.a(lib_a-mprec.o)
                0x0000c938                __d2b
 .text.__ratio  0x0000c9f4       0x68 C:/TI/gcc_arm_none_eabi_9_2_1/arm-none-eabi/lib/thumb/v6-m/nofp\libc.a(lib_a-mprec.o)
                0x0000c9f4                __ratio
 .text.__copybits
                0x0000ca5c       0x40 C:/TI/gcc_arm_none_eabi_9_2_1/arm-none-eabi/lib/thumb/v6-m/nofp\libc.a(lib_a-mprec.o)
                0x0000ca5c                __copybits
 .text.__any_on
                0x0000ca9c       0x50 C:/TI/gcc_arm_none_eabi_9_2_1/arm-none-eabi/lib/thumb/v6-m/nofp\libc.a(lib_a-mprec.o)
                0x0000ca9c                __any_on
 .text._read_r  0x0000caec       0x28 C:/TI/gcc_arm_none_eabi_9_2_1/arm-none-eabi/lib/thumb/v6-m/nofp\libc.a(lib_a-readr.o)
                0x0000caec                _read_r
 .text.realloc  0x0000cb14       0x18 C:/TI/gcc_arm_none_eabi_9_2_1/arm-none-eabi/lib/thumb/v6-m/nofp\libc.a(lib_a-realloc.o)
                0x0000cb14                realloc
 .text._realloc_r
                0x0000cb2c      0x358 C:/TI/gcc_arm_none_eabi_9_2_1/arm-none-eabi/lib/thumb/v6-m/nofp\libc.a(lib_a-reallocr.o)
                0x0000cb2c                _realloc_r
 .text.frexp    0x0000ce84       0x64 C:/TI/gcc_arm_none_eabi_9_2_1/arm-none-eabi/lib/thumb/v6-m/nofp\libc.a(lib_a-s_frexp.o)
                0x0000ce84                frexp
 .text._sbrk_r  0x0000cee8       0x24 C:/TI/gcc_arm_none_eabi_9_2_1/arm-none-eabi/lib/thumb/v6-m/nofp\libc.a(lib_a-sbrkr.o)
                0x0000cee8                _sbrk_r
 .text.__sccl   0x0000cf0c       0x80 C:/TI/gcc_arm_none_eabi_9_2_1/arm-none-eabi/lib/thumb/v6-m/nofp\libc.a(lib_a-sccl.o)
                0x0000cf0c                __sccl
 .text.nanf     0x0000cf8c        0x8 C:/TI/gcc_arm_none_eabi_9_2_1/arm-none-eabi/lib/thumb/v6-m/nofp\libc.a(lib_a-sf_nan.o)
                0x0000cf8c                nanf
 .text.sprintf  0x0000cf94       0x40 C:/TI/gcc_arm_none_eabi_9_2_1/arm-none-eabi/lib/thumb/v6-m/nofp\libc.a(lib_a-sprintf.o)
                0x0000cf94                sprintf
 .text.strncpy  0x0000cfd4       0x6c C:/TI/gcc_arm_none_eabi_9_2_1/arm-none-eabi/lib/thumb/v6-m/nofp\libc.a(lib_a-strncpy.o)
                0x0000cfd4                strncpy
 .text.sulp     0x0000d040       0x30 C:/TI/gcc_arm_none_eabi_9_2_1/arm-none-eabi/lib/thumb/v6-m/nofp\libc.a(lib_a-strtod.o)
 .text._strtod_l
                0x0000d070      0xeb8 C:/TI/gcc_arm_none_eabi_9_2_1/arm-none-eabi/lib/thumb/v6-m/nofp\libc.a(lib_a-strtod.o)
                0x0000d070                _strtod_l
 .text._strtod_r
                0x0000df28       0x10 C:/TI/gcc_arm_none_eabi_9_2_1/arm-none-eabi/lib/thumb/v6-m/nofp\libc.a(lib_a-strtod.o)
                0x0000df28                _strtod_r
 .text._strtol_l.isra.0
                0x0000df38      0x13c C:/TI/gcc_arm_none_eabi_9_2_1/arm-none-eabi/lib/thumb/v6-m/nofp\libc.a(lib_a-strtol.o)
 .text._strtol_r
                0x0000e074        0x8 C:/TI/gcc_arm_none_eabi_9_2_1/arm-none-eabi/lib/thumb/v6-m/nofp\libc.a(lib_a-strtol.o)
                0x0000e074                _strtol_r
 .text._strtoll_l.isra.0
                0x0000e07c      0x198 C:/TI/gcc_arm_none_eabi_9_2_1/arm-none-eabi/lib/thumb/v6-m/nofp\libc.a(lib_a-strtoll.o)
 .text._strtoll_r
                0x0000e214        0x8 C:/TI/gcc_arm_none_eabi_9_2_1/arm-none-eabi/lib/thumb/v6-m/nofp\libc.a(lib_a-strtoll.o)
                0x0000e214                _strtoll_r
 .text._strtoul_l.isra.0
                0x0000e21c      0x148 C:/TI/gcc_arm_none_eabi_9_2_1/arm-none-eabi/lib/thumb/v6-m/nofp\libc.a(lib_a-strtoul.o)
 .text._strtoul_r
                0x0000e364        0x8 C:/TI/gcc_arm_none_eabi_9_2_1/arm-none-eabi/lib/thumb/v6-m/nofp\libc.a(lib_a-strtoul.o)
                0x0000e364                _strtoul_r
 .text._strtoull_l.isra.0
                0x0000e36c      0x1bc C:/TI/gcc_arm_none_eabi_9_2_1/arm-none-eabi/lib/thumb/v6-m/nofp\libc.a(lib_a-strtoull.o)
 .text._strtoull_r
                0x0000e528        0x8 C:/TI/gcc_arm_none_eabi_9_2_1/arm-none-eabi/lib/thumb/v6-m/nofp\libc.a(lib_a-strtoull.o)
                0x0000e528                _strtoull_r
 .text._sungetc_r
                0x0000e530       0x84 C:/TI/gcc_arm_none_eabi_9_2_1/arm-none-eabi/lib/thumb/v6-m/nofp\libc.a(lib_a-svfiscanf.o)
                0x0000e530                _sungetc_r
 .text.__ssrefill_r
                0x0000e5b4       0x40 C:/TI/gcc_arm_none_eabi_9_2_1/arm-none-eabi/lib/thumb/v6-m/nofp\libc.a(lib_a-svfiscanf.o)
                0x0000e5b4                __ssrefill_r
 .text._sfread_r
                0x0000e5f4       0x90 C:/TI/gcc_arm_none_eabi_9_2_1/arm-none-eabi/lib/thumb/v6-m/nofp\libc.a(lib_a-svfiscanf.o)
                0x0000e5f4                _sfread_r
 .text._svfprintf_r
                0x0000e684     0x1c08 C:/TI/gcc_arm_none_eabi_9_2_1/arm-none-eabi/lib/thumb/v6-m/nofp\libc.a(lib_a-svfprintf.o)
                0x0000e684                _svfprintf_r
 .text.__submore
                0x0001028c       0x84 C:/TI/gcc_arm_none_eabi_9_2_1/arm-none-eabi/lib/thumb/v6-m/nofp\libc.a(lib_a-ungetc.o)
                0x0001028c                __submore
 .text.__sprint_r.part.0
                0x00010310       0x88 C:/TI/gcc_arm_none_eabi_9_2_1/arm-none-eabi/lib/thumb/v6-m/nofp\libc.a(lib_a-vfiprintf.o)
 .text.__sprint_r
                0x00010398       0x14 C:/TI/gcc_arm_none_eabi_9_2_1/arm-none-eabi/lib/thumb/v6-m/nofp\libc.a(lib_a-vfiprintf.o)
                0x00010398                __sprint_r
 .text.__ascii_wctomb
                0x000103ac       0x1c C:/TI/gcc_arm_none_eabi_9_2_1/arm-none-eabi/lib/thumb/v6-m/nofp\libc.a(lib_a-wctomb_r.o)
                0x000103ac                __ascii_wctomb
 .text._calloc_r
                0x000103c8       0x5c C:/TI/gcc_arm_none_eabi_9_2_1/arm-none-eabi/lib/thumb/v6-m/nofp\libc.a(lib_a-callocr.o)
                0x000103c8                _calloc_r
 .text._fclose_r
                0x00010424       0xdc C:/TI/gcc_arm_none_eabi_9_2_1/arm-none-eabi/lib/thumb/v6-m/nofp\libc.a(lib_a-fclose.o)
                0x00010424                _fclose_r
 .text.__fputwc
                0x00010500       0x98 C:/TI/gcc_arm_none_eabi_9_2_1/arm-none-eabi/lib/thumb/v6-m/nofp\libc.a(lib_a-fputwc.o)
                0x00010500                __fputwc
 .text._fputwc_r
                0x00010598       0x5c C:/TI/gcc_arm_none_eabi_9_2_1/arm-none-eabi/lib/thumb/v6-m/nofp\libc.a(lib_a-fputwc.o)
                0x00010598                _fputwc_r
 .text._fstat_r
                0x000105f4       0x28 C:/TI/gcc_arm_none_eabi_9_2_1/arm-none-eabi/lib/thumb/v6-m/nofp\libc.a(lib_a-fstatr.o)
                0x000105f4                _fstat_r
 .text.rshift   0x0001061c       0xa4 C:/TI/gcc_arm_none_eabi_9_2_1/arm-none-eabi/lib/thumb/v6-m/nofp\libc.a(lib_a-gdtoa-gethex.o)
 .text.__gethex
                0x000106c0      0x548 C:/TI/gcc_arm_none_eabi_9_2_1/arm-none-eabi/lib/thumb/v6-m/nofp\libc.a(lib_a-gdtoa-gethex.o)
                0x000106c0                __gethex
 .text.__match  0x00010c08       0x2c C:/TI/gcc_arm_none_eabi_9_2_1/arm-none-eabi/lib/thumb/v6-m/nofp\libc.a(lib_a-gdtoa-hexnan.o)
                0x00010c08                __match
 .text.__hexnan
                0x00010c34      0x1d0 C:/TI/gcc_arm_none_eabi_9_2_1/arm-none-eabi/lib/thumb/v6-m/nofp\libc.a(lib_a-gdtoa-hexnan.o)
                0x00010c34                __hexnan
 .text._isatty_r
                0x00010e04       0x24 C:/TI/gcc_arm_none_eabi_9_2_1/arm-none-eabi/lib/thumb/v6-m/nofp\libc.a(lib_a-isattyr.o)
                0x00010e04                _isatty_r
 .text.nan      0x00010e28        0xc C:/TI/gcc_arm_none_eabi_9_2_1/arm-none-eabi/lib/thumb/v6-m/nofp\libc.a(lib_a-s_nan.o)
                0x00010e28                nan
 .text.__ssprint_r
                0x00010e34      0x114 C:/TI/gcc_arm_none_eabi_9_2_1/arm-none-eabi/lib/thumb/v6-m/nofp\libc.a(lib_a-svfiprintf.o)
                0x00010e34                __ssprint_r
 .text.__swbuf_r
                0x00010f48       0xc8 C:/TI/gcc_arm_none_eabi_9_2_1/arm-none-eabi/lib/thumb/v6-m/nofp\libc.a(lib_a-wbuf.o)
                0x00010f48                __swbuf_r
 .text._wcrtomb_r
                0x00011010       0x40 C:/TI/gcc_arm_none_eabi_9_2_1/arm-none-eabi/lib/thumb/v6-m/nofp\libc.a(lib_a-wcrtomb.o)
                0x00011010                _wcrtomb_r
 .text.asin     0x00011050       0xbc C:/TI/gcc_arm_none_eabi_9_2_1/arm-none-eabi/lib/thumb/v6-m/nofp\libm.a(lib_a-w_asin.o)
                0x00011050                asin
 .text.atan2    0x0001110c        0x8 C:/TI/gcc_arm_none_eabi_9_2_1/arm-none-eabi/lib/thumb/v6-m/nofp\libm.a(lib_a-w_atan2.o)
                0x0001110c                atan2
 .text.__ieee754_asin
                0x00011114      0x3e8 C:/TI/gcc_arm_none_eabi_9_2_1/arm-none-eabi/lib/thumb/v6-m/nofp\libm.a(lib_a-e_asin.o)
                0x00011114                __ieee754_asin
 .text.__ieee754_atan2
                0x000114fc      0x174 C:/TI/gcc_arm_none_eabi_9_2_1/arm-none-eabi/lib/thumb/v6-m/nofp\libm.a(lib_a-e_atan2.o)
                0x000114fc                __ieee754_atan2
 .text.__ieee754_sqrt
                0x00011670      0x1b0 C:/TI/gcc_arm_none_eabi_9_2_1/arm-none-eabi/lib/thumb/v6-m/nofp\libm.a(lib_a-e_sqrt.o)
                0x00011670                __ieee754_sqrt
 .text.atan     0x00011820      0x338 C:/TI/gcc_arm_none_eabi_9_2_1/arm-none-eabi/lib/thumb/v6-m/nofp\libm.a(lib_a-s_atan.o)
                0x00011820                atan
 .text.fabs     0x00011b58        0x8 C:/TI/gcc_arm_none_eabi_9_2_1/arm-none-eabi/lib/thumb/v6-m/nofp\libm.a(lib_a-s_fabs.o)
                0x00011b58                fabs
 .text.matherr  0x00011b60        0x4 C:/TI/gcc_arm_none_eabi_9_2_1/arm-none-eabi/lib/thumb/v6-m/nofp\libm.a(lib_a-s_matherr.o)
                0x00011b60                matherr
 .text.__errno  0x00011b64        0xc C:/TI/gcc_arm_none_eabi_9_2_1/arm-none-eabi/lib/thumb/v6-m/nofp\libg.a(lib_a-errno.o)
                0x00011b64                __errno
 .text._close   0x00011b70       0x10 C:/TI/gcc_arm_none_eabi_9_2_1/arm-none-eabi/lib/thumb/v6-m/nofp\libnosys.a(close.o)
                0x00011b70                _close
 .text._fstat   0x00011b80       0x10 C:/TI/gcc_arm_none_eabi_9_2_1/arm-none-eabi/lib/thumb/v6-m/nofp\libnosys.a(fstat.o)
                0x00011b80                _fstat
 .text._isatty  0x00011b90       0x10 C:/TI/gcc_arm_none_eabi_9_2_1/arm-none-eabi/lib/thumb/v6-m/nofp\libnosys.a(isatty.o)
                0x00011b90                _isatty
 .text._lseek   0x00011ba0       0x10 C:/TI/gcc_arm_none_eabi_9_2_1/arm-none-eabi/lib/thumb/v6-m/nofp\libnosys.a(lseek.o)
                0x00011ba0                _lseek
 .text._read    0x00011bb0       0x10 C:/TI/gcc_arm_none_eabi_9_2_1/arm-none-eabi/lib/thumb/v6-m/nofp\libnosys.a(read.o)
                0x00011bb0                _read
 .text._sbrk    0x00011bc0       0x1c C:/TI/gcc_arm_none_eabi_9_2_1/arm-none-eabi/lib/thumb/v6-m/nofp\libnosys.a(sbrk.o)
                0x00011bc0                _sbrk
 .text._write   0x00011bdc       0x10 C:/TI/gcc_arm_none_eabi_9_2_1/arm-none-eabi/lib/thumb/v6-m/nofp\libnosys.a(write.o)
                0x00011bdc                _write
                0x00011bf0                . = ALIGN (0x8)
 *fill*         0x00011bec        0x4 
 *(.ctors)
                0x00011bf0                . = ALIGN (0x8)
 *(.dtors)
                0x00011bf0                . = ALIGN (0x8)
 *(.init)
                0x00011bf0                . = ALIGN (0x8)
 *(.fini*)
                0x00011bf0                . = ALIGN (0x8)

.glue_7         0x00011bf0        0x0
 .glue_7        0x00011bf0        0x0 linker stubs

.glue_7t        0x00011bf0        0x0
 .glue_7t       0x00011bf0        0x0 linker stubs

.vfp11_veneer   0x00011bf0        0x0
 .vfp11_veneer  0x00011bf0        0x0 linker stubs

.v4_bx          0x00011bf0        0x0
 .v4_bx         0x00011bf0        0x0 linker stubs

.iplt           0x00011bf0        0x0
 .iplt          0x00011bf0        0x0 ./empty.o

.ramfunc        0x20200000        0x0 load address 0x00011bf0
                0x00011bf0                __ramfunct_load__ = LOADADDR (.ramfunc)
                0x20200000                __ramfunct_start__ = .
 *(.ramfunc)
                0x20200000                . = ALIGN (0x8)
                0x20200000                __ramfunct_end__ = .

.rodata         0x00011bf0     0x1a50
 *(.rodata)
 .rodata        0x00011bf0       0x80 c:/ti/gcc_arm_none_eabi_9_2_1/bin/../lib/gcc/arm-none-eabi/9.2.1/thumb/v6-m/nofp\libgcc.a(divsf3.o)
 .rodata        0x00011c70       0x40 c:/ti/gcc_arm_none_eabi_9_2_1/bin/../lib/gcc/arm-none-eabi/9.2.1/thumb/v6-m/nofp\libgcc.a(mulsf3.o)
 .rodata        0x00011cb0       0x40 c:/ti/gcc_arm_none_eabi_9_2_1/bin/../lib/gcc/arm-none-eabi/9.2.1/thumb/v6-m/nofp\libgcc.a(divdf3.o)
 .rodata        0x00011cf0       0x40 c:/ti/gcc_arm_none_eabi_9_2_1/bin/../lib/gcc/arm-none-eabi/9.2.1/thumb/v6-m/nofp\libgcc.a(muldf3.o)
                0x00011d30                . = ALIGN (0x8)
 *(.rodata.*)
 .rodata.main.str1.4
                0x00011d30      0x195 ./empty.o
 *fill*         0x00011ec5        0x3 
 .rodata.gENC_LClockConfig
                0x00011ec8        0x3 ./ti_msp_dl_config.o
 *fill*         0x00011ecb        0x1 
 .rodata.gI2C_0ClockConfig
                0x00011ecc        0x2 ./ti_msp_dl_config.o
 *fill*         0x00011ece        0x2 
 .rodata.gI2C_OLEDClockConfig
                0x00011ed0        0x2 ./ti_msp_dl_config.o
 *fill*         0x00011ed2        0x2 
 .rodata.gPWM_MOTORClockConfig
                0x00011ed4        0x3 ./ti_msp_dl_config.o
 *fill*         0x00011ed7        0x1 
 .rodata.gPWM_MOTORConfig
                0x00011ed8        0x8 ./ti_msp_dl_config.o
 .rodata.gTIMER_0ClockConfig
                0x00011ee0        0x3 ./ti_msp_dl_config.o
 *fill*         0x00011ee3        0x1 
 .rodata.gTIMER_0TimerConfig
                0x00011ee4       0x14 ./ti_msp_dl_config.o
 .rodata.gUART_0ClockConfig
                0x00011ef8        0x2 ./ti_msp_dl_config.o
 *fill*         0x00011efa        0x2 
 .rodata.gUART_0Config
                0x00011efc        0xa ./ti_msp_dl_config.o
 *fill*         0x00011f06        0x2 
 .rodata.print_error.part.0.str1.4
                0x00011f08       0x86 ./ICM45686/icm45686.o
 *fill*         0x00011f8e        0x2 
 .rodata.setup_imu.str1.4
                0x00011f90       0x84 ./ICM45686/icm45686.o
 .rodata.IMU_init.str1.4
                0x00012014        0xd ./IMU/IMU.o
 *fill*         0x00012021        0x3 
 .rodata.enc_table
                0x00012024       0x10 ./Motor/Motor.o
 .rodata.OLED_CF16x16
                0x00012034      0x103 ./OLED/OLED_Font.o
                0x00012034                OLED_CF16x16
 *fill*         0x00012137        0x1 
 .rodata.OLED_F6x8
                0x00012138      0x23a ./OLED/OLED_Font.o
                0x00012138                OLED_F6x8
 *fill*         0x00012372        0x2 
 .rodata.OLED_F8x16
                0x00012374      0x5f0 ./OLED/OLED_Font.o
                0x00012374                OLED_F8x16
 .rodata.pos.15269
                0x00012964       0x20 ./Track/Track.o
 .rodata.DL_Timer_initTimerMode
                0x00012984       0x8c D:/ti/ccs2051/mspm0_sdk_2_10_00_04/source\ti/driverlib/lib/gcc/m0p/mspm0g1x0x_g3x0x/driverlib.a(dl_timer.o)
 .rodata._puts_r.str1.4
                0x00012a10        0xd C:/TI/gcc_arm_none_eabi_9_2_1/arm-none-eabi/lib/thumb/v6-m/nofp\libc.a(lib_a-puts.o)
                                  0x2 (size before relaxing)
 .rodata.__ssvfscanf_r.str1.4
                0x00012a10        0x5 C:/TI/gcc_arm_none_eabi_9_2_1/arm-none-eabi/lib/thumb/v6-m/nofp\libc.a(lib_a-svfscanf.o)
                                  0x9 (size before relaxing)
 *fill*         0x00012a15        0x3 
 .rodata.__ssvfscanf_r
                0x00012a18      0x3cc C:/TI/gcc_arm_none_eabi_9_2_1/arm-none-eabi/lib/thumb/v6-m/nofp\libc.a(lib_a-svfscanf.o)
 .rodata.basefix.7414
                0x00012de4       0x22 C:/TI/gcc_arm_none_eabi_9_2_1/arm-none-eabi/lib/thumb/v6-m/nofp\libc.a(lib_a-svfscanf.o)
 *fill*         0x00012e06        0x2 
 .rodata._vfprintf_r.str1.4
                0x00012e08       0x42 C:/TI/gcc_arm_none_eabi_9_2_1/arm-none-eabi/lib/thumb/v6-m/nofp\libc.a(lib_a-vfprintf.o)
 *fill*         0x00012e4a        0x2 
 .rodata._vfprintf_r
                0x00012e4c      0x16c C:/TI/gcc_arm_none_eabi_9_2_1/arm-none-eabi/lib/thumb/v6-m/nofp\libc.a(lib_a-vfprintf.o)
 .rodata.blanks.7360
                0x00012fb8       0x10 C:/TI/gcc_arm_none_eabi_9_2_1/arm-none-eabi/lib/thumb/v6-m/nofp\libc.a(lib_a-vfprintf.o)
 .rodata.zeroes.7361
                0x00012fc8       0x10 C:/TI/gcc_arm_none_eabi_9_2_1/arm-none-eabi/lib/thumb/v6-m/nofp\libc.a(lib_a-vfprintf.o)
 .rodata._ctype_
                0x00012fd8      0x101 C:/TI/gcc_arm_none_eabi_9_2_1/arm-none-eabi/lib/thumb/v6-m/nofp\libc.a(lib_a-ctype_.o)
                0x00012fd8                _ctype_
 *fill*         0x000130d9        0x3 
 .rodata._dtoa_r.str1.4
                0x000130dc        0xd C:/TI/gcc_arm_none_eabi_9_2_1/arm-none-eabi/lib/thumb/v6-m/nofp\libc.a(lib_a-dtoa.o)
                                 0x12 (size before relaxing)
 *fill*         0x000130e9        0x3 
 .rodata._setlocale_r.str1.4
                0x000130ec        0xa C:/TI/gcc_arm_none_eabi_9_2_1/arm-none-eabi/lib/thumb/v6-m/nofp\libc.a(lib_a-locale.o)
                                  0xd (size before relaxing)
 *fill*         0x000130f6        0x2 
 .rodata.str1.4
                0x000130f8        0x2 C:/TI/gcc_arm_none_eabi_9_2_1/arm-none-eabi/lib/thumb/v6-m/nofp\libc.a(lib_a-locale.o)
 .rodata._mbrtowc_r.str1.4
                0x000130fa        0x1 C:/TI/gcc_arm_none_eabi_9_2_1/arm-none-eabi/lib/thumb/v6-m/nofp\libc.a(lib_a-mbrtowc.o)
 *fill*         0x000130fa        0x6 
 .rodata.__mprec_bigtens
                0x00013100       0x28 C:/TI/gcc_arm_none_eabi_9_2_1/arm-none-eabi/lib/thumb/v6-m/nofp\libc.a(lib_a-mprec.o)
                0x00013100                __mprec_bigtens
 .rodata.__mprec_tens
                0x00013128       0xc8 C:/TI/gcc_arm_none_eabi_9_2_1/arm-none-eabi/lib/thumb/v6-m/nofp\libc.a(lib_a-mprec.o)
                0x00013128                __mprec_tens
 .rodata.p05.6115
                0x000131f0        0xc C:/TI/gcc_arm_none_eabi_9_2_1/arm-none-eabi/lib/thumb/v6-m/nofp\libc.a(lib_a-mprec.o)
 .rodata._strtod_l.str1.4
                0x000131fc        0xf C:/TI/gcc_arm_none_eabi_9_2_1/arm-none-eabi/lib/thumb/v6-m/nofp\libc.a(lib_a-strtod.o)
                                 0x11 (size before relaxing)
 *fill*         0x0001320b        0x1 
 .rodata._strtod_l
                0x0001320c       0xd4 C:/TI/gcc_arm_none_eabi_9_2_1/arm-none-eabi/lib/thumb/v6-m/nofp\libc.a(lib_a-strtod.o)
 .rodata.fpi.6195
                0x000132e0       0x14 C:/TI/gcc_arm_none_eabi_9_2_1/arm-none-eabi/lib/thumb/v6-m/nofp\libc.a(lib_a-strtod.o)
 .rodata.fpinan.6231
                0x000132f4       0x14 C:/TI/gcc_arm_none_eabi_9_2_1/arm-none-eabi/lib/thumb/v6-m/nofp\libc.a(lib_a-strtod.o)
 .rodata.tinytens
                0x00013308       0x28 C:/TI/gcc_arm_none_eabi_9_2_1/arm-none-eabi/lib/thumb/v6-m/nofp\libc.a(lib_a-strtod.o)
 .rodata._svfprintf_r.str1.4
                0x00013330       0x42 C:/TI/gcc_arm_none_eabi_9_2_1/arm-none-eabi/lib/thumb/v6-m/nofp\libc.a(lib_a-svfprintf.o)
 .rodata._svfprintf_r
                0x00013330      0x16c C:/TI/gcc_arm_none_eabi_9_2_1/arm-none-eabi/lib/thumb/v6-m/nofp\libc.a(lib_a-svfprintf.o)
 .rodata.blanks.7345
                0x0001349c       0x10 C:/TI/gcc_arm_none_eabi_9_2_1/arm-none-eabi/lib/thumb/v6-m/nofp\libc.a(lib_a-svfprintf.o)
 .rodata.zeroes.7346
                0x000134ac       0x10 C:/TI/gcc_arm_none_eabi_9_2_1/arm-none-eabi/lib/thumb/v6-m/nofp\libc.a(lib_a-svfprintf.o)
 .rodata.__hexdig
                0x000134bc      0x100 C:/TI/gcc_arm_none_eabi_9_2_1/arm-none-eabi/lib/thumb/v6-m/nofp\libc.a(lib_a-gdtoa-gethex.o)
                0x000134bc                __hexdig
 .rodata.str1.4
                0x000135bc        0x5 C:/TI/gcc_arm_none_eabi_9_2_1/arm-none-eabi/lib/thumb/v6-m/nofp\libc.a(lib_a-lnumeric.o)
 .rodata._C_numeric_locale
                0x000135bc        0xc C:/TI/gcc_arm_none_eabi_9_2_1/arm-none-eabi/lib/thumb/v6-m/nofp\libc.a(lib_a-lnumeric.o)
                0x000135bc                _C_numeric_locale
 .rodata.asin.str1.4
                0x000135c8        0x5 C:/TI/gcc_arm_none_eabi_9_2_1/arm-none-eabi/lib/thumb/v6-m/nofp\libm.a(lib_a-w_asin.o)
                                  0x9 (size before relaxing)
 *fill*         0x000135cd        0x3 
 .rodata.CSWTCH.8
                0x000135d0       0x18 C:/TI/gcc_arm_none_eabi_9_2_1/arm-none-eabi/lib/thumb/v6-m/nofp\libm.a(lib_a-e_atan2.o)
 .rodata.CSWTCH.9
                0x000135e8       0x18 C:/TI/gcc_arm_none_eabi_9_2_1/arm-none-eabi/lib/thumb/v6-m/nofp\libm.a(lib_a-e_atan2.o)
 .rodata.atanhi
                0x00013600       0x20 C:/TI/gcc_arm_none_eabi_9_2_1/arm-none-eabi/lib/thumb/v6-m/nofp\libm.a(lib_a-s_atan.o)
 .rodata.atanlo
                0x00013620       0x20 C:/TI/gcc_arm_none_eabi_9_2_1/arm-none-eabi/lib/thumb/v6-m/nofp\libm.a(lib_a-s_atan.o)
                0x00013640                . = ALIGN (0x8)

.preinit_array  0x00013640        0x0
                0x00013640                PROVIDE (__preinit_array_start = .)
 *(.preinit_array*)
                0x00013640                PROVIDE (__preinit_array_end = .)

.init_array     0x00013640        0x0
                0x00013640                . = ALIGN (0x8)
                0x00013640                PROVIDE (__init_array_start = .)
 *(SORT_BY_NAME(.init_array.*))
 *(.init_array*)
                0x00013640                PROVIDE (__init_array_end = .)

.fini_array     0x00013640        0x0
                0x00013640                . = ALIGN (0x8)
                [!provide]                PROVIDE (__fini_array_start = .)
 *(SORT_BY_NAME(.fini_array.*))
 *(.fini_array*)
                [!provide]                PROVIDE (__fini_array_end = .)
                0x00013640                . = ALIGN (0x8)

.ARM.exidx      0x00013640        0x8
                0x00013640                __exidx_start = .
 *(.ARM.exidx* .gnu.linkonce.armexidx.*)
 .ARM.exidx     0x00013640        0x8 c:/ti/gcc_arm_none_eabi_9_2_1/bin/../lib/gcc/arm-none-eabi/9.2.1/thumb/v6-m/nofp\libgcc.a(_udivmoddi4.o)
                0x00013648                __exidx_end = .

.ARM.extab      0x00013648        0x0
                0x00013648                . = ALIGN (0x8)
 *(.ARM.extab* .gnu.linkonce.armextab.*)
 .ARM.extab     0x00013648        0x0 c:/ti/gcc_arm_none_eabi_9_2_1/bin/../lib/gcc/arm-none-eabi/9.2.1/thumb/v6-m/nofp\libgcc.a(_udivmoddi4.o)
                0x00013648                . = ALIGN (0x8)
                0x00013648                __etext = .

.rel.dyn        0x00013648        0x0
 .rel.iplt      0x00013648        0x0 ./empty.o

.data           0x20200000      0x9b8 load address 0x00013648
                0x00013648                __data_load__ = LOADADDR (.data)
                0x20200000                __data_start__ = .
 *(.data)
 .data          0x20200000        0x0 ./empty.o
 .data          0x20200000        0x0 ./ti_msp_dl_config.o
 .data          0x20200000        0x0 ./startup_mspm0g350x_gcc.o
 .data          0x20200000        0x0 ./Control/Control.o
 .data          0x20200000        0x0 ./ICM45686/icm45686.o
 .data          0x20200000        0x0 ./ICM45686/inv_imu_driver.o
 .data          0x20200000        0x0 ./ICM45686/inv_imu_transport.o
 .data          0x20200000        0x0 ./IIC/I2C_communication.o
 .data          0x20200000        0x0 ./IMU/IMU.o
 .data          0x20200000        0x0 ./Motor/Motor.o
 .data          0x20200000        0x0 ./OLED/OLED.o
 .data          0x20200000        0x0 ./OLED/OLED_Font.o
 .data          0x20200000        0x0 ./PID/PID.o
 .data          0x20200000        0x0 ./Track/Track.o
 .data          0x20200000        0x0 ./UART/uart_comm.o
 .data          0x20200000        0x0 D:/ti/ccs2051/mspm0_sdk_2_10_00_04/source\ti/driverlib/lib/gcc/m0p/mspm0g1x0x_g3x0x/driverlib.a(dl_common.o)
 .data          0x20200000        0x0 D:/ti/ccs2051/mspm0_sdk_2_10_00_04/source\ti/driverlib/lib/gcc/m0p/mspm0g1x0x_g3x0x/driverlib.a(dl_i2c.o)
 .data          0x20200000        0x0 D:/ti/ccs2051/mspm0_sdk_2_10_00_04/source\ti/driverlib/lib/gcc/m0p/mspm0g1x0x_g3x0x/driverlib.a(dl_timer.o)
 .data          0x20200000        0x0 D:/ti/ccs2051/mspm0_sdk_2_10_00_04/source\ti/driverlib/lib/gcc/m0p/mspm0g1x0x_g3x0x/driverlib.a(dl_uart.o)
 .data          0x20200000        0x0 c:/ti/gcc_arm_none_eabi_9_2_1/bin/../lib/gcc/arm-none-eabi/9.2.1/thumb/v6-m/nofp\libgcc.a(_udivsi3.o)
 .data          0x20200000        0x0 c:/ti/gcc_arm_none_eabi_9_2_1/bin/../lib/gcc/arm-none-eabi/9.2.1/thumb/v6-m/nofp\libgcc.a(_divsi3.o)
 .data          0x20200000        0x0 c:/ti/gcc_arm_none_eabi_9_2_1/bin/../lib/gcc/arm-none-eabi/9.2.1/thumb/v6-m/nofp\libgcc.a(_dvmd_tls.o)
 .data          0x20200000        0x0 c:/ti/gcc_arm_none_eabi_9_2_1/bin/../lib/gcc/arm-none-eabi/9.2.1/thumb/v6-m/nofp\libgcc.a(_arm_cmpdf2.o)
 .data          0x20200000        0x0 c:/ti/gcc_arm_none_eabi_9_2_1/bin/../lib/gcc/arm-none-eabi/9.2.1/thumb/v6-m/nofp\libgcc.a(_arm_cmpsf2.o)
 .data          0x20200000        0x0 c:/ti/gcc_arm_none_eabi_9_2_1/bin/../lib/gcc/arm-none-eabi/9.2.1/thumb/v6-m/nofp\libgcc.a(_fixunsdfsi.o)
 .data          0x20200000        0x0 c:/ti/gcc_arm_none_eabi_9_2_1/bin/../lib/gcc/arm-none-eabi/9.2.1/thumb/v6-m/nofp\libgcc.a(addsf3.o)
 .data          0x20200000        0x0 c:/ti/gcc_arm_none_eabi_9_2_1/bin/../lib/gcc/arm-none-eabi/9.2.1/thumb/v6-m/nofp\libgcc.a(divsf3.o)
 .data          0x20200000        0x0 c:/ti/gcc_arm_none_eabi_9_2_1/bin/../lib/gcc/arm-none-eabi/9.2.1/thumb/v6-m/nofp\libgcc.a(eqsf2.o)
 .data          0x20200000        0x0 c:/ti/gcc_arm_none_eabi_9_2_1/bin/../lib/gcc/arm-none-eabi/9.2.1/thumb/v6-m/nofp\libgcc.a(gesf2.o)
 .data          0x20200000        0x0 c:/ti/gcc_arm_none_eabi_9_2_1/bin/../lib/gcc/arm-none-eabi/9.2.1/thumb/v6-m/nofp\libgcc.a(lesf2.o)
 .data          0x20200000        0x0 c:/ti/gcc_arm_none_eabi_9_2_1/bin/../lib/gcc/arm-none-eabi/9.2.1/thumb/v6-m/nofp\libgcc.a(mulsf3.o)
 .data          0x20200000        0x0 c:/ti/gcc_arm_none_eabi_9_2_1/bin/../lib/gcc/arm-none-eabi/9.2.1/thumb/v6-m/nofp\libgcc.a(subsf3.o)
 .data          0x20200000        0x0 c:/ti/gcc_arm_none_eabi_9_2_1/bin/../lib/gcc/arm-none-eabi/9.2.1/thumb/v6-m/nofp\libgcc.a(fixsfsi.o)
 .data          0x20200000        0x0 c:/ti/gcc_arm_none_eabi_9_2_1/bin/../lib/gcc/arm-none-eabi/9.2.1/thumb/v6-m/nofp\libgcc.a(floatsisf.o)
 .data          0x20200000        0x0 c:/ti/gcc_arm_none_eabi_9_2_1/bin/../lib/gcc/arm-none-eabi/9.2.1/thumb/v6-m/nofp\libgcc.a(floatunsisf.o)
 .data          0x20200000        0x0 c:/ti/gcc_arm_none_eabi_9_2_1/bin/../lib/gcc/arm-none-eabi/9.2.1/thumb/v6-m/nofp\libgcc.a(adddf3.o)
 .data          0x20200000        0x0 c:/ti/gcc_arm_none_eabi_9_2_1/bin/../lib/gcc/arm-none-eabi/9.2.1/thumb/v6-m/nofp\libgcc.a(divdf3.o)
 .data          0x20200000        0x0 c:/ti/gcc_arm_none_eabi_9_2_1/bin/../lib/gcc/arm-none-eabi/9.2.1/thumb/v6-m/nofp\libgcc.a(eqdf2.o)
 .data          0x20200000        0x0 c:/ti/gcc_arm_none_eabi_9_2_1/bin/../lib/gcc/arm-none-eabi/9.2.1/thumb/v6-m/nofp\libgcc.a(gedf2.o)
 .data          0x20200000        0x0 c:/ti/gcc_arm_none_eabi_9_2_1/bin/../lib/gcc/arm-none-eabi/9.2.1/thumb/v6-m/nofp\libgcc.a(ledf2.o)
 .data          0x20200000        0x0 c:/ti/gcc_arm_none_eabi_9_2_1/bin/../lib/gcc/arm-none-eabi/9.2.1/thumb/v6-m/nofp\libgcc.a(muldf3.o)
 .data          0x20200000        0x0 c:/ti/gcc_arm_none_eabi_9_2_1/bin/../lib/gcc/arm-none-eabi/9.2.1/thumb/v6-m/nofp\libgcc.a(subdf3.o)
 .data          0x20200000        0x0 c:/ti/gcc_arm_none_eabi_9_2_1/bin/../lib/gcc/arm-none-eabi/9.2.1/thumb/v6-m/nofp\libgcc.a(fixdfsi.o)
 .data          0x20200000        0x0 c:/ti/gcc_arm_none_eabi_9_2_1/bin/../lib/gcc/arm-none-eabi/9.2.1/thumb/v6-m/nofp\libgcc.a(floatsidf.o)
 .data          0x20200000        0x0 c:/ti/gcc_arm_none_eabi_9_2_1/bin/../lib/gcc/arm-none-eabi/9.2.1/thumb/v6-m/nofp\libgcc.a(floatunsidf.o)
 .data          0x20200000        0x0 c:/ti/gcc_arm_none_eabi_9_2_1/bin/../lib/gcc/arm-none-eabi/9.2.1/thumb/v6-m/nofp\libgcc.a(extendsfdf2.o)
 .data          0x20200000        0x0 c:/ti/gcc_arm_none_eabi_9_2_1/bin/../lib/gcc/arm-none-eabi/9.2.1/thumb/v6-m/nofp\libgcc.a(truncdfsf2.o)
 .data          0x20200000        0x0 c:/ti/gcc_arm_none_eabi_9_2_1/bin/../lib/gcc/arm-none-eabi/9.2.1/thumb/v6-m/nofp\libgcc.a(_clzsi2.o)
 .data          0x20200000        0x0 C:/TI/gcc_arm_none_eabi_9_2_1/arm-none-eabi/lib/thumb/v6-m/nofp\libc.a(lib_a-init.o)
 .data          0x20200000        0x0 C:/TI/gcc_arm_none_eabi_9_2_1/arm-none-eabi/lib/thumb/v6-m/nofp\libc.a(lib_a-memset.o)
 .data          0x20200000        0x0 C:/TI/gcc_arm_none_eabi_9_2_1/arm-none-eabi/lib/thumb/v6-m/nofp\libc.a(lib_a-printf.o)
 .data          0x20200000        0x0 C:/TI/gcc_arm_none_eabi_9_2_1/arm-none-eabi/lib/thumb/v6-m/nofp\libc.a(lib_a-puts.o)
 .data          0x20200000        0x0 C:/TI/gcc_arm_none_eabi_9_2_1/arm-none-eabi/lib/thumb/v6-m/nofp\libc.a(lib_a-sscanf.o)
 .data          0x20200000        0x0 C:/TI/gcc_arm_none_eabi_9_2_1/arm-none-eabi/lib/thumb/v6-m/nofp\libc.a(lib_a-stdio.o)
 .data          0x20200000        0x0 C:/TI/gcc_arm_none_eabi_9_2_1/arm-none-eabi/lib/thumb/v6-m/nofp\libc.a(lib_a-strcmp.o)
 .data          0x20200000        0x0 C:/TI/gcc_arm_none_eabi_9_2_1/arm-none-eabi/lib/thumb/v6-m/nofp\libc.a(lib_a-strlen-stub.o)
 .data          0x20200000        0x0 C:/TI/gcc_arm_none_eabi_9_2_1/arm-none-eabi/lib/thumb/v6-m/nofp\libc.a(lib_a-strncmp.o)
 .data          0x20200000        0x0 C:/TI/gcc_arm_none_eabi_9_2_1/arm-none-eabi/lib/thumb/v6-m/nofp\libc.a(lib_a-svfscanf.o)
 .data          0x20200000        0x0 C:/TI/gcc_arm_none_eabi_9_2_1/arm-none-eabi/lib/thumb/v6-m/nofp\libc.a(lib_a-vfprintf.o)
 .data          0x20200000        0x0 C:/TI/gcc_arm_none_eabi_9_2_1/arm-none-eabi/lib/thumb/v6-m/nofp\libc.a(lib_a-vsnprintf.o)
 .data          0x20200000        0x0 C:/TI/gcc_arm_none_eabi_9_2_1/arm-none-eabi/lib/thumb/v6-m/nofp\libc.a(lib_a-writer.o)
 .data          0x20200000        0x0 C:/TI/gcc_arm_none_eabi_9_2_1/arm-none-eabi/lib/thumb/v6-m/nofp\libc.a(lib_a-wsetup.o)
 .data          0x20200000        0x0 C:/TI/gcc_arm_none_eabi_9_2_1/arm-none-eabi/lib/thumb/v6-m/nofp\libc.a(lib_a-closer.o)
 .data          0x20200000        0x0 C:/TI/gcc_arm_none_eabi_9_2_1/arm-none-eabi/lib/thumb/v6-m/nofp\libc.a(lib_a-ctype_.o)
 .data          0x20200000        0x0 C:/TI/gcc_arm_none_eabi_9_2_1/arm-none-eabi/lib/thumb/v6-m/nofp\libc.a(lib_a-dtoa.o)
 .data          0x20200000        0x0 C:/TI/gcc_arm_none_eabi_9_2_1/arm-none-eabi/lib/thumb/v6-m/nofp\libc.a(lib_a-fflush.o)
 .data          0x20200000        0x0 C:/TI/gcc_arm_none_eabi_9_2_1/arm-none-eabi/lib/thumb/v6-m/nofp\libc.a(lib_a-findfp.o)
 .data          0x20200000        0x0 C:/TI/gcc_arm_none_eabi_9_2_1/arm-none-eabi/lib/thumb/v6-m/nofp\libc.a(lib_a-freer.o)
 .data          0x20200000        0x0 C:/TI/gcc_arm_none_eabi_9_2_1/arm-none-eabi/lib/thumb/v6-m/nofp\libc.a(lib_a-fvwrite.o)
 .data          0x20200000        0x0 C:/TI/gcc_arm_none_eabi_9_2_1/arm-none-eabi/lib/thumb/v6-m/nofp\libc.a(lib_a-fwalk.o)
 .data          0x20200000        0x0 C:/TI/gcc_arm_none_eabi_9_2_1/arm-none-eabi/lib/thumb/v6-m/nofp\libc.a(lib_a-impure.o)
 .data          0x20200000        0x0 C:/TI/gcc_arm_none_eabi_9_2_1/arm-none-eabi/lib/thumb/v6-m/nofp\libc.a(lib_a-iswspace.o)
 .data          0x20200000        0x0 C:/TI/gcc_arm_none_eabi_9_2_1/arm-none-eabi/lib/thumb/v6-m/nofp\libc.a(lib_a-iswspace_l.o)
 .data          0x20200000        0x0 C:/TI/gcc_arm_none_eabi_9_2_1/arm-none-eabi/lib/thumb/v6-m/nofp\libc.a(lib_a-locale.o)
 .data          0x20200000        0x0 C:/TI/gcc_arm_none_eabi_9_2_1/arm-none-eabi/lib/thumb/v6-m/nofp\libc.a(lib_a-localeconv.o)
 .data          0x20200000        0x0 C:/TI/gcc_arm_none_eabi_9_2_1/arm-none-eabi/lib/thumb/v6-m/nofp\libc.a(lib_a-lock.o)
 .data          0x20200000        0x0 C:/TI/gcc_arm_none_eabi_9_2_1/arm-none-eabi/lib/thumb/v6-m/nofp\libc.a(lib_a-lseekr.o)
 .data          0x20200000        0x0 C:/TI/gcc_arm_none_eabi_9_2_1/arm-none-eabi/lib/thumb/v6-m/nofp\libc.a(lib_a-makebuf.o)
 .data          0x20200000        0x0 C:/TI/gcc_arm_none_eabi_9_2_1/arm-none-eabi/lib/thumb/v6-m/nofp\libc.a(lib_a-malloc.o)
 .data          0x20200000        0x0 C:/TI/gcc_arm_none_eabi_9_2_1/arm-none-eabi/lib/thumb/v6-m/nofp\libc.a(lib_a-mallocr.o)
 .data          0x20200000        0x0 C:/TI/gcc_arm_none_eabi_9_2_1/arm-none-eabi/lib/thumb/v6-m/nofp\libc.a(lib_a-mbrtowc.o)
 .data          0x20200000        0x0 C:/TI/gcc_arm_none_eabi_9_2_1/arm-none-eabi/lib/thumb/v6-m/nofp\libc.a(lib_a-mbtowc_r.o)
 .data          0x20200000        0x0 C:/TI/gcc_arm_none_eabi_9_2_1/arm-none-eabi/lib/thumb/v6-m/nofp\libc.a(lib_a-memchr-stub.o)
 .data          0x20200000        0x0 C:/TI/gcc_arm_none_eabi_9_2_1/arm-none-eabi/lib/thumb/v6-m/nofp\libc.a(lib_a-memcpy-stub.o)
 .data          0x20200000        0x0 C:/TI/gcc_arm_none_eabi_9_2_1/arm-none-eabi/lib/thumb/v6-m/nofp\libc.a(lib_a-memmove.o)
 .data          0x20200000        0x0 C:/TI/gcc_arm_none_eabi_9_2_1/arm-none-eabi/lib/thumb/v6-m/nofp\libc.a(lib_a-mlock.o)
 .data          0x20200000        0x0 C:/TI/gcc_arm_none_eabi_9_2_1/arm-none-eabi/lib/thumb/v6-m/nofp\libc.a(lib_a-mprec.o)
 .data          0x20200000        0x0 C:/TI/gcc_arm_none_eabi_9_2_1/arm-none-eabi/lib/thumb/v6-m/nofp\libc.a(lib_a-readr.o)
 .data          0x20200000        0x0 C:/TI/gcc_arm_none_eabi_9_2_1/arm-none-eabi/lib/thumb/v6-m/nofp\libc.a(lib_a-realloc.o)
 .data          0x20200000        0x0 C:/TI/gcc_arm_none_eabi_9_2_1/arm-none-eabi/lib/thumb/v6-m/nofp\libc.a(lib_a-reallocr.o)
 .data          0x20200000        0x0 C:/TI/gcc_arm_none_eabi_9_2_1/arm-none-eabi/lib/thumb/v6-m/nofp\libc.a(lib_a-reent.o)
 .data          0x20200000        0x0 C:/TI/gcc_arm_none_eabi_9_2_1/arm-none-eabi/lib/thumb/v6-m/nofp\libc.a(lib_a-s_frexp.o)
 .data          0x20200000        0x0 C:/TI/gcc_arm_none_eabi_9_2_1/arm-none-eabi/lib/thumb/v6-m/nofp\libc.a(lib_a-sbrkr.o)
 .data          0x20200000        0x0 C:/TI/gcc_arm_none_eabi_9_2_1/arm-none-eabi/lib/thumb/v6-m/nofp\libc.a(lib_a-sccl.o)
 .data          0x20200000        0x0 C:/TI/gcc_arm_none_eabi_9_2_1/arm-none-eabi/lib/thumb/v6-m/nofp\libc.a(lib_a-sf_nan.o)
 .data          0x20200000        0x0 C:/TI/gcc_arm_none_eabi_9_2_1/arm-none-eabi/lib/thumb/v6-m/nofp\libc.a(lib_a-sprintf.o)
 .data          0x20200000        0x0 C:/TI/gcc_arm_none_eabi_9_2_1/arm-none-eabi/lib/thumb/v6-m/nofp\libc.a(lib_a-strncpy.o)
 .data          0x20200000        0x0 C:/TI/gcc_arm_none_eabi_9_2_1/arm-none-eabi/lib/thumb/v6-m/nofp\libc.a(lib_a-strtod.o)
 .data          0x20200000        0x0 C:/TI/gcc_arm_none_eabi_9_2_1/arm-none-eabi/lib/thumb/v6-m/nofp\libc.a(lib_a-strtol.o)
 .data          0x20200000        0x0 C:/TI/gcc_arm_none_eabi_9_2_1/arm-none-eabi/lib/thumb/v6-m/nofp\libc.a(lib_a-strtoll.o)
 .data          0x20200000        0x0 C:/TI/gcc_arm_none_eabi_9_2_1/arm-none-eabi/lib/thumb/v6-m/nofp\libc.a(lib_a-strtoul.o)
 .data          0x20200000        0x0 C:/TI/gcc_arm_none_eabi_9_2_1/arm-none-eabi/lib/thumb/v6-m/nofp\libc.a(lib_a-strtoull.o)
 .data          0x20200000        0x0 C:/TI/gcc_arm_none_eabi_9_2_1/arm-none-eabi/lib/thumb/v6-m/nofp\libc.a(lib_a-svfiscanf.o)
 .data          0x20200000        0x0 C:/TI/gcc_arm_none_eabi_9_2_1/arm-none-eabi/lib/thumb/v6-m/nofp\libc.a(lib_a-svfprintf.o)
 .data          0x20200000        0x0 C:/TI/gcc_arm_none_eabi_9_2_1/arm-none-eabi/lib/thumb/v6-m/nofp\libc.a(lib_a-ungetc.o)
 .data          0x20200000        0x0 C:/TI/gcc_arm_none_eabi_9_2_1/arm-none-eabi/lib/thumb/v6-m/nofp\libc.a(lib_a-vfiprintf.o)
 .data          0x20200000        0x0 C:/TI/gcc_arm_none_eabi_9_2_1/arm-none-eabi/lib/thumb/v6-m/nofp\libc.a(lib_a-wctomb_r.o)
 .data          0x20200000        0x0 C:/TI/gcc_arm_none_eabi_9_2_1/arm-none-eabi/lib/thumb/v6-m/nofp\libc.a(lib_a-callocr.o)
 .data          0x20200000        0x0 C:/TI/gcc_arm_none_eabi_9_2_1/arm-none-eabi/lib/thumb/v6-m/nofp\libc.a(lib_a-fclose.o)
 .data          0x20200000        0x0 C:/TI/gcc_arm_none_eabi_9_2_1/arm-none-eabi/lib/thumb/v6-m/nofp\libc.a(lib_a-fputwc.o)
 .data          0x20200000        0x0 C:/TI/gcc_arm_none_eabi_9_2_1/arm-none-eabi/lib/thumb/v6-m/nofp\libc.a(lib_a-fstatr.o)
 .data          0x20200000        0x0 C:/TI/gcc_arm_none_eabi_9_2_1/arm-none-eabi/lib/thumb/v6-m/nofp\libc.a(lib_a-gdtoa-gethex.o)
 .data          0x20200000        0x0 C:/TI/gcc_arm_none_eabi_9_2_1/arm-none-eabi/lib/thumb/v6-m/nofp\libc.a(lib_a-gdtoa-hexnan.o)
 .data          0x20200000        0x0 C:/TI/gcc_arm_none_eabi_9_2_1/arm-none-eabi/lib/thumb/v6-m/nofp\libc.a(lib_a-isattyr.o)
 .data          0x20200000        0x0 C:/TI/gcc_arm_none_eabi_9_2_1/arm-none-eabi/lib/thumb/v6-m/nofp\libc.a(lib_a-lnumeric.o)
 .data          0x20200000        0x0 C:/TI/gcc_arm_none_eabi_9_2_1/arm-none-eabi/lib/thumb/v6-m/nofp\libc.a(lib_a-s_nan.o)
 .data          0x20200000        0x0 C:/TI/gcc_arm_none_eabi_9_2_1/arm-none-eabi/lib/thumb/v6-m/nofp\libc.a(lib_a-svfiprintf.o)
 .data          0x20200000        0x0 C:/TI/gcc_arm_none_eabi_9_2_1/arm-none-eabi/lib/thumb/v6-m/nofp\libc.a(lib_a-wbuf.o)
 .data          0x20200000        0x0 C:/TI/gcc_arm_none_eabi_9_2_1/arm-none-eabi/lib/thumb/v6-m/nofp\libc.a(lib_a-wcrtomb.o)
 .data          0x20200000        0x0 C:/TI/gcc_arm_none_eabi_9_2_1/arm-none-eabi/lib/thumb/v6-m/nofp\libm.a(lib_a-s_round.o)
 .data          0x20200000        0x0 C:/TI/gcc_arm_none_eabi_9_2_1/arm-none-eabi/lib/thumb/v6-m/nofp\libm.a(lib_a-w_asin.o)
 .data          0x20200000        0x0 C:/TI/gcc_arm_none_eabi_9_2_1/arm-none-eabi/lib/thumb/v6-m/nofp\libm.a(lib_a-w_atan2.o)
 .data          0x20200000        0x0 C:/TI/gcc_arm_none_eabi_9_2_1/arm-none-eabi/lib/thumb/v6-m/nofp\libm.a(lib_a-e_asin.o)
 .data          0x20200000        0x0 C:/TI/gcc_arm_none_eabi_9_2_1/arm-none-eabi/lib/thumb/v6-m/nofp\libm.a(lib_a-e_atan2.o)
 .data          0x20200000        0x0 C:/TI/gcc_arm_none_eabi_9_2_1/arm-none-eabi/lib/thumb/v6-m/nofp\libm.a(lib_a-e_sqrt.o)
 .data          0x20200000        0x0 C:/TI/gcc_arm_none_eabi_9_2_1/arm-none-eabi/lib/thumb/v6-m/nofp\libm.a(lib_a-s_atan.o)
 .data          0x20200000        0x0 C:/TI/gcc_arm_none_eabi_9_2_1/arm-none-eabi/lib/thumb/v6-m/nofp\libm.a(lib_a-s_fabs.o)
 .data          0x20200000        0x0 C:/TI/gcc_arm_none_eabi_9_2_1/arm-none-eabi/lib/thumb/v6-m/nofp\libm.a(lib_a-s_lib_ver.o)
 .data          0x20200000        0x0 C:/TI/gcc_arm_none_eabi_9_2_1/arm-none-eabi/lib/thumb/v6-m/nofp\libm.a(lib_a-s_matherr.o)
 .data          0x20200000        0x0 c:/ti/gcc_arm_none_eabi_9_2_1/bin/../lib/gcc/arm-none-eabi/9.2.1/thumb/v6-m/nofp\libgcc.a(_aeabi_uldivmod.o)
 .data          0x20200000        0x0 c:/ti/gcc_arm_none_eabi_9_2_1/bin/../lib/gcc/arm-none-eabi/9.2.1/thumb/v6-m/nofp\libgcc.a(_muldi3.o)
 .data          0x20200000        0x0 c:/ti/gcc_arm_none_eabi_9_2_1/bin/../lib/gcc/arm-none-eabi/9.2.1/thumb/v6-m/nofp\libgcc.a(_fixdfdi.o)
 .data          0x20200000        0x0 c:/ti/gcc_arm_none_eabi_9_2_1/bin/../lib/gcc/arm-none-eabi/9.2.1/thumb/v6-m/nofp\libgcc.a(_fixunsdfdi.o)
 .data          0x20200000        0x0 c:/ti/gcc_arm_none_eabi_9_2_1/bin/../lib/gcc/arm-none-eabi/9.2.1/thumb/v6-m/nofp\libgcc.a(_floatdidf.o)
 .data          0x20200000        0x0 c:/ti/gcc_arm_none_eabi_9_2_1/bin/../lib/gcc/arm-none-eabi/9.2.1/thumb/v6-m/nofp\libgcc.a(_udivmoddi4.o)
 .data          0x20200000        0x0 c:/ti/gcc_arm_none_eabi_9_2_1/bin/../lib/gcc/arm-none-eabi/9.2.1/thumb/v6-m/nofp\libgcc.a(unordsf2.o)
 .data          0x20200000        0x0 c:/ti/gcc_arm_none_eabi_9_2_1/bin/../lib/gcc/arm-none-eabi/9.2.1/thumb/v6-m/nofp\libgcc.a(unorddf2.o)
 .data          0x20200000        0x0 c:/ti/gcc_arm_none_eabi_9_2_1/bin/../lib/gcc/arm-none-eabi/9.2.1/thumb/v6-m/nofp\libgcc.a(_clzdi2.o)
 .data          0x20200000        0x0 C:/TI/gcc_arm_none_eabi_9_2_1/arm-none-eabi/lib/thumb/v6-m/nofp\libg.a(lib_a-errno.o)
 .data          0x20200000        0x0 C:/TI/gcc_arm_none_eabi_9_2_1/arm-none-eabi/lib/thumb/v6-m/nofp\libnosys.a(close.o)
 .data          0x20200000        0x0 C:/TI/gcc_arm_none_eabi_9_2_1/arm-none-eabi/lib/thumb/v6-m/nofp\libnosys.a(fstat.o)
 .data          0x20200000        0x0 C:/TI/gcc_arm_none_eabi_9_2_1/arm-none-eabi/lib/thumb/v6-m/nofp\libnosys.a(isatty.o)
 .data          0x20200000        0x0 C:/TI/gcc_arm_none_eabi_9_2_1/arm-none-eabi/lib/thumb/v6-m/nofp\libnosys.a(lseek.o)
 .data          0x20200000        0x0 C:/TI/gcc_arm_none_eabi_9_2_1/arm-none-eabi/lib/thumb/v6-m/nofp\libnosys.a(read.o)
 .data          0x20200000        0x0 C:/TI/gcc_arm_none_eabi_9_2_1/arm-none-eabi/lib/thumb/v6-m/nofp\libnosys.a(sbrk.o)
 .data          0x20200000        0x0 C:/TI/gcc_arm_none_eabi_9_2_1/arm-none-eabi/lib/thumb/v6-m/nofp\libnosys.a(write.o)
 *(.data*)
 .data.g_target_speed
                0x20200000        0x4 ./Control/Control.o
                0x20200000                g_target_speed
 .data.Kp       0x20200004        0x4 ./IMU/IMU.o
                0x20200004                Kp
 .data._impure_ptr
                0x20200008        0x4 C:/TI/gcc_arm_none_eabi_9_2_1/arm-none-eabi/lib/thumb/v6-m/nofp\libc.a(lib_a-impure.o)
                0x20200008                _impure_ptr
 *fill*         0x2020000c        0x4 
 .data.impure_data
                0x20200010      0x428 C:/TI/gcc_arm_none_eabi_9_2_1/arm-none-eabi/lib/thumb/v6-m/nofp\libc.a(lib_a-impure.o)
 .data.__global_locale
                0x20200438      0x16c C:/TI/gcc_arm_none_eabi_9_2_1/arm-none-eabi/lib/thumb/v6-m/nofp\libc.a(lib_a-locale.o)
                0x20200438                __global_locale
 .data.__malloc_av_
                0x202005a4      0x408 C:/TI/gcc_arm_none_eabi_9_2_1/arm-none-eabi/lib/thumb/v6-m/nofp\libc.a(lib_a-mallocr.o)
                0x202005a4                __malloc_av_
 .data.__malloc_sbrk_base
                0x202009ac        0x4 C:/TI/gcc_arm_none_eabi_9_2_1/arm-none-eabi/lib/thumb/v6-m/nofp\libc.a(lib_a-mallocr.o)
                0x202009ac                __malloc_sbrk_base
 .data.__malloc_trim_threshold
                0x202009b0        0x4 C:/TI/gcc_arm_none_eabi_9_2_1/arm-none-eabi/lib/thumb/v6-m/nofp\libc.a(lib_a-mallocr.o)
                0x202009b0                __malloc_trim_threshold
 .data.numempty
                0x202009b4        0x2 C:/TI/gcc_arm_none_eabi_9_2_1/arm-none-eabi/lib/thumb/v6-m/nofp\libc.a(lib_a-lnumeric.o)
 .data.__fdlib_version
                0x202009b6        0x1 C:/TI/gcc_arm_none_eabi_9_2_1/arm-none-eabi/lib/thumb/v6-m/nofp\libm.a(lib_a-s_lib_ver.o)
                0x202009b6                __fdlib_version
                0x202009b8                . = ALIGN (0x8)
 *fill*         0x202009b7        0x1 
                0x202009b8                __data_end__ = .

.igot.plt       0x202009b8        0x0 load address 0x00014000
 .igot.plt      0x202009b8        0x0 ./empty.o

.bss            0x202009b8     0x2448
                0x202009b8                __bss_start__ = .
 *(.shbss)
 *(.bss)
 .bss           0x202009b8        0x0 ./empty.o
 .bss           0x202009b8        0x0 ./ti_msp_dl_config.o
 .bss           0x202009b8        0x0 ./startup_mspm0g350x_gcc.o
 .bss           0x202009b8        0x0 ./Control/Control.o
 .bss           0x202009b8        0x0 ./ICM45686/icm45686.o
 .bss           0x202009b8        0x0 ./ICM45686/inv_imu_driver.o
 .bss           0x202009b8        0x0 ./ICM45686/inv_imu_transport.o
 .bss           0x202009b8        0x0 ./IIC/I2C_communication.o
 .bss           0x202009b8        0x0 ./IMU/IMU.o
 .bss           0x202009b8        0x0 ./Motor/Motor.o
 .bss           0x202009b8        0x0 ./OLED/OLED.o