Archive member included to satisfy reference by file (symbol)

D:/ti/ccs2051/mspm0_sdk_2_10_00_04/source\ti/driverlib/lib/gcc/m0p/mspm0g1x0x_g3x0x/driverlib.a(dl_common.o)
                              ./empty.o (DL_Common_delayCycles)
D:/ti/ccs2051/mspm0_sdk_2_10_00_04/source\ti/driverlib/lib/gcc/m0p/mspm0g1x0x_g3x0x/driverlib.a(dl_i2c.o)
                              ./ti_msp_dl_config.o (DL_I2C_setClockConfig)
D:/ti/ccs2051/mspm0_sdk_2_10_00_04/source\ti/driverlib/lib/gcc/m0p/mspm0g1x0x_g3x0x/driverlib.a(dl_timer.o)
                              ./ti_msp_dl_config.o (DL_Timer_setClockConfig)
D:/ti/ccs2051/mspm0_sdk_2_10_00_04/source\ti/driverlib/lib/gcc/m0p/mspm0g1x0x_g3x0x/driverlib.a(dl_uart.o)
                              ./ti_msp_dl_config.o (DL_UART_init)
D:/ti/ccs2051/mspm0_sdk_2_10_00_04/source\ti/driverlib/lib/gcc/m0p/mspm0g1x0x_g3x0x/driverlib.a(dl_sysctl_mspm0g1x0x_g3x0x.o)
                              ./ti_msp_dl_config.o (DL_SYSCTL_configSYSPLL)
c:/ti/gcc_arm_none_eabi_9_2_1/bin/../lib/gcc/arm-none-eabi/9.2.1/thumb/v6-m/nofp\libgcc.a(_udivsi3.o)
                              ./ti_msp_dl_config.o (__aeabi_uidiv)
c:/ti/gcc_arm_none_eabi_9_2_1/bin/../lib/gcc/arm-none-eabi/9.2.1/thumb/v6-m/nofp\libgcc.a(_divsi3.o)
                              ./OLED/OLED.o (__aeabi_idiv)
c:/ti/gcc_arm_none_eabi_9_2_1/bin/../lib/gcc/arm-none-eabi/9.2.1/thumb/v6-m/nofp\libgcc.a(_dvmd_tls.o)
                              c:/ti/gcc_arm_none_eabi_9_2_1/bin/../lib/gcc/arm-none-eabi/9.2.1/thumb/v6-m/nofp\libgcc.a(_udivsi3.o) (__aeabi_idiv0)
c:/ti/gcc_arm_none_eabi_9_2_1/bin/../lib/gcc/arm-none-eabi/9.2.1/thumb/v6-m/nofp\libgcc.a(_arm_cmpdf2.o)
                              ./OLED/OLED.o (__aeabi_dcmpge)
c:/ti/gcc_arm_none_eabi_9_2_1/bin/../lib/gcc/arm-none-eabi/9.2.1/thumb/v6-m/nofp\libgcc.a(_arm_cmpsf2.o)
                              ./IMU/IMU.o (__aeabi_fcmpeq)
c:/ti/gcc_arm_none_eabi_9_2_1/bin/../lib/gcc/arm-none-eabi/9.2.1/thumb/v6-m/nofp\libgcc.a(_fixunsdfsi.o)
                              ./OLED/OLED.o (__aeabi_d2uiz)
c:/ti/gcc_arm_none_eabi_9_2_1/bin/../lib/gcc/arm-none-eabi/9.2.1/thumb/v6-m/nofp\libgcc.a(addsf3.o)
                              ./Control/Control.o (__aeabi_fadd)
c:/ti/gcc_arm_none_eabi_9_2_1/bin/../lib/gcc/arm-none-eabi/9.2.1/thumb/v6-m/nofp\libgcc.a(divsf3.o)
                              ./Control/Control.o (__aeabi_fdiv)
c:/ti/gcc_arm_none_eabi_9_2_1/bin/../lib/gcc/arm-none-eabi/9.2.1/thumb/v6-m/nofp\libgcc.a(eqsf2.o)
                              c:/ti/gcc_arm_none_eabi_9_2_1/bin/../lib/gcc/arm-none-eabi/9.2.1/thumb/v6-m/nofp\libgcc.a(_arm_cmpsf2.o) (__eqsf2)
c:/ti/gcc_arm_none_eabi_9_2_1/bin/../lib/gcc/arm-none-eabi/9.2.1/thumb/v6-m/nofp\libgcc.a(gesf2.o)
                              c:/ti/gcc_arm_none_eabi_9_2_1/bin/../lib/gcc/arm-none-eabi/9.2.1/thumb/v6-m/nofp\libgcc.a(_arm_cmpsf2.o) (__gesf2)
c:/ti/gcc_arm_none_eabi_9_2_1/bin/../lib/gcc/arm-none-eabi/9.2.1/thumb/v6-m/nofp\libgcc.a(lesf2.o)
                              c:/ti/gcc_arm_none_eabi_9_2_1/bin/../lib/gcc/arm-none-eabi/9.2.1/thumb/v6-m/nofp\libgcc.a(_arm_cmpsf2.o) (__lesf2)
c:/ti/gcc_arm_none_eabi_9_2_1/bin/../lib/gcc/arm-none-eabi/9.2.1/thumb/v6-m/nofp\libgcc.a(mulsf3.o)
                              ./Control/Control.o (__aeabi_fmul)
c:/ti/gcc_arm_none_eabi_9_2_1/bin/../lib/gcc/arm-none-eabi/9.2.1/thumb/v6-m/nofp\libgcc.a(subsf3.o)
                              ./Control/Control.o (__aeabi_fsub)
c:/ti/gcc_arm_none_eabi_9_2_1/bin/../lib/gcc/arm-none-eabi/9.2.1/thumb/v6-m/nofp\libgcc.a(fixsfsi.o)
                              ./Control/Control.o (__aeabi_f2iz)
c:/ti/gcc_arm_none_eabi_9_2_1/bin/../lib/gcc/arm-none-eabi/9.2.1/thumb/v6-m/nofp\libgcc.a(floatsisf.o)
                              ./Control/Control.o (__aeabi_i2f)
c:/ti/gcc_arm_none_eabi_9_2_1/bin/../lib/gcc/arm-none-eabi/9.2.1/thumb/v6-m/nofp\libgcc.a(floatunsisf.o)
                              ./Track/Track.o (__aeabi_ui2f)
c:/ti/gcc_arm_none_eabi_9_2_1/bin/../lib/gcc/arm-none-eabi/9.2.1/thumb/v6-m/nofp\libgcc.a(adddf3.o)
                              ./IMU/IMU.o (__aeabi_dadd)
c:/ti/gcc_arm_none_eabi_9_2_1/bin/../lib/gcc/arm-none-eabi/9.2.1/thumb/v6-m/nofp\libgcc.a(divdf3.o)
                              ./IMU/IMU.o (__aeabi_ddiv)
c:/ti/gcc_arm_none_eabi_9_2_1/bin/../lib/gcc/arm-none-eabi/9.2.1/thumb/v6-m/nofp\libgcc.a(eqdf2.o)
                              c:/ti/gcc_arm_none_eabi_9_2_1/bin/../lib/gcc/arm-none-eabi/9.2.1/thumb/v6-m/nofp\libgcc.a(_arm_cmpdf2.o) (__eqdf2)
c:/ti/gcc_arm_none_eabi_9_2_1/bin/../lib/gcc/arm-none-eabi/9.2.1/thumb/v6-m/nofp\libgcc.a(gedf2.o)
                              c:/ti/gcc_arm_none_eabi_9_2_1/bin/../lib/gcc/arm-none-eabi/9.2.1/thumb/v6-m/nofp\libgcc.a(_arm_cmpdf2.o) (__gedf2)
c:/ti/gcc_arm_none_eabi_9_2_1/bin/../lib/gcc/arm-none-eabi/9.2.1/thumb/v6-m/nofp\libgcc.a(ledf2.o)
                              c:/ti/gcc_arm_none_eabi_9_2_1/bin/../lib/gcc/arm-none-eabi/9.2.1/thumb/v6-m/nofp\libgcc.a(_arm_cmpdf2.o) (__ledf2)
[...]
Memory Configuration

Name             Origin             Length             Attributes
FLASH            0x00000000         0x00020000         xr
SRAM             0x20200000         0x00008000         xrw
BCR_CONFIG       0x41c00000         0x000000ff         r
BSL_CONFIG       0x41c00100         0x00000080         r
*default*        0x00000000         0xffffffff

Linker script and memory map

LOAD ./empty.o
LOAD ./ti_msp_dl_config.o
LOAD ./startup_mspm0g350x_gcc.o
LOAD ./Button/Button.o
LOAD ./Control/Control.o
LOAD ./ICM45686/icm45686.o
LOAD ./ICM45686/inv_imu_driver.o
LOAD ./ICM45686/inv_imu_transport.o
LOAD ./IIC/I2C_communication.o
LOAD ./IMU/IMU.o
LOAD ./Motor/Motor.o
LOAD ./OLED/OLED.o
LOAD ./OLED/OLED_Font.o
LOAD ./PID/PID.o
LOAD ./Track/Track.o
LOAD ./UART/uart_comm.o
                0x00000000                _Min_Heap_Size = 0x0
                0x00000080                _Min_Stack_Size = 0x80
                0x00000000                PROVIDE (_intvecs_base_address = DEFINED (_intvecs_base_address)?_intvecs_base_address:0x0)

.intvecs        0x00000000       0xc0
 *(.intvecs)
 .intvecs       0x00000000       0xc0 ./startup_mspm0g350x_gcc.o
                0x00000000                interruptVectors
                0x20200000                PROVIDE (_vtable_base_address = DEFINED (_vtable_base_address)?_vtable_base_address:0x20200000)

.vtable
 *(.vtable)

.text           0x000000c0     0xd408
 CREATE_OBJECT_SYMBOLS
 *(.text)
 .text          0x000000c0        0x0 ./empty.o
 .text          0x000000c0        0x0 ./ti_msp_dl_config.o
 .text          0x000000c0        0x0 ./startup_mspm0g350x_gcc.o
 .text          0x000000c0        0x0 ./Button/Button.o
 .text          0x000000c0        0x0 ./Control/Control.o
 .text          0x000000c0        0x0 ./ICM45686/icm45686.o
 .text          0x000000c0        0x0 ./ICM45686/inv_imu_driver.o
 .text          0x000000c0        0x0 ./ICM45686/inv_imu_transport.o
 .text          0x000000c0        0x0 ./IIC/I2C_communication.o
 .text          0x000000c0        0x0 ./IMU/IMU.o
 .text          0x000000c0        0x0 ./Motor/Motor.o
 .text          0x000000c0        0x0 ./OLED/OLED.o
 .text          0x000000c0        0x0 ./OLED/OLED_Font.o
 .text          0x000000c0        0x0 ./PID/PID.o
 .text          0x000000c0        0x0 ./Track/Track.o
 .text          0x000000c0        0x0 ./UART/uart_comm.o
 .text          0x000000c0        0x0 D:/ti/ccs2051/mspm0_sdk_2_10_00_04/source\ti/driverlib/lib/gcc/m0p/mspm0g1x0x_g3x0x/driverlib.a(dl_common.o)
 .text          0x000000c0        0x0 D:/ti/ccs2051/mspm0_sdk_2_10_00_04/source\ti/driverlib/lib/gcc/m0p/mspm0g1x0x_g3x0x/driverlib.a(dl_i2c.o)
 .text          0x000000c0        0x0 D:/ti/ccs2051/mspm0_sdk_2_10_00_04/source\ti/driverlib/lib/gcc/m0p/mspm0g1x0x_g3x0x/driverlib.a(dl_timer.o)
 .text          0x000000c0        0x0 D:/ti/ccs2051/mspm0_sdk_2_10_00_04/source\ti/driverlib/lib/gcc/m0p/mspm0g1x0x_g3x0x/driverlib.a(dl_uart.o)
 .text          0x000000c0        0x0 D:/ti/ccs2051/mspm0_sdk_2_10_00_04/source\ti/driverlib/lib/gcc/m0p/mspm0g1x0x_g3x0x/driverlib.a(dl_sysctl_mspm0g1x0x_g3x0x.o)
 .text          0x000000c0      0x114 c:/ti/gcc_arm_none_eabi_9_2_1/bin/../lib/gcc/arm-none-eabi/9.2.1/thumb/v6-m/nofp\libgcc.a(_udivsi3.o)
                0x000000c0                __aeabi_uidiv
                0x000000c0                __udivsi3
                0x000001cc                __aeabi_uidivmod
 .text          0x000001d4      0x1d4 c:/ti/gcc_arm_none_eabi_9_2_1/bin/../lib/gcc/arm-none-eabi/9.2.1/thumb/v6-m/nofp\libgcc.a(_divsi3.o)
                0x000001d4                __divsi3
                0x000001d4                __aeabi_idiv
                0x000003a0                __aeabi_idivmod
 .text          0x000003a8        0x4 c:/ti/gcc_arm_none_eabi_9_2_1/bin/../lib/gcc/arm-none-eabi/9.2.1/thumb/v6-m/nofp\libgcc.a(_dvmd_tls.o)
                0x000003a8                __aeabi_idiv0
                0x000003a8                __aeabi_ldiv0
 .text          0x000003ac       0x7c c:/ti/gcc_arm_none_eabi_9_2_1/bin/../lib/gcc/arm-none-eabi/9.2.1/thumb/v6-m/nofp\libgcc.a(_arm_cmpdf2.o)
                0x000003ac                __aeabi_cdrcmple
                0x000003bc                __aeabi_cdcmple
                0x000003bc                __aeabi_cdcmpeq
                0x000003cc                __aeabi_dcmpeq
                0x000003d8                __aeabi_dcmplt
                0x000003ec                __aeabi_dcmple
                0x00000400                __aeabi_dcmpgt
                0x00000414                __aeabi_dcmpge
 .text          0x00000428       0x74 c:/ti/gcc_arm_none_eabi_9_2_1/bin/../lib/gcc/arm-none-eabi/9.2.1/thumb/v6-m/nofp\libgcc.a(_arm_cmpsf2.o)
                0x00000428                __aeabi_cfrcmple
                0x00000430                __aeabi_cfcmpeq
                0x00000430                __aeabi_cfcmple
                0x00000440                __aeabi_fcmpeq
                0x0000044c                __aeabi_fcmplt
                0x00000460                __aeabi_fcmple
                0x00000474                __aeabi_fcmpgt
                0x00000488                __aeabi_fcmpge
 .text          0x0000049c       0x3c c:/ti/gcc_arm_none_eabi_9_2_1/bin/../lib/gcc/arm-none-eabi/9.2.1/thumb/v6-m/nofp\libgcc.a(_fixunsdfsi.o)
                0x0000049c                __aeabi_d2uiz
                0x0000049c                __fixunsdfsi
 .text          0x000004d8      0x338 c:/ti/gcc_arm_none_eabi_9_2_1/bin/../lib/gcc/arm-none-eabi/9.2.1/thumb/v6-m/nofp\libgcc.a(addsf3.o)
                0x000004d8                __aeabi_fadd
 .text          0x00000810      0x218 c:/ti/gcc_arm_none_eabi_9_2_1/bin/../lib/gcc/arm-none-eabi/9.2.1/thumb/v6-m/nofp\libgcc.a(divsf3.o)
                0x00000810                __aeabi_fdiv
 .text          0x00000a28       0x50 c:/ti/gcc_arm_none_eabi_9_2_1/bin/../lib/gcc/arm-none-eabi/9.2.1/thumb/v6-m/nofp\libgcc.a(eqsf2.o)
                0x00000a28                __eqsf2
                0x00000a28                __nesf2
 .text          0x00000a78       0x98 c:/ti/gcc_arm_none_eabi_9_2_1/bin/../lib/gcc/arm-none-eabi/9.2.1/thumb/v6-m/nofp\libgcc.a(gesf2.o)
                0x00000a78                __gesf2
                0x00000a78                __gtsf2
 .text          0x00000b10       0x94 c:/ti/gcc_arm_none_eabi_9_2_1/bin/../lib/gcc/arm-none-eabi/9.2.1/thumb/v6-m/nofp\libgcc.a(lesf2.o)
                0x00000b10                __ltsf2
                0x00000b10                __lesf2
 .text          0x00000ba4      0x234 c:/ti/gcc_arm_none_eabi_9_2_1/bin/../lib/gcc/arm-none-eabi/9.2.1/thumb/v6-m/nofp\libgcc.a(mulsf3.o)
                0x00000ba4                __aeabi_fmul
 .text          0x00000dd8      0x390 c:/ti/gcc_arm_none_eabi_9_2_1/bin/../lib/gcc/arm-none-eabi/9.2.1/thumb/v6-m/nofp\libgcc.a(subsf3.o)
                0x00000dd8                __aeabi_fsub
 .text          0x00001168       0x40 c:/ti/gcc_arm_none_eabi_9_2_1/bin/../lib/gcc/arm-none-eabi/9.2.1/thumb/v6-m/nofp\libgcc.a(fixsfsi.o)
                0x00001168                __aeabi_f2iz
 .text          0x000011a8       0x8c c:/ti/gcc_arm_none_eabi_9_2_1/bin/../lib/gcc/arm-none-eabi/9.2.1/thumb/v6-m/nofp\libgcc.a(floatsisf.o)
                0x000011a8                __aeabi_i2f
 .text          0x00001234       0x78 c:/ti/gcc_arm_none_eabi_9_2_1/bin/../lib/gcc/arm-none-eabi/9.2.1/thumb/v6-m/nofp\libgcc.a(floatunsisf.o)
                0x00001234                __aeabi_ui2f
 .text          0x000012ac      0x6d4 c:/ti/gcc_arm_none_eabi_9_2_1/bin/../lib/gcc/arm-none-eabi/9.2.1/thumb/v6-m/nofp\libgcc.a(adddf3.o)
                0x000012ac                __aeabi_dadd
 .text          0x00001980      0x5d0 c:/ti/gcc_arm_none_eabi_9_2_1/bin/../lib/gcc/arm-none-eabi/9.2.1/thumb/v6-m/nofp\libgcc.a(divdf3.o)
                0x00001980                __aeabi_ddiv
 .text          0x00001f50       0x78 c:/ti/gcc_arm_none_eabi_9_2_1/bin/../lib/gcc/arm-none-eabi/9.2.1/thumb/v6-m/nofp\libgcc.a(eqdf2.o)
                0x00001f50                __nedf2
                0x00001f50                __eqdf2
 .text          0x00001fc8       0xe4 c:/ti/gcc_arm_none_eabi_9_2_1/bin/../lib/gcc/arm-none-eabi/9.2.1/thumb/v6-m/nofp\libgcc.a(gedf2.o)
                0x00001fc8                __gedf2
                0x00001fc8                __gtdf2
 .text          0x000020ac       0xe0 c:/ti/gcc_arm_none_eabi_9_2_1/bin/../lib/gcc/arm-none-eabi/9.2.1/thumb/v6-m/nofp\libgcc.a(ledf2.o)
                0x000020ac                __ledf2
                0x000020ac                __ltdf2
 .text          0x0000218c      0x4d8 c:/ti/gcc_arm_none_eabi_9_2_1/bin/../lib/gcc/arm-none-eabi/9.2.1/thumb/v6-m/nofp\libgcc.a(muldf3.o)
                0x0000218c                __aeabi_dmul
 .text          0x00002664      0x724 c:/ti/gcc_arm_none_eabi_9_2_1/bin/../lib/gcc/arm-none-eabi/9.2.1/thumb/v6-m/nofp\libgcc.a(subdf3.o)
                0x00002664                __aeabi_dsub
 .text          0x00002d88       0x6c c:/ti/gcc_arm_none_eabi_9_2_1/bin/../lib/gcc/arm-none-eabi/9.2.1/thumb/v6-m/nofp\libgcc.a(fixdfsi.o)
                0x00002d88                __aeabi_d2iz
 .text          0x00002df4       0x60 c:/ti/gcc_arm_none_eabi_9_2_1/bin/../lib/gcc/arm-none-eabi/9.2.1/thumb/v6-m/nofp\libgcc.a(floatsidf.o)
                0x00002df4                __aeabi_i2d
 .text          0x00002e54       0x4c c:/ti/gcc_arm_none_eabi_9_2_1/bin/../lib/gcc/arm-none-eabi/9.2.1/thumb/v6-m/nofp\libgcc.a(floatunsidf.o)
                0x00002e54                __aeabi_ui2d
 .text          0x00002ea0       0x90 c:/ti/gcc_arm_none_eabi_9_2_1/bin/../lib/gcc/arm-none-eabi/9.2.1/thumb/v6-m/nofp\libgcc.a(extendsfdf2.o)
                0x00002ea0                __aeabi_f2d
 .text          0x00002f30      0x110 c:/ti/gcc_arm_none_eabi_9_2_1/bin/../lib/gcc/arm-none-eabi/9.2.1/thumb/v6-m/nofp\libgcc.a(truncdfsf2.o)
                0x00002f30                __aeabi_d2f
 .text          0x00003040       0x3c c:/ti/gcc_arm_none_eabi_9_2_1/bin/../lib/gcc/arm-none-eabi/9.2.1/thumb/v6-m/nofp\libgcc.a(_clzsi2.o)
                0x00003040                __clzsi2
 .text          0x0000307c        0x0 C:/TI/gcc_arm_none_eabi_9_2_1/arm-none-eabi/lib/thumb/v6-m/nofp\libc.a(lib_a-init.o)
 .text          0x0000307c        0x0 C:/TI/gcc_arm_none_eabi_9_2_1/arm-none-eabi/lib/thumb/v6-m/nofp\libc.a(lib_a-memset.o)
 .text          0x0000307c        0x0 C:/TI/gcc_arm_none_eabi_9_2_1/arm-none-eabi/lib/thumb/v6-m/nofp\libc.a(lib_a-printf.o)
 .text          0x0000307c        0x0 C:/TI/gcc_arm_none_eabi_9_2_1/arm-none-eabi/lib/thumb/v6-m/nofp\libc.a(lib_a-sscanf.o)
 .text          0x0000307c        0x0 C:/TI/gcc_arm_none_eabi_9_2_1/arm-none-eabi/lib/thumb/v6-m/nofp\libc.a(lib_a-stdio.o)
 .text          0x0000307c       0x88 C:/TI/gcc_arm_none_eabi_9_2_1/arm-none-eabi/lib/thumb/v6-m/nofp\libc.a(lib_a-strcmp.o)
                0x0000307c                strcmp
 .text          0x00003104        0x0 C:/TI/gcc_arm_none_eabi_9_2_1/arm-none-eabi/lib/thumb/v6-m/nofp\libc.a(lib_a-strlen-stub.o)
 .text          0x00003104        0x0 C:/TI/gcc_arm_none_eabi_9_2_1/arm-none-eabi/lib/thumb/v6-m/nofp\libc.a(lib_a-svfscanf.o)
 .text          0x00003104        0x0 C:/TI/gcc_arm_none_eabi_9_2_1/arm-none-eabi/lib/thumb/v6-m/nofp\libc.a(lib_a-vfprintf.o)
 .text          0x00003104        0x0 C:/TI/gcc_arm_none_eabi_9_2_1/arm-none-eabi/lib/thumb/v6-m/nofp\libc.a(lib_a-vsnprintf.o)
 .text          0x00003104        0x0 C:/TI/gcc_arm_none_eabi_9_2_1/arm-none-eabi/lib/thumb/v6-m/nofp\libc.a(lib_a-writer.o)
 .text          0x00003104        0x0 C:/TI/gcc_arm_none_eabi_9_2_1/arm-none-eabi/lib/thumb/v6-m/nofp\libc.a(lib_a-wsetup.o)
 .text          0x00003104        0x0 C:/TI/gcc_arm_none_eabi_9_2_1/arm-none-eabi/lib/thumb/v6-m/nofp\libc.a(lib_a-closer.o)
 .text          0x00003104        0x0 C:/TI/gcc_arm_none_eabi_9_2_1/arm-none-eabi/lib/thumb/v6-m/nofp\libc.a(lib_a-ctype_.o)
 .text          0x00003104        0x0 C:/TI/gcc_arm_none_eabi_9_2_1/arm-none-eabi/lib/thumb/v6-m/nofp\libc.a(lib_a-dtoa.o)
 .text          0x00003104        0x0 C:/TI/gcc_arm_none_eabi_9_2_1/arm-none-eabi/lib/thumb/v6-m/nofp\libc.a(lib_a-fflush.o)
 .text          0x00003104        0x0 C:/TI/gcc_arm_none_eabi_9_2_1/arm-none-eabi/lib/thumb/v6-m/nofp\libc.a(lib_a-findfp.o)
 .text          0x00003104        0x0 C:/TI/gcc_arm_none_eabi_9_2_1/arm-none-eabi/lib/thumb/v6-m/nofp\libc.a(lib_a-freer.o)
 .text          0x00003104        0x0 C:/TI/gcc_arm_none_eabi_9_2_1/arm-none-eabi/lib/thumb/v6-m/nofp\libc.a(lib_a-fwalk.o)
 .text          0x00003104        0x0 C:/TI/gcc_arm_none_eabi_9_2_1/arm-none-eabi/lib/thumb/v6-m/nofp\libc.a(lib_a-impure.o)
 .text          0x00003104        0x0 C:/TI/gcc_arm_none_eabi_9_2_1/arm-none-eabi/lib/thumb/v6-m/nofp\libc.a(lib_a-iswspace.o)
 .text          0x00003104        0x0 C:/TI/gcc_arm_none_eabi_9_2_1/arm-none-eabi/lib/thumb/v6-m/nofp\libc.a(lib_a-iswspace_l.o)
 .text          0x00003104        0x0 C:/TI/gcc_arm_none_eabi_9_2_1/arm-none-eabi/lib/thumb/v6-m/nofp\libc.a(lib_a-locale.o)
 .text          0x00003104        0x0 C:/TI/gcc_arm_none_eabi_9_2_1/arm-none-eabi/lib/thumb/v6-m/nofp\libc.a(lib_a-localeconv.o)
 .text          0x00003104        0x0 C:/TI/gcc_arm_none_eabi_9_2_1/arm-none-eabi/lib/thumb/v6-m/nofp\libc.a(lib_a-lock.o)
 .text          0x00003104        0x0 C:/TI/gcc_arm_none_eabi_9_2_1/arm-none-eabi/lib/thumb/v6-m/nofp\libc.a(lib_a-lseekr.o)
 .text          0x00003104        0x0 C:/TI/gcc_arm_none_eabi_9_2_1/arm-none-eabi/lib/thumb/v6-m/nofp\libc.a(lib_a-makebuf.o)
 .text          0x00003104        0x0 C:/TI/gcc_arm_none_eabi_9_2_1/arm-none-eabi/lib/thumb/v6-m/nofp\libc.a(lib_a-malloc.o)
 .text          0x00003104        0x0 C:/TI/gcc_arm_none_eabi_9_2_1/arm-none-eabi/lib/thumb/v6-m/nofp\libc.a(lib_a-mallocr.o)
 .text          0x00003104        0x0 C:/TI/gcc_arm_none_eabi_9_2_1/arm-none-eabi/lib/thumb/v6-m/nofp\libc.a(lib_a-mbrtowc.o)
 .text          0x00003104        0x0 C:/TI/gcc_arm_none_eabi_9_2_1/arm-none-eabi/lib/thumb/v6-m/nofp\libc.a(lib_a-mbtowc_r.o)
 .text          0x00003104        0x0 C:/TI/gcc_arm_none_eabi_9_2_1/arm-none-eabi/lib/thumb/v6-m/nofp\libc.a(lib_a-memchr-stub.o)
 .text          0x00003104        0x0 C:/TI/gcc_arm_none_eabi_9_2_1/arm-none-eabi/lib/thumb/v6-m/nofp\libc.a(lib_a-memcpy-stub.o)
 .text          0x00003104        0x0 C:/TI/gcc_arm_none_eabi_9_2_1/arm-none-eabi/lib/thumb/v6-m/nofp\libc.a(lib_a-mlock.o)
 .text          0x00003104        0x0 C:/TI/gcc_arm_none_eabi_9_2_1/arm-none-eabi/lib/thumb/v6-m/nofp\libc.a(lib_a-mprec.o)
 .text          0x00003104        0x0 C:/TI/gcc_arm_none_eabi_9_2_1/arm-none-eabi/lib/thumb/v6-m/nofp\libc.a(lib_a-readr.o)
 .text          0x00003104        0x0 C:/TI/gcc_arm_none_eabi_9_2_1/arm-none-eabi/lib/thumb/v6-m/nofp\libc.a(lib_a-realloc.o)
 .text          0x00003104        0x0 C:/TI/gcc_arm_none_eabi_9_2_1/arm-none-eabi/lib/thumb/v6-m/nofp\libc.a(lib_a-reallocr.o)
 .text          0x00003104        0x0 C:/TI/gcc_arm_none_eabi_9_2_1/arm-none-eabi/lib/thumb/v6-m/nofp\libc.a(lib_a-reent.o)
 .text          0x00003104        0x0 C:/TI/gcc_arm_none_eabi_9_2_1/arm-none-eabi/lib/thumb/v6-m/nofp\libc.a(lib_a-s_frexp.o)
 .text          0x00003104        0x0 C:/TI/gcc_arm_none_eabi_9_2_1/arm-none-eabi/lib/thumb/v6-m/nofp\libc.a(lib_a-sbrkr.o)
 .text          0x00003104        0x0 C:/TI/gcc_arm_none_eabi_9_2_1/arm-none-eabi/lib/thumb/v6-m/nofp\libc.a(lib_a-sccl.o)
 .text          0x00003104        0x0 C:/TI/gcc_arm_none_eabi_9_2_1/arm-none-eabi/lib/thumb/v6-m/nofp\libc.a(lib_a-sf_nan.o)
 .text          0x00003104        0x0 C:/TI/gcc_arm_none_eabi_9_2_1/arm-none-eabi/lib/thumb/v6-m/nofp\libc.a(lib_a-sprintf.o)
 .text          0x00003104        0x0 C:/TI/gcc_arm_none_eabi_9_2_1/arm-none-eabi/lib/thumb/v6-m/nofp\libc.a(lib_a-strncpy.o)
 .text          0x00003104        0x0 C:/TI/gcc_arm_none_eabi_9_2_1/arm-none-eabi/lib/thumb/v6-m/nofp\libc.a(lib_a-strtod.o)
 .text          0x00003104        0x0 C:/TI/gcc_arm_none_eabi_9_2_1/arm-none-eabi/lib/thumb/v6-m/nofp\libc.a(lib_a-strtol.o)
 .text          0x00003104        0x0 C:/TI/gcc_arm_none_eabi_9_2_1/arm-none-eabi/lib/thumb/v6-m/nofp\libc.a(lib_a-strtoll.o)
 .text          0x00003104        0x0 C:/TI/gcc_arm_none_eabi_9_2_1/arm-none-eabi/lib/thumb/v6-m/nofp\libc.a(lib_a-strtoul.o)
 .text          0x00003104        0x0 C:/TI/gcc_arm_none_eabi_9_2_1/arm-none-eabi/lib/thumb/v6-m/nofp\libc.a(lib_a-strtoull.o)
 .text          0x00003104        0x0 C:/TI/gcc_arm_none_eabi_9_2_1/arm-none-eabi/lib/thumb/v6-m/nofp\libc.a(lib_a-svfiscanf.o)
 .text          0x00003104        0x0 C:/TI/gcc_arm_none_eabi_9_2_1/arm-none-eabi/lib/thumb/v6-m/nofp\libc.a(lib_a-svfprintf.o)
 .text          0x00003104        0x0 C:/TI/gcc_arm_none_eabi_9_2_1/arm-none-eabi/lib/thumb/v6-m/nofp\libc.a(lib_a-ungetc.o)
 .text          0x00003104        0x0 C:/TI/gcc_arm_none_eabi_9_2_1/arm-none-eabi/lib/thumb/v6-m/nofp\libc.a(lib_a-vfiprintf.o)
 .text          0x00003104        0x0 C:/TI/gcc_arm_none_eabi_9_2_1/arm-none-eabi/lib/thumb/v6-m/nofp\libc.a(lib_a-wctomb_r.o)
 .text          0x00003104        0x0 C:/TI/gcc_arm_none_eabi_9_2_1/arm-none-eabi/lib/thumb/v6-m/nofp\libc.a(lib_a-callocr.o)
 .text          0x00003104        0x0 C:/TI/gcc_arm_none_eabi_9_2_1/arm-none-eabi/lib/thumb/v6-m/nofp\libc.a(lib_a-fclose.o)
 .text          0x00003104        0x0 C:/TI/gcc_arm_none_eabi_9_2_1/arm-none-eabi/lib/thumb/v6-m/nofp\libc.a(lib_a-fputwc.o)
 .text          0x00003104        0x0 C:/TI/gcc_arm_none_eabi_9_2_1/arm-none-eabi/lib/thumb/v6-m/nofp\libc.a(lib_a-fstatr.o)
 .text          0x00003104        0x0 C:/TI/gcc_arm_none_eabi_9_2_1/arm-none-eabi/lib/thumb/v6-m/nofp\libc.a(lib_a-fvwrite.o)
 .text          0x00003104        0x0 C:/TI/gcc_arm_none_eabi_9_2_1/arm-none-eabi/lib/thumb/v6-m/nofp\libc.a(lib_a-gdtoa-gethex.o)
 .text          0x00003104        0x0 C:/TI/gcc_arm_none_eabi_9_2_1/arm-none-eabi/lib/thumb/v6-m/nofp\libc.a(lib_a-gdtoa-hexnan.o)
 .text          0x00003104        0x0 C:/TI/gcc_arm_none_eabi_9_2_1/arm-none-eabi/lib/thumb/v6-m/nofp\libc.a(lib_a-isattyr.o)
 .text          0x00003104        0x0 C:/TI/gcc_arm_none_eabi_9_2_1/arm-none-eabi/lib/thumb/v6-m/nofp\libc.a(lib_a-lnumeric.o)
 .text          0x00003104        0x0 C:/TI/gcc_arm_none_eabi_9_2_1/arm-none-eabi/lib/thumb/v6-m/nofp\libc.a(lib_a-memmove.o)
 .text          0x00003104        0x0 C:/TI/gcc_arm_none_eabi_9_2_1/arm-none-eabi/lib/thumb/v6-m/nofp\libc.a(lib_a-s_nan.o)
 .text          0x00003104        0x0 C:/TI/gcc_arm_none_eabi_9_2_1/arm-none-eabi/lib/thumb/v6-m/nofp\libc.a(lib_a-strncmp.o)
 .text          0x00003104        0x0 C:/TI/gcc_arm_none_eabi_9_2_1/arm-none-eabi/lib/thumb/v6-m/nofp\libc.a(lib_a-svfiprintf.o)
 .text          0x00003104        0x0 C:/TI/gcc_arm_none_eabi_9_2_1/arm-none-eabi/lib/thumb/v6-m/nofp\libc.a(lib_a-wbuf.o)
 .text          0x00003104        0x0 C:/TI/gcc_arm_none_eabi_9_2_1/arm-none-eabi/lib/thumb/v6-m/nofp\libc.a(lib_a-wcrtomb.o)
 .text          0x00003104        0x0 C:/TI/gcc_arm_none_eabi_9_2_1/arm-none-eabi/lib/thumb/v6-m/nofp\libm.a(lib_a-s_round.o)
 .text          0x00003104        0x0 C:/TI/gcc_arm_none_eabi_9_2_1/arm-none-eabi/lib/thumb/v6-m/nofp\libm.a(lib_a-w_asin.o)
 .text          0x00003104        0x0 C:/TI/gcc_arm_none_eabi_9_2_1/arm-none-eabi/lib/thumb/v6-m/nofp\libm.a(lib_a-w_atan2.o)
 .text          0x00003104        0x0 C:/TI/gcc_arm_none_eabi_9_2_1/arm-none-eabi/lib/thumb/v6-m/nofp\libm.a(lib_a-e_asin.o)
 .text          0x00003104        0x0 C:/TI/gcc_arm_none_eabi_9_2_1/arm-none-eabi/lib/thumb/v6-m/nofp\libm.a(lib_a-e_atan2.o)
 .text          0x00003104        0x0 C:/TI/gcc_arm_none_eabi_9_2_1/arm-none-eabi/lib/thumb/v6-m/nofp\libm.a(lib_a-e_sqrt.o)
 .text          0x00003104        0x0 C:/TI/gcc_arm_none_eabi_9_2_1/arm-none-eabi/lib/thumb/v6-m/nofp\libm.a(lib_a-s_atan.o)
 .text          0x00003104        0x0 C:/TI/gcc_arm_none_eabi_9_2_1/arm-none-eabi/lib/thumb/v6-m/nofp\libm.a(lib_a-s_fabs.o)
 .text          0x00003104        0x0 C:/TI/gcc_arm_none_eabi_9_2_1/arm-none-eabi/lib/thumb/v6-m/nofp\libm.a(lib_a-s_lib_ver.o)
 .text          0x00003104        0x0 C:/TI/gcc_arm_none_eabi_9_2_1/arm-none-eabi/lib/thumb/v6-m/nofp\libm.a(lib_a-s_matherr.o)
 .text          0x00003104       0x40 c:/ti/gcc_arm_none_eabi_9_2_1/bin/../lib/gcc/arm-none-eabi/9.2.1/thumb/v6-m/nofp\libgcc.a(_aeabi_uldivmod.o)
                0x00003104                __aeabi_uldivmod
 .text          0x00003144       0x50 c:/ti/gcc_arm_none_eabi_9_2_1/bin/../lib/gcc/arm-none-eabi/9.2.1/thumb/v6-m/nofp\libgcc.a(_muldi3.o)
                0x00003144                __muldi3
                0x00003144                __aeabi_lmul
 .text          0x00003194       0x3c c:/ti/gcc_arm_none_eabi_9_2_1/bin/../lib/gcc/arm-none-eabi/9.2.1/thumb/v6-m/nofp\libgcc.a(_fixdfdi.o)
                0x00003194                __fixdfdi
                0x00003194                __aeabi_d2lz
 .text          0x000031d0       0x3c c:/ti/gcc_arm_none_eabi_9_2_1/bin/../lib/gcc/arm-none-eabi/9.2.1/thumb/v6-m/nofp\libgcc.a(_fixunsdfdi.o)
                0x000031d0                __fixunsdfdi
                0x000031d0                __aeabi_d2ulz
 .text          0x0000320c       0x2c c:/ti/gcc_arm_none_eabi_9_2_1/bin/../lib/gcc/arm-none-eabi/9.2.1/thumb/v6-m/nofp\libgcc.a(_floatdidf.o)
                0x0000320c                __aeabi_l2d
                0x0000320c                __floatdidf
 .text          0x00003238      0x198 c:/ti/gcc_arm_none_eabi_9_2_1/bin/../lib/gcc/arm-none-eabi/9.2.1/thumb/v6-m/nofp\libgcc.a(_udivmoddi4.o)
                0x00003238                __udivmoddi4
 .text          0x000033d0       0x2c c:/ti/gcc_arm_none_eabi_9_2_1/bin/../lib/gcc/arm-none-eabi/9.2.1/thumb/v6-m/nofp\libgcc.a(unordsf2.o)
                0x000033d0                __aeabi_fcmpun
 .text          0x000033fc       0x3c c:/ti/gcc_arm_none_eabi_9_2_1/bin/../lib/gcc/arm-none-eabi/9.2.1/thumb/v6-m/nofp\libgcc.a(unorddf2.o)
                0x000033fc                __aeabi_dcmpun
 .text          0x00003438       0x18 c:/ti/gcc_arm_none_eabi_9_2_1/bin/../lib/gcc/arm-none-eabi/9.2.1/thumb/v6-m/nofp\libgcc.a(_clzdi2.o)
                0x00003438                __clzdi2
 .text          0x00003450        0x0 C:/TI/gcc_arm_none_eabi_9_2_1/arm-none-eabi/lib/thumb/v6-m/nofp\libg.a(lib_a-errno.o)
 .text          0x00003450        0x0 C:/TI/gcc_arm_none_eabi_9_2_1/arm-none-eabi/lib/thumb/v6-m/nofp\libnosys.a(close.o)
 .text          0x00003450        0x0 C:/TI/gcc_arm_none_eabi_9_2_1/arm-none-eabi/lib/thumb/v6-m/nofp\libnosys.a(fstat.o)
 .text          0x00003450        0x0 C:/TI/gcc_arm_none_eabi_9_2_1/arm-none-eabi/lib/thumb/v6-m/nofp\libnosys.a(isatty.o)
 .text          0x00003450        0x0 C:/TI/gcc_arm_none_eabi_9_2_1/arm-none-eabi/lib/thumb/v6-m/nofp\libnosys.a(lseek.o)
 .text          0x00003450        0x0 C:/TI/gcc_arm_none_eabi_9_2_1/arm-none-eabi/lib/thumb/v6-m/nofp\libnosys.a(read.o)
 .text          0x00003450        0x0 C:/TI/gcc_arm_none_eabi_9_2_1/arm-none-eabi/lib/thumb/v6-m/nofp\libnosys.a(sbrk.o)
 .text          0x00003450        0x0 C:/TI/gcc_arm_none_eabi_9_2_1/arm-none-eabi/lib/thumb/v6-m/nofp\libnosys.a(write.o)
                0x00003450                . = ALIGN (0x8)
 *(.text.*)
 .text.TIMG6_IRQHandler
                0x00003450        0x4 ./empty.o
                0x00003450                TIMG6_IRQHandler
 .text.SysTick_Handler
                0x00003454        0xc ./empty.o
                0x00003454                SysTick_Handler
 .text.startup.main
                0x00003460      0x4d0 ./empty.o
                0x00003460                main
 .text.SYSCFG_DL_initPower
                0x00003930       0x78 ./ti_msp_dl_config.o
                0x00003930                SYSCFG_DL_initPower
 .text.SYSCFG_DL_GPIO_init
                0x000039a8       0xf8 ./ti_msp_dl_config.o
                0x000039a8                SYSCFG_DL_GPIO_init
 .text.SYSCFG_DL_SYSCTL_SYSPLL_init
                0x00003aa0       0xb8 ./ti_msp_dl_config.o
                0x00003aa0                SYSCFG_DL_SYSCTL_SYSPLL_init
 .text.SYSCFG_DL_SYSCTL_init
                0x00003b58       0x98 ./ti_msp_dl_config.o
                0x00003b58                SYSCFG_DL_SYSCTL_init
 .text.SYSCFG_DL_PWM_MOTOR_init
                0x00003bf0       0x90 ./ti_msp_dl_config.o
                0x00003bf0                SYSCFG_DL_PWM_MOTOR_init
 .text.SYSCFG_DL_TIMER_0_init
                0x00003c80       0x54 ./ti_msp_dl_config.o
                0x00003c80                SYSCFG_DL_TIMER_0_init
 .text.SYSCFG_DL_I2C_0_init
                0x00003cd4       0x74 ./ti_msp_dl_config.o
                0x00003cd4                SYSCFG_DL_I2C_0_init
 .text.SYSCFG_DL_I2C_OLED_init
                0x00003d48       0x74 ./ti_msp_dl_config.o
                0x00003d48                SYSCFG_DL_I2C_OLED_init
 .text.SYSCFG_DL_UART_0_init
                0x00003dbc       0xc4 ./ti_msp_dl_config.o
                0x00003dbc                SYSCFG_DL_UART_0_init
 .text.SYSCFG_DL_init
                0x00003e80       0x30 ./ti_msp_dl_config.o
                0x00003e80                SYSCFG_DL_init
 .text.Default_Handler
                0x00003eb0        0x4 ./startup_mspm0g350x_gcc.o
                0x00003eb0                TIMG8_IRQHandler
                0x00003eb0                I2C0_IRQHandler
                0x00003eb0                HardFault_Handler
                0x00003eb0                PendSV_Handler
                0x00003eb0                NMI_Handler
                0x00003eb0                I2C1_IRQHandler
                0x00003eb0                UART1_IRQHandler
                0x00003eb0                TIMA1_IRQHandler
                0x00003eb0                ADC0_IRQHandler
                0x00003eb0                SPI1_IRQHandler
                0x00003eb0                TIMG0_IRQHandler
                0x00003eb0                ADC1_IRQHandler
                0x00003eb0                GROUP1_IRQHandler
                0x00003eb0                RTC_IRQHandler
                0x00003eb0                GROUP0_IRQHandler
                0x00003eb0                UART2_IRQHandler
                0x00003eb0                Default_Handler
                0x00003eb0                SVC_Handler
                0x00003eb0                TIMG12_IRQHandler
                0x00003eb0                DAC0_IRQHandler
                0x00003eb0                TIMG7_IRQHandler
                0x00003eb0                SPI0_IRQHandler
                0x00003eb0                AES_IRQHandler
                0x00003eb0                DMA_IRQHandler
                0x00003eb0                TIMA0_IRQHandler
                0x00003eb0                UART3_IRQHandler
                0x00003eb0                CANFD0_IRQHandler
 .text.Reset_Handler
                0x00003eb4       0x8c ./startup_mspm0g350x_gcc.o
                0x00003eb4                Reset_Handler
 .text.initStub
                0x00003f40        0x4 ./startup_mspm0g350x_gcc.o
                0x00003f40                initStub
                0x00003f40                _init
 .text.Button_Poll
                0x00003f44       0x64 ./Button/Button.o
                0x00003f44                Button_Poll
 .text.Button_IsPressed
                0x00003fa8       0x10 ./Button/Button.o
                0x00003fa8                Button_IsPressed
 .text.Control_Init
                0x00003fb8       0x84 ./Control/Control.o
                0x00003fb8                Control_Init
 .text.Control_SetMode
                0x0000403c       0x28 ./Control/Control.o
                0x0000403c                Control_SetMode
 .text.Control_SetTargetSpeed
                0x00004064       0x30 ./Control/Control.o
                0x00004064                Control_SetTargetSpeed
 .text.Control_SetTargetYaw
                0x00004094        0xc ./Control/Control.o
                0x00004094                Control_SetTargetYaw
 .text.Control_Update
                0x000040a0      0x214 ./Control/Control.o
                0x000040a0                Control_Update
 .text.Motor_Init
                0x000042b4       0x60 ./Motor/Motor.o
                0x000042b4                Motor_Init
 .text.Motor_SetLeftSpeed
                0x00004314       0x8c ./Motor/Motor.o
                0x00004314                Motor_SetLeftSpeed
 .text.Motor_SetRightSpeed
                0x000043a0       0x8c ./Motor/Motor.o
                0x000043a0                Motor_SetRightSpeed
 .text.Motor_UpdateLeftEncoder
                0x0000442c       0x50 ./Motor/Motor.o
                0x0000442c                Motor_UpdateLeftEncoder
 .text.Motor_UpdateRightEncoder
                0x0000447c       0x48 ./Motor/Motor.o
                0x0000447c                Motor_UpdateRightEncoder
 .text.Motor_UpdateSpeed
                0x000044c4       0x84 ./Motor/Motor.o
                0x000044c4                Motor_UpdateSpeed
 .text.Motor_GetSpeed
                0x00004548       0x18 ./Motor/Motor.o
                0x00004548                Motor_GetSpeed
 .text.I2C_Transmit.constprop.0
                0x00004560       0x70 ./OLED/OLED.o
 .text.OLED_SetCursor
                0x000045d0       0x3c ./OLED/OLED.o
                0x000045d0                OLED_SetCursor
 .text.OLED_Init
                0x0000460c      0x170 ./OLED/OLED.o
                0x0000460c                OLED_Init
 .text.OLED_Update
                0x0000477c       0x50 ./OLED/OLED.o
                0x0000477c                OLED_Update
 .text.OLED_Clear
                0x000047cc       0x2c ./OLED/OLED.o
                0x000047cc                OLED_Clear
 .text.OLED_ClearArea
                0x000047f8       0x78 ./OLED/OLED.o
                0x000047f8                OLED_ClearArea
 .text.OLED_ShowImage
                0x00004870       0xfc ./OLED/OLED.o
                0x00004870                OLED_ShowImage
 .text.OLED_ShowChar
                0x0000496c       0x44 ./OLED/OLED.o
                0x0000496c                OLED_ShowChar
 .text.OLED_ShowString
                0x000049b0      0x1a0 ./OLED/OLED.o
                0x000049b0                OLED_ShowString
 .text.OLED_Printf
                0x00004b50       0x30 ./OLED/OLED.o
                0x00004b50                OLED_Printf
 .text.PID_Init
                0x00004b80       0x10 ./PID/PID.o
                0x00004b80                PID_Init
 .text.PID_Update
                0x00004b90       0xc8 ./PID/PID.o
                0x00004b90                PID_Update
 .text.Read_Track_DATA
                0x00004c58       0xb0 ./Track/Track.o
                0x00004c58                Read_Track_DATA
 .text.Track_Err
                0x00004d08       0x64 ./Track/Track.o
                0x00004d08                Track_Err
 .text.UART0_IRQHandler
                0x00004d6c       0x88 ./UART/uart_comm.o
                0x00004d6c                UART0_IRQHandler
 .text.DL_Common_delayCycles
                0x00004df4        0xc D:/ti/ccs2051/mspm0_sdk_2_10_00_04/source\ti/driverlib/lib/gcc/m0p/mspm0g1x0x_g3x0x/driverlib.a(dl_common.o)
                0x00004df4                DL_Common_delayCycles
 .text.DL_I2C_setClockConfig
                0x00004e00       0x28 D:/ti/ccs2051/mspm0_sdk_2_10_00_04/source\ti/driverlib/lib/gcc/m0p/mspm0g1x0x_g3x0x/driverlib.a(dl_i2c.o)
                0x00004e00                DL_I2C_setClockConfig
 .text.DL_I2C_fillControllerTXFIFO
                0x00004e28       0x48 D:/ti/ccs2051/mspm0_sdk_2_10_00_04/source\ti/driverlib/lib/gcc/m0p/mspm0g1x0x_g3x0x/driverlib.a(dl_i2c.o)
                0x00004e28                DL_I2C_fillControllerTXFIFO
 .text.DL_I2C_flushControllerTXFIFO
                0x00004e70       0x34 D:/ti/ccs2051/mspm0_sdk_2_10_00_04/source\ti/driverlib/lib/gcc/m0p/mspm0g1x0x_g3x0x/driverlib.a(dl_i2c.o)
                0x00004e70                DL_I2C_flushControllerTXFIFO
 .text.DL_Timer_setClockConfig
                0x00004ea4       0x1c D:/ti/ccs2051/mspm0_sdk_2_10_00_04/source\ti/driverlib/lib/gcc/m0p/mspm0g1x0x_g3x0x/driverlib.a(dl_timer.o)
                0x00004ea4                DL_Timer_setClockConfig
 .text.DL_Timer_initTimerMode
                0x00004ec0       0x8c D:/ti/ccs2051/mspm0_sdk_2_10_00_04/source\ti/driverlib/lib/gcc/m0p/mspm0g1x0x_g3x0x/driverlib.a(dl_timer.o)
                0x00004ec0                DL_Timer_initTimerMode
 .text.DL_Timer_setCaptureCompareValue
                0x00004f4c       0x14 D:/ti/ccs2051/mspm0_sdk_2_10_00_04/source\ti/driverlib/lib/gcc/m0p/mspm0g1x0x_g3x0x/driverlib.a(dl_timer.o)
                0x00004f4c                DL_Timer_setCaptureCompareValue
 .text.DL_Timer_setCaptCompUpdateMethod
                0x00004f60       0x20 D:/ti/ccs2051/mspm0_sdk_2_10_00_04/source\ti/driverlib/lib/gcc/m0p/mspm0g1x0x_g3x0x/driverlib.a(dl_timer.o)
                0x00004f60                DL_Timer_setCaptCompUpdateMethod
 .text.DL_Timer_setCaptureCompareOutCtl
                0x00004f80       0x1c D:/ti/ccs2051/mspm0_sdk_2_10_00_04/source\ti/driverlib/lib/gcc/m0p/mspm0g1x0x_g3x0x/driverlib.a(dl_timer.o)
                0x00004f80                DL_Timer_setCaptureCompareOutCtl
 .text.DL_Timer_initFourCCPWMMode
                0x00004f9c      0x190 D:/ti/ccs2051/mspm0_sdk_2_10_00_04/source\ti/driverlib/lib/gcc/m0p/mspm0g1x0x_g3x0x/driverlib.a(dl_timer.o)
                0x00004f9c                DL_Timer_initFourCCPWMMode
 .text.DL_UART_init
                0x0000512c       0x48 D:/ti/ccs2051/mspm0_sdk_2_10_00_04/source\ti/driverlib/lib/gcc/m0p/mspm0g1x0x_g3x0x/driverlib.a(dl_uart.o)
                0x0000512c                DL_UART_init
 .text.DL_UART_setClockConfig
                0x00005174       0x14 D:/ti/ccs2051/mspm0_sdk_2_10_00_04/source\ti/driverlib/lib/gcc/m0p/mspm0g1x0x_g3x0x/driverlib.a(dl_uart.o)
                0x00005174                DL_UART_setClockConfig
 .text.DL_SYSCTL_configSYSPLL
                0x00005188      0x10c D:/ti/ccs2051/mspm0_sdk_2_10_00_04/source\ti/driverlib/lib/gcc/m0p/mspm0g1x0x_g3x0x/driverlib.a(dl_sysctl_mspm0g1x0x_g3x0x.o)
                0x00005188                DL_SYSCTL_configSYSPLL
 .text.DL_SYSCTL_switchMCLKfromSYSOSCtoHSCLK
                0x00005294       0x3c D:/ti/ccs2051/mspm0_sdk_2_10_00_04/source\ti/driverlib/lib/gcc/m0p/mspm0g1x0x_g3x0x/driverlib.a(dl_sysctl_mspm0g1x0x_g3x0x.o)
                0x00005294                DL_SYSCTL_switchMCLKfromSYSOSCtoHSCLK
 .text.DL_SYSCTL_configFCC
                0x000052d0       0x1c D:/ti/ccs2051/mspm0_sdk_2_10_00_04/source\ti/driverlib/lib/gcc/m0p/mspm0g1x0x_g3x0x/driverlib.a(dl_sysctl_mspm0g1x0x_g3x0x.o)
                0x000052d0                DL_SYSCTL_configFCC
 .text.__libc_init_array
                0x000052ec       0x44 C:/TI/gcc_arm_none_eabi_9_2_1/arm-none-eabi/lib/thumb/v6-m/nofp\libc.a(lib_a-init.o)
                0x000052ec                __libc_init_array
 .text.memset   0x00005330       0xa8 C:/TI/gcc_arm_none_eabi_9_2_1/arm-none-eabi/lib/thumb/v6-m/nofp\libc.a(lib_a-memset.o)
                0x00005330                memset
 .text.sscanf   0x000053d8       0x50 C:/TI/gcc_arm_none_eabi_9_2_1/arm-none-eabi/lib/thumb/v6-m/nofp\libc.a(lib_a-sscanf.o)
                0x000053d8                sscanf
 .text.__seofread
                0x00005428        0x4 C:/TI/gcc_arm_none_eabi_9_2_1/arm-none-eabi/lib/thumb/v6-m/nofp\libc.a(lib_a-stdio.o)
                0x00005428                __seofread
 .text.strlen   0x0000542c       0x5c C:/TI/gcc_arm_none_eabi_9_2_1/arm-none-eabi/lib/thumb/v6-m/nofp\libc.a(lib_a-strlen-stub.o)
                0x0000542c                strlen
 .text.__ssvfscanf_r
                0x00005488     0x1864 C:/TI/gcc_arm_none_eabi_9_2_1/arm-none-eabi/lib/thumb/v6-m/nofp\libc.a(lib_a-svfscanf.o)
                0x00005488                __ssvfscanf_r
 .text._vsnprintf_r
                0x00006cec       0x70 C:/TI/gcc_arm_none_eabi_9_2_1/arm-none-eabi/lib/thumb/v6-m/nofp\libc.a(lib_a-vsnprintf.o)
                0x00006cec                _vsnprintf_r
 .text.vsnprintf
                0x00006d5c       0x20 C:/TI/gcc_arm_none_eabi_9_2_1/arm-none-eabi/lib/thumb/v6-m/nofp\libc.a(lib_a-vsnprintf.o)
                0x00006d5c                vsnprintf
 .text.quorem   0x00006d7c      0x148 C:/TI/gcc_arm_none_eabi_9_2_1/arm-none-eabi/lib/thumb/v6-m/nofp\libc.a(lib_a-dtoa.o)
 .text._dtoa_r  0x00006ec4      0xfa0 C:/TI/gcc_arm_none_eabi_9_2_1/arm-none-eabi/lib/thumb/v6-m/nofp\libc.a(lib_a-dtoa.o)
                0x00006ec4                _dtoa_r
 .text._malloc_trim_r
                0x00007e64       0x9c C:/TI/gcc_arm_none_eabi_9_2_1/arm-none-eabi/lib/thumb/v6-m/nofp\libc.a(lib_a-freer.o)
                0x00007e64                _malloc_trim_r
 .text._free_r  0x00007f00      0x1c4 C:/TI/gcc_arm_none_eabi_9_2_1/arm-none-eabi/lib/thumb/v6-m/nofp\libc.a(lib_a-freer.o)
                0x00007f00                _free_r
 .text.iswspace
                0x000080c4        0xc C:/TI/gcc_arm_none_eabi_9_2_1/arm-none-eabi/lib/thumb/v6-m/nofp\libc.a(lib_a-iswspace.o)
                0x000080c4                iswspace
 .text.iswspace_l
                0x000080d0       0x18 C:/TI/gcc_arm_none_eabi_9_2_1/arm-none-eabi/lib/thumb/v6-m/nofp\libc.a(lib_a-iswspace_l.o)
                0x000080d0                iswspace_l
 .text.__locale_mb_cur_max
                0x000080e8       0x10 C:/TI/gcc_arm_none_eabi_9_2_1/arm-none-eabi/lib/thumb/v6-m/nofp\libc.a(lib_a-locale.o)
                0x000080e8                __locale_mb_cur_max
 .text._localeconv_r
                0x000080f8        0x8 C:/TI/gcc_arm_none_eabi_9_2_1/arm-none-eabi/lib/thumb/v6-m/nofp\libc.a(lib_a-localeconv.o)
                0x000080f8                _localeconv_r
 .text.__retarget_lock_acquire_recursive
                0x00008100        0x4 C:/TI/gcc_arm_none_eabi_9_2_1/arm-none-eabi/lib/thumb/v6-m/nofp\libc.a(lib_a-lock.o)
                0x00008100                __retarget_lock_acquire_recursive
 .text.__retarget_lock_release_recursive
                0x00008104        0x4 C:/TI/gcc_arm_none_eabi_9_2_1/arm-none-eabi/lib/thumb/v6-m/nofp\libc.a(lib_a-lock.o)
                0x00008104                __retarget_lock_release_recursive
 .text.malloc   0x00008108       0x14 C:/TI/gcc_arm_none_eabi_9_2_1/arm-none-eabi/lib/thumb/v6-m/nofp\libc.a(lib_a-malloc.o)
                0x00008108                malloc
 .text.free     0x0000811c       0x14 C:/TI/gcc_arm_none_eabi_9_2_1/arm-none-eabi/lib/thumb/v6-m/nofp\libc.a(lib_a-malloc.o)
                0x0000811c                free
 .text._malloc_r
                0x00008130      0x580 C:/TI/gcc_arm_none_eabi_9_2_1/arm-none-eabi/lib/thumb/v6-m/nofp\libc.a(lib_a-mallocr.o)
                0x00008130                _malloc_r
 .text._mbrtowc_r
                0x000086b0       0x4c C:/TI/gcc_arm_none_eabi_9_2_1/arm-none-eabi/lib/thumb/v6-m/nofp\libc.a(lib_a-mbrtowc.o)
                0x000086b0                _mbrtowc_r
 .text.__ascii_mbtowc
                0x000086fc       0x2c C:/TI/gcc_arm_none_eabi_9_2_1/arm-none-eabi/lib/thumb/v6-m/nofp\libc.a(lib_a-mbtowc_r.o)
                0x000086fc                __ascii_mbtowc
 .text.memchr   0x00008728       0x74 C:/TI/gcc_arm_none_eabi_9_2_1/arm-none-eabi/lib/thumb/v6-m/nofp\libc.a(lib_a-memchr-stub.o)
                0x00008728                memchr
 .text.memcpy   0x0000879c       0xa4 C:/TI/gcc_arm_none_eabi_9_2_1/arm-none-eabi/lib/thumb/v6-m/nofp\libc.a(lib_a-memcpy-stub.o)
                0x0000879c                memcpy
 .text.__malloc_lock
                0x00008840       0x10 C:/TI/gcc_arm_none_eabi_9_2_1/arm-none-eabi/lib/thumb/v6-m/nofp\libc.a(lib_a-mlock.o)
                0x00008840                __malloc_lock
 .text.__malloc_unlock
                0x00008850       0x10 C:/TI/gcc_arm_none_eabi_9_2_1/arm-none-eabi/lib/thumb/v6-m/nofp\libc.a(lib_a-mlock.o)
                0x00008850                __malloc_unlock
 .text._Balloc  0x00008860       0x50 C:/TI/gcc_arm_none_eabi_9_2_1/arm-none-eabi/lib/thumb/v6-m/nofp\libc.a(lib_a-mprec.o)
                0x00008860                _Balloc
 .text._Bfree   0x000088b0       0x14 C:/TI/gcc_arm_none_eabi_9_2_1/arm-none-eabi/lib/thumb/v6-m/nofp\libc.a(lib_a-mprec.o)
                0x000088b0                _Bfree
 .text.__multadd
                0x000088c4       0x84 C:/TI/gcc_arm_none_eabi_9_2_1/arm-none-eabi/lib/thumb/v6-m/nofp\libc.a(lib_a-mprec.o)
                0x000088c4                __multadd
 .text.__s2b    0x00008948       0x98 C:/TI/gcc_arm_none_eabi_9_2_1/arm-none-eabi/lib/thumb/v6-m/nofp\libc.a(lib_a-mprec.o)
                0x00008948                __s2b
 .text.__hi0bits
                0x000089e0       0x38 C:/TI/gcc_arm_none_eabi_9_2_1/arm-none-eabi/lib/thumb/v6-m/nofp\libc.a(lib_a-mprec.o)
                0x000089e0                __hi0bits
 .text.__lo0bits
                0x00008a18       0x5c C:/TI/gcc_arm_none_eabi_9_2_1/arm-none-eabi/lib/thumb/v6-m/nofp\libc.a(lib_a-mprec.o)
                0x00008a18                __lo0bits
 .text.__i2b    0x00008a74       0x14 C:/TI/gcc_arm_none_eabi_9_2_1/arm-none-eabi/lib/thumb/v6-m/nofp\libc.a(lib_a-mprec.o)
                0x00008a74                __i2b
 .text.__multiply
                0x00008a88      0x18c C:/TI/gcc_arm_none_eabi_9_2_1/arm-none-eabi/lib/thumb/v6-m/nofp\libc.a(lib_a-mprec.o)
                0x00008a88                __multiply
 .text.__pow5mult
                0x00008c14       0xc0 C:/TI/gcc_arm_none_eabi_9_2_1/arm-none-eabi/lib/thumb/v6-m/nofp\libc.a(lib_a-mprec.o)
                0x00008c14                __pow5mult
 .text.__lshift
                0x00008cd4       0xec C:/TI/gcc_arm_none_eabi_9_2_1/arm-none-eabi/lib/thumb/v6-m/nofp\libc.a(lib_a-mprec.o)
                0x00008cd4                __lshift
 .text.__mcmp   0x00008dc0       0x38 C:/TI/gcc_arm_none_eabi_9_2_1/arm-none-eabi/lib/thumb/v6-m/nofp\libc.a(lib_a-mprec.o)
                0x00008dc0                __mcmp
 .text.__mdiff  0x00008df8      0x154 C:/TI/gcc_arm_none_eabi_9_2_1/arm-none-eabi/lib/thumb/v6-m/nofp\libc.a(lib_a-mprec.o)
                0x00008df8                __mdiff
 .text.__ulp    0x00008f4c       0x48 C:/TI/gcc_arm_none_eabi_9_2_1/arm-none-eabi/lib/thumb/v6-m/nofp\libc.a(lib_a-mprec.o)
                0x00008f4c                __ulp
 .text.__b2d    0x00008f94       0xc8 C:/TI/gcc_arm_none_eabi_9_2_1/arm-none-eabi/lib/thumb/v6-m/nofp\libc.a(lib_a-mprec.o)
                0x00008f94                __b2d
 .text.__d2b    0x0000905c       0xbc C:/TI/gcc_arm_none_eabi_9_2_1/arm-none-eabi/lib/thumb/v6-m/nofp\libc.a(lib_a-mprec.o)
                0x0000905c                __d2b
 .text.__ratio  0x00009118       0x68 C:/TI/gcc_arm_none_eabi_9_2_1/arm-none-eabi/lib/thumb/v6-m/nofp\libc.a(lib_a-mprec.o)
                0x00009118                __ratio
 .text.__copybits
                0x00009180       0x40 C:/TI/gcc_arm_none_eabi_9_2_1/arm-none-eabi/lib/thumb/v6-m/nofp\libc.a(lib_a-mprec.o)
                0x00009180                __copybits
 .text.__any_on
                0x000091c0       0x50 C:/TI/gcc_arm_none_eabi_9_2_1/arm-none-eabi/lib/thumb/v6-m/nofp\libc.a(lib_a-mprec.o)
                0x000091c0                __any_on
 .text.realloc  0x00009210       0x18 C:/TI/gcc_arm_none_eabi_9_2_1/arm-none-eabi/lib/thumb/v6-m/nofp\libc.a(lib_a-realloc.o)
                0x00009210                realloc
 .text._realloc_r
                0x00009228      0x358 C:/TI/gcc_arm_none_eabi_9_2_1/arm-none-eabi/lib/thumb/v6-m/nofp\libc.a(lib_a-reallocr.o)
                0x00009228                _realloc_r
 .text.frexp    0x00009580       0x64 C:/TI/gcc_arm_none_eabi_9_2_1/arm-none-eabi/lib/thumb/v6-m/nofp\libc.a(lib_a-s_frexp.o)
                0x00009580                frexp
 .text._sbrk_r  0x000095e4       0x24 C:/TI/gcc_arm_none_eabi_9_2_1/arm-none-eabi/lib/thumb/v6-m/nofp\libc.a(lib_a-sbrkr.o)
                0x000095e4                _sbrk_r
 .text.__sccl   0x00009608       0x80 C:/TI/gcc_arm_none_eabi_9_2_1/arm-none-eabi/lib/thumb/v6-m/nofp\libc.a(lib_a-sccl.o)
                0x00009608                __sccl
 .text.nanf     0x00009688        0x8 C:/TI/gcc_arm_none_eabi_9_2_1/arm-none-eabi/lib/thumb/v6-m/nofp\libc.a(lib_a-sf_nan.o)
                0x00009688                nanf
 .text.sprintf  0x00009690       0x40 C:/TI/gcc_arm_none_eabi_9_2_1/arm-none-eabi/lib/thumb/v6-m/nofp\libc.a(lib_a-sprintf.o)
                0x00009690                sprintf
 .text.strncpy  0x000096d0       0x6c C:/TI/gcc_arm_none_eabi_9_2_1/arm-none-eabi/lib/thumb/v6-m/nofp\libc.a(lib_a-strncpy.o)
                0x000096d0                strncpy
 .text.sulp     0x0000973c       0x30 C:/TI/gcc_arm_none_eabi_9_2_1/arm-none-eabi/lib/thumb/v6-m/nofp\libc.a(lib_a-strtod.o)
 .text._strtod_l
                0x0000976c      0xeb8 C:/TI/gcc_arm_none_eabi_9_2_1/arm-none-eabi/lib/thumb/v6-m/nofp\libc.a(lib_a-strtod.o)
                0x0000976c                _strtod_l
 .text._strtod_r
                0x0000a624       0x10 C:/TI/gcc_arm_none_eabi_9_2_1/arm-none-eabi/lib/thumb/v6-m/nofp\libc.a(lib_a-strtod.o)
                0x0000a624                _strtod_r
 .text._strtol_l.isra.0
                0x0000a634      0x13c C:/TI/gcc_arm_none_eabi_9_2_1/arm-none-eabi/lib/thumb/v6-m/nofp\libc.a(lib_a-strtol.o)
 .text._strtol_r
                0x0000a770        0x8 C:/TI/gcc_arm_none_eabi_9_2_1/arm-none-eabi/lib/thumb/v6-m/nofp\libc.a(lib_a-strtol.o)
                0x0000a770                _strtol_r
 .text._strtoll_l.isra.0
                0x0000a778      0x198 C:/TI/gcc_arm_none_eabi_9_2_1/arm-none-eabi/lib/thumb/v6-m/nofp\libc.a(lib_a-strtoll.o)
 .text._strtoll_r
                0x0000a910        0x8 C:/TI/gcc_arm_none_eabi_9_2_1/arm-none-eabi/lib/thumb/v6-m/nofp\libc.a(lib_a-strtoll.o)
                0x0000a910                _strtoll_r
 .text._strtoul_l.isra.0
                0x0000a918      0x148 C:/TI/gcc_arm_none_eabi_9_2_1/arm-none-eabi/lib/thumb/v6-m/nofp\libc.a(lib_a-strtoul.o)
 .text._strtoul_r
                0x0000aa60        0x8 C:/TI/gcc_arm_none_eabi_9_2_1/arm-none-eabi/lib/thumb/v6-m/nofp\libc.a(lib_a-strtoul.o)
                0x0000aa60                _strtoul_r
 .text._strtoull_l.isra.0
                0x0000aa68      0x1bc C:/TI/gcc_arm_none_eabi_9_2_1/arm-none-eabi/lib/thumb/v6-m/nofp\libc.a(lib_a-strtoull.o)
 .text._strtoull_r
                0x0000ac24        0x8 C:/TI/gcc_arm_none_eabi_9_2_1/arm-none-eabi/lib/thumb/v6-m/nofp\libc.a(lib_a-strtoull.o)
                0x0000ac24                _strtoull_r
 .text._sungetc_r
                0x0000ac2c       0x84 C:/TI/gcc_arm_none_eabi_9_2_1/arm-none-eabi/lib/thumb/v6-m/nofp\libc.a(lib_a-svfiscanf.o)
                0x0000ac2c                _sungetc_r
 .text.__ssrefill_r
                0x0000acb0       0x40 C:/TI/gcc_arm_none_eabi_9_2_1/arm-none-eabi/lib/thumb/v6-m/nofp\libc.a(lib_a-svfiscanf.o)
                0x0000acb0                __ssrefill_r
 .text._sfread_r
                0x0000acf0       0x90 C:/TI/gcc_arm_none_eabi_9_2_1/arm-none-eabi/lib/thumb/v6-m/nofp\libc.a(lib_a-svfiscanf.o)
                0x0000acf0                _sfread_r
 .text._svfprintf_r
                0x0000ad80     0x1c08 C:/TI/gcc_arm_none_eabi_9_2_1/arm-none-eabi/lib/thumb/v6-m/nofp\libc.a(lib_a-svfprintf.o)
                0x0000ad80                _svfprintf_r
 .text.__submore
                0x0000c988       0x84 C:/TI/gcc_arm_none_eabi_9_2_1/arm-none-eabi/lib/thumb/v6-m/nofp\libc.a(lib_a-ungetc.o)
                0x0000c988                __submore
 .text.__ascii_wctomb
                0x0000ca0c       0x1c C:/TI/gcc_arm_none_eabi_9_2_1/arm-none-eabi/lib/thumb/v6-m/nofp\libc.a(lib_a-wctomb_r.o)
                0x0000ca0c                __ascii_wctomb
 .text._calloc_r
                0x0000ca28       0x5c C:/TI/gcc_arm_none_eabi_9_2_1/arm-none-eabi/lib/thumb/v6-m/nofp\libc.a(lib_a-callocr.o)
                0x0000ca28                _calloc_r
 .text.rshift   0x0000ca84       0xa4 C:/TI/gcc_arm_none_eabi_9_2_1/arm-none-eabi/lib/thumb/v6-m/nofp\libc.a(lib_a-gdtoa-gethex.o)
 .text.__gethex
                0x0000cb28      0x548 C:/TI/gcc_arm_none_eabi_9_2_1/arm-none-eabi/lib/thumb/v6-m/nofp\libc.a(lib_a-gdtoa-gethex.o)
                0x0000cb28                __gethex
 .text.__match  0x0000d070       0x2c C:/TI/gcc_arm_none_eabi_9_2_1/arm-none-eabi/lib/thumb/v6-m/nofp\libc.a(lib_a-gdtoa-hexnan.o)
                0x0000d070                __match
 .text.__hexnan
                0x0000d09c      0x1d0 C:/TI/gcc_arm_none_eabi_9_2_1/arm-none-eabi/lib/thumb/v6-m/nofp\libc.a(lib_a-gdtoa-hexnan.o)
                0x0000d09c                __hexnan
 .text.memmove  0x0000d26c       0xb8 C:/TI/gcc_arm_none_eabi_9_2_1/arm-none-eabi/lib/thumb/v6-m/nofp\libc.a(lib_a-memmove.o)
                0x0000d26c                memmove
 .text.nan      0x0000d324        0xc C:/TI/gcc_arm_none_eabi_9_2_1/arm-none-eabi/lib/thumb/v6-m/nofp\libc.a(lib_a-s_nan.o)
                0x0000d324                nan
 .text.strncmp  0x0000d330       0x68 C:/TI/gcc_arm_none_eabi_9_2_1/arm-none-eabi/lib/thumb/v6-m/nofp\libc.a(lib_a-strncmp.o)
                0x0000d330                strncmp
 .text.__ssprint_r
                0x0000d398      0x114 C:/TI/gcc_arm_none_eabi_9_2_1/arm-none-eabi/lib/thumb/v6-m/nofp\libc.a(lib_a-svfiprintf.o)
                0x0000d398                __ssprint_r
 .text._sbrk    0x0000d4ac       0x1c C:/TI/gcc_arm_none_eabi_9_2_1/arm-none-eabi/lib/thumb/v6-m/nofp\libnosys.a(sbrk.o)
                0x0000d4ac                _sbrk
                0x0000d4c8                . = ALIGN (0x8)
 *(.ctors)
                0x0000d4c8                . = ALIGN (0x8)
 *(.dtors)
                0x0000d4c8                . = ALIGN (0x8)
 *(.init)
                0x0000d4c8                . = ALIGN (0x8)
 *(.fini*)
                0x0000d4c8                . = ALIGN (0x8)

.glue_7         0x0000d4c8        0x0
 .glue_7        0x0000d4c8        0x0 linker stubs

.glue_7t        0x0000d4c8        0x0
 .glue_7t       0x0000d4c8        0x0 linker stubs

.vfp11_veneer   0x0000d4c8        0x0
 .vfp11_veneer  0x0000d4c8        0x0 linker stubs

.v4_bx          0x0000d4c8        0x0
 .v4_bx         0x0000d4c8        0x0 linker stubs

.iplt           0x0000d4c8        0x0
 .iplt          0x0000d4c8        0x0 ./empty.o

.ramfunc        0x20200000        0x0 load address 0x0000d4c8
                0x0000d4c8                __ramfunct_load__ = LOADADDR (.ramfunc)
                0x20200000                __ramfunct_start__ = .
 *(.ramfunc)
                0x20200000                . = ALIGN (0x8)
                0x20200000                __ramfunct_end__ = .

.rodata         0x0000d4c8     0x16d8
 *(.rodata)
 .rodata        0x0000d4c8       0x80 c:/ti/gcc_arm_none_eabi_9_2_1/bin/../lib/gcc/arm-none-eabi/9.2.1/thumb/v6-m/nofp\libgcc.a(divsf3.o)
 .rodata        0x0000d548       0x40 c:/ti/gcc_arm_none_eabi_9_2_1/bin/../lib/gcc/arm-none-eabi/9.2.1/thumb/v6-m/nofp\libgcc.a(mulsf3.o)
 .rodata        0x0000d588       0x40 c:/ti/gcc_arm_none_eabi_9_2_1/bin/../lib/gcc/arm-none-eabi/9.2.1/thumb/v6-m/nofp\libgcc.a(divdf3.o)
 .rodata        0x0000d5c8       0x40 c:/ti/gcc_arm_none_eabi_9_2_1/bin/../lib/gcc/arm-none-eabi/9.2.1/thumb/v6-m/nofp\libgcc.a(muldf3.o)
                0x0000d608                . = ALIGN (0x8)
 *(.rodata.*)
 .rodata.main.str1.4
                0x0000d608      0x11a ./empty.o
                                0x122 (size before relaxing)
 *fill*         0x0000d722        0x2 
 .rodata.gI2C_0ClockConfig
                0x0000d724        0x2 ./ti_msp_dl_config.o
 *fill*         0x0000d726        0x2 
 .rodata.gI2C_OLEDClockConfig
                0x0000d728        0x2 ./ti_msp_dl_config.o
 *fill*         0x0000d72a        0x2 
 .rodata.gPWM_MOTORClockConfig
                0x0000d72c        0x3 ./ti_msp_dl_config.o
 *fill*         0x0000d72f        0x1 
 .rodata.gPWM_MOTORConfig
                0x0000d730        0x8 ./ti_msp_dl_config.o
 .rodata.gSYSPLLConfig
                0x0000d738       0x28 ./ti_msp_dl_config.o
 .rodata.gTIMER_0ClockConfig
                0x0000d760        0x3 ./ti_msp_dl_config.o
 *fill*         0x0000d763        0x1 
 .rodata.gTIMER_0TimerConfig
                0x0000d764       0x14 ./ti_msp_dl_config.o
 .rodata.gUART_0ClockConfig
                0x0000d778        0x2 ./ti_msp_dl_config.o
 *fill*         0x0000d77a        0x2 
 .rodata.gUART_0Config
                0x0000d77c        0xa ./ti_msp_dl_config.o
 *fill*         0x0000d786        0x2 
 .rodata.enc_table
                0x0000d788       0x10 ./Motor/Motor.o
 .rodata.OLED_CF16x16
                0x0000d798      0x103 ./OLED/OLED_Font.o
                0x0000d798                OLED_CF16x16
 *fill*         0x0000d89b        0x1 
 .rodata.OLED_F6x8
                0x0000d89c      0x23a ./OLED/OLED_Font.o
                0x0000d89c                OLED_F6x8
 *fill*         0x0000dad6        0x2 
 .rodata.OLED_F8x16
                0x0000dad8      0x5f0 ./OLED/OLED_Font.o
                0x0000dad8                OLED_F8x16
 .rodata.pos.15271
                0x0000e0c8       0x20 ./Track/Track.o
 .rodata.DL_Timer_initTimerMode
                0x0000e0e8       0x8c D:/ti/ccs2051/mspm0_sdk_2_10_00_04/source\ti/driverlib/lib/gcc/m0p/mspm0g1x0x_g3x0x/driverlib.a(dl_timer.o)
 .rodata.__ssvfscanf_r.str1.4
                0x0000e174        0x5 C:/TI/gcc_arm_none_eabi_9_2_1/arm-none-eabi/lib/thumb/v6-m/nofp\libc.a(lib_a-svfscanf.o)
                                  0x9 (size before relaxing)
 *fill*         0x0000e179        0x3 
 .rodata.__ssvfscanf_r
                0x0000e17c      0x3cc C:/TI/gcc_arm_none_eabi_9_2_1/arm-none-eabi/lib/thumb/v6-m/nofp\libc.a(lib_a-svfscanf.o)
 .rodata.basefix.7414
                0x0000e548       0x22 C:/TI/gcc_arm_none_eabi_9_2_1/arm-none-eabi/lib/thumb/v6-m/nofp\libc.a(lib_a-svfscanf.o)
 *fill*         0x0000e56a        0x2 
 .rodata._ctype_
                0x0000e56c      0x101 C:/TI/gcc_arm_none_eabi_9_2_1/arm-none-eabi/lib/thumb/v6-m/nofp\libc.a(lib_a-ctype_.o)
                0x0000e56c                _ctype_
 *fill*         0x0000e66d        0x3 
 .rodata._dtoa_r.str1.4
                0x0000e670       0x12 C:/TI/gcc_arm_none_eabi_9_2_1/arm-none-eabi/lib/thumb/v6-m/nofp\libc.a(lib_a-dtoa.o)
 *fill*         0x0000e682        0x2 
 .rodata._setlocale_r.str1.4
                0x0000e684        0xa C:/TI/gcc_arm_none_eabi_9_2_1/arm-none-eabi/lib/thumb/v6-m/nofp\libc.a(lib_a-locale.o)
                                  0xd (size before relaxing)
 *fill*         0x0000e68e        0x2 
 .rodata.str1.4
                0x0000e690        0x2 C:/TI/gcc_arm_none_eabi_9_2_1/arm-none-eabi/lib/thumb/v6-m/nofp\libc.a(lib_a-locale.o)
 .rodata._mbrtowc_r.str1.4
                0x0000e692        0x1 C:/TI/gcc_arm_none_eabi_9_2_1/arm-none-eabi/lib/thumb/v6-m/nofp\libc.a(lib_a-mbrtowc.o)
 *fill*         0x0000e692        0x6 
 .rodata.__mprec_bigtens
                0x0000e698       0x28 C:/TI/gcc_arm_none_eabi_9_2_1/arm-none-eabi/lib/thumb/v6-m/nofp\libc.a(lib_a-mprec.o)
                0x0000e698                __mprec_bigtens
 .rodata.__mprec_tens
                0x0000e6c0       0xc8 C:/TI/gcc_arm_none_eabi_9_2_1/arm-none-eabi/lib/thumb/v6-m/nofp\libc.a(lib_a-mprec.o)
                0x0000e6c0                __mprec_tens
 .rodata.p05.6115
                0x0000e788        0xc C:/TI/gcc_arm_none_eabi_9_2_1/arm-none-eabi/lib/thumb/v6-m/nofp\libc.a(lib_a-mprec.o)
 .rodata._strtod_l.str1.4
                0x0000e794        0xf C:/TI/gcc_arm_none_eabi_9_2_1/arm-none-eabi/lib/thumb/v6-m/nofp\libc.a(lib_a-strtod.o)
                                 0x11 (size before relaxing)
 *fill*         0x0000e7a3        0x1 
 .rodata._strtod_l
                0x0000e7a4       0xd4 C:/TI/gcc_arm_none_eabi_9_2_1/arm-none-eabi/lib/thumb/v6-m/nofp\libc.a(lib_a-strtod.o)
 .rodata.fpi.6195
                0x0000e878       0x14 C:/TI/gcc_arm_none_eabi_9_2_1/arm-none-eabi/lib/thumb/v6-m/nofp\libc.a(lib_a-strtod.o)
 .rodata.fpinan.6231
                0x0000e88c       0x14 C:/TI/gcc_arm_none_eabi_9_2_1/arm-none-eabi/lib/thumb/v6-m/nofp\libc.a(lib_a-strtod.o)
 .rodata.tinytens
                0x0000e8a0       0x28 C:/TI/gcc_arm_none_eabi_9_2_1/arm-none-eabi/lib/thumb/v6-m/nofp\libc.a(lib_a-strtod.o)
 .rodata._svfprintf_r.str1.4
                0x0000e8c8       0x3f C:/TI/gcc_arm_none_eabi_9_2_1/arm-none-eabi/lib/thumb/v6-m/nofp\libc.a(lib_a-svfprintf.o)
                                 0x42 (size before relaxing)
 *fill*         0x0000e907        0x1 
 .rodata._svfprintf_r
                0x0000e908      0x16c C:/TI/gcc_arm_none_eabi_9_2_1/arm-none-eabi/lib/thumb/v6-m/nofp\libc.a(lib_a-svfprintf.o)
 .rodata.blanks.7345
                0x0000ea74       0x10 C:/TI/gcc_arm_none_eabi_9_2_1/arm-none-eabi/lib/thumb/v6-m/nofp\libc.a(lib_a-svfprintf.o)
 .rodata.zeroes.7346
                0x0000ea84       0x10 C:/TI/gcc_arm_none_eabi_9_2_1/arm-none-eabi/lib/thumb/v6-m/nofp\libc.a(lib_a-svfprintf.o)
 .rodata.__hexdig
                0x0000ea94      0x100 C:/TI/gcc_arm_none_eabi_9_2_1/arm-none-eabi/lib/thumb/v6-m/nofp\libc.a(lib_a-gdtoa-gethex.o)
                0x0000ea94                __hexdig
 .rodata.str1.4
                0x0000eb94        0x5 C:/TI/gcc_arm_none_eabi_9_2_1/arm-none-eabi/lib/thumb/v6-m/nofp\libc.a(lib_a-lnumeric.o)
 .rodata._C_numeric_locale
                0x0000eb94        0xc C:/TI/gcc_arm_none_eabi_9_2_1/arm-none-eabi/lib/thumb/v6-m/nofp\libc.a(lib_a-lnumeric.o)
                0x0000eb94                _C_numeric_locale
                0x0000eba0                . = ALIGN (0x8)

.preinit_array  0x0000eba0        0x0
                0x0000eba0                PROVIDE (__preinit_array_start = .)
 *(.preinit_array*)
                0x0000eba0                PROVIDE (__preinit_array_end = .)

.init_array     0x0000eba0        0x0
                0x0000eba0                . = ALIGN (0x8)
                0x0000eba0                PROVIDE (__init_array_start = .)
 *(SORT_BY_NAME(.init_array.*))
 *(.init_array*)
                0x0000eba0                PROVIDE (__init_array_end = .)

.fini_array     0x0000eba0        0x0
                0x0000eba0                . = ALIGN (0x8)
                [!provide]                PROVIDE (__fini_array_start = .)
 *(SORT_BY_NAME(.fini_array.*))
 *(.fini_array*)
                [!provide]                PROVIDE (__fini_array_end = .)
                0x0000eba0                . = ALIGN (0x8)

.ARM.exidx      0x0000eba0        0x8
                0x0000eba0                __exidx_start = .
 *(.ARM.exidx* .gnu.linkonce.armexidx.*)
 .ARM.exidx     0x0000eba0        0x8 c:/ti/gcc_arm_none_eabi_9_2_1/bin/../lib/gcc/arm-none-eabi/9.2.1/thumb/v6-m/nofp\libgcc.a(_udivmoddi4.o)
                0x0000eba8                __exidx_end = .

.ARM.extab      0x0000eba8        0x0
                0x0000eba8                . = ALIGN (0x8)
 *(.ARM.extab* .gnu.linkonce.armextab.*)
 .ARM.extab     0x0000eba8        0x0 c:/ti/gcc_arm_none_eabi_9_2_1/bin/../lib/gcc/arm-none-eabi/9.2.1/thumb/v6-m/nofp\libgcc.a(_udivmoddi4.o)
                0x0000eba8                . = ALIGN (0x8)
                0x0000eba8                __etext = .

.rel.dyn        0x0000eba8        0x0
 .rel.iplt      0x0000eba8        0x0 ./empty.o

.data           0x20200000      0x9c8 load address 0x0000eba8
                0x0000eba8                __data_load__ = LOADADDR (.data)
                0x20200000                __data_start__ = .
 *(.data)
 .data          0x20200000        0x0 ./empty.o
 .data          0x20200000        0x0 ./ti_msp_dl_config.o
 .data          0x20200000        0x0 ./startup_mspm0g350x_gcc.o
 .data          0x20200000        0x0 ./Button/Button.o
 .data          0x20200000        0x0 ./Control/Control.o
 .data          0x20200000        0x0 ./ICM45686/icm45686.o
 .data          0x20200000        0x0 ./ICM45686/inv_imu_driver.o
 .data          0x20200000        0x0 ./ICM45686/inv_imu_transport.o
 .data          0x20200000        0x0 ./IIC/I2C_communication.o
 .data          0x20200000        0x0 ./IMU/IMU.o
 .data          0x20200000        0x0 ./Motor/Motor.o
 .data          0x20200000        0x0 ./OLED/OLED.o
 .data          0x20200000        0x0 ./OLED/OLED_Font.o
 .data          0x20200000        0x0 ./PID/PID.o
 .data          0x20200000        0x0 ./Track/Track.o
 .data          0x20200000        0x0 ./UART/uart_comm.o
 .data          0x20200000        0x0 D:/ti/ccs2051/mspm0_sdk_2_10_00_04/source\ti/driverlib/lib/gcc/m0p/mspm0g1x0x_g3x0x/driverlib.a(dl_common.o)
 .data          0x20200000        0x0 D:/ti/ccs2051/mspm0_sdk_2_10_00_04/source\ti/driverlib/lib/gcc/m0p/mspm0g1x0x_g3x0x/driverlib.a(dl_i2c.o)
 .data          0x20200000        0x0 D:/ti/ccs2051/mspm0_sdk_2_10_00_04/source\ti/driverlib/lib/gcc/m0p/mspm0g1x0x_g3x0x/driverlib.a(dl_timer.o)
 .data          0x20200000        0x0 D:/ti/ccs2051/mspm0_sdk_2_10_00_04/source\ti/driverlib/lib/gcc/m0p/mspm0g1x0x_g3x0x/driverlib.a(dl_uart.o)
 .data          0x20200000        0x0 D:/ti/ccs2051/mspm0_sdk_2_10_00_04/source\ti/driverlib/lib/gcc/m0p/mspm0g1x0x_g3x0x/driverlib.a(dl_sysctl_mspm0g1x0x_g3x0x.o)
 .data          0x20200000        0x0 c:/ti/gcc_arm_none_eabi_9_2_1/bin/../lib/gcc/arm-none-eabi/9.2.1/thumb/v6-m/nofp\libgcc.a(_udivsi3.o)
 .data          0x20200000        0x0 c:/ti/gcc_arm_none_eabi_9_2_1/bin/../lib/gcc/arm-none-eabi/9.2.1/thumb/v6-m/nofp\libgcc.a(_divsi3.o)
 .data          0x20200000        0x0 c:/ti/gcc_arm_none_eabi_9_2_1/bin/../lib/gcc/arm-none-eabi/9.2.1/thumb/v6-m/nofp\libgcc.a(_dvmd_tls.o)
 .data          0x20200000        0x0 c:/ti/gcc_arm_none_eabi_9_2_1/bin/../lib/gcc/arm-none-eabi/9.2.1/thumb/v6-m/nofp\libgcc.a(_arm_cmpdf2.o)
 .data          0x20200000        0x0 c:/ti/gcc_arm_none_eabi_9_2_1/bin/../lib/gcc/arm-none-eabi/9.2.1/thumb/v6-m/nofp\libgcc.a(_arm_cmpsf2.o)
 .data          0x20200000        0x0 c:/ti/gcc_arm_none_eabi_9_2_1/bin/../lib/gcc/arm-none-eabi/9.2.1/thumb/v6-m/nofp\libgcc.a(_fixunsdfsi.o)
 .data          0x20200000        0x0 c:/ti/gcc_arm_none_eabi_9_2_1/bin/../lib/gcc/arm-none-eabi/9.2.1/thumb/v6-m/nofp\libgcc.a(addsf3.o)
 .data          0x20200000        0x0 c:/ti/gcc_arm_none_eabi_9_2_1/bin/../lib/gcc/arm-none-eabi/9.2.1/thumb/v6-m/nofp\libgcc.a(divsf3.o)
 .data          0x20200000        0x0 c:/ti/gcc_arm_none_eabi_9_2_1/bin/../lib/gcc/arm-none-eabi/9.2.1/thumb/v6-m/nofp\libgcc.a(eqsf2.o)
 .data          0x20200000        0x0 c:/ti/gcc_arm_none_eabi_9_2_1/bin/../lib/gcc/arm-none-eabi/9.2.1/thumb/v6-m/nofp\libgcc.a(gesf2.o)
 .data          0x20200000        0x0 c:/ti/gcc_arm_none_eabi_9_2_1/bin/../lib/gcc/arm-none-eabi/9.2.1/thumb/v6-m/nofp\libgcc.a(lesf2.o)
 .data          0x20200000        0x0 c:/ti/gcc_arm_none_eabi_9_2_1/bin/../lib/gcc/arm-none-eabi/9.2.1/thumb/v6-m/nofp\libgcc.a(mulsf3.o)
 .data          0x20200000        0x0 c:/ti/gcc_arm_none_eabi_9_2_1/bin/../lib/gcc/arm-none-eabi/9.2.1/thumb/v6-m/nofp\libgcc.a(subsf3.o)
 .data          0x20200000        0x0 c:/ti/gcc_arm_none_eabi_9_2_1/bin/../lib/gcc/arm-none-eabi/9.2.1/thumb/v6-m/nofp\libgcc.a(fixsfsi.o)
 .data          0x20200000        0x0 c:/ti/gcc_arm_none_eabi_9_2_1/bin/../lib/gcc/arm-none-eabi/9.2.1/thumb/v6-m/nofp\libgcc.a(floatsisf.o)
 .data          0x20200000        0x0 c:/ti/gcc_arm_none_eabi_9_2_1/bin/../lib/gcc/arm-none-eabi/9.2.1/thumb/v6-m/nofp\libgcc.a(floatunsisf.o)
 .data          0x20200000        0x0 c:/ti/gcc_arm_none_eabi_9_2_1/bin/../lib/gcc/arm-none-eabi/9.2.1/thumb/v6-m/nofp\libgcc.a(adddf3.o)
 .data          0x20200000        0x0 c:/ti/gcc_arm_none_eabi_9_2_1/bin/../lib/gcc/arm-none-eabi/9.2.1/thumb/v6-m/nofp\libgcc.a(divdf3.o)
 .data          0x20200000        0x0 c:/ti/gcc_arm_none_eabi_9_2_1/bin/../lib/gcc/arm-none-eabi/9.2.1/thumb/v6-m/nofp\libgcc.a(eqdf2.o)
 .data          0x20200000        0x0 c:/ti/gcc_arm_none_eabi_9_2_1/bin/../lib/gcc/arm-none-eabi/9.2.1/thumb/v6-m/nofp\libgcc.a(gedf2.o)
 .data          0x20200000        0x0 c:/ti/gcc_arm_none_eabi_9_2_1/bin/../lib/gcc/arm-none-eabi/9.2.1/thumb/v6-m/nofp\libgcc.a(ledf2.o)
 .data          0x20200000        0x0 c:/ti/gcc_arm_none_eabi_9_2_1/bin/../lib/gcc/arm-none-eabi/9.2.1/thumb/v6-m/nofp\libgcc.a(muldf3.o)
 .data          0x20200000        0x0 c:/ti/gcc_arm_none_eabi_9_2_1/bin/../lib/gcc/arm-none-eabi/9.2.1/thumb/v6-m/nofp\libgcc.a(subdf3.o)
 .data          0x20200000        0x0 c:/ti/gcc_arm_none_eabi_9_2_1/bin/../lib/gcc/arm-none-eabi/9.2.1/thumb/v6-m/nofp\libgcc.a(fixdfsi.o)
 .data          0x20200000        0x0 c:/ti/gcc_arm_none_eabi_9_2_1/bin/../lib/gcc/arm-none-eabi/9.2.1/thumb/v6-m/nofp\libgcc.a(floatsidf.o)
 .data          0x20200000        0x0 c:/ti/gcc_arm_none_eabi_9_2_1/bin/../lib/gcc/arm-none-eabi/9.2.1/thumb/v6-m/nofp\libgcc.a(floatunsidf.o)
 .data          0x20200000        0x0 c:/ti/gcc_arm_none_eabi_9_2_1/bin/../lib/gcc/arm-none-eabi/9.2.1/thumb/v6-m/nofp\libgcc.a(extendsfdf2.o)
 .data          0x20200000        0x0 c:/ti/gcc_arm_none_eabi_9_2_1/bin/../lib/gcc/arm-none-eabi/9.2.1/thumb/v6-m/nofp\libgcc.a(truncdfsf2.o)
 .data          0x20200000        0x0 c:/ti/gcc_arm_none_eabi_9_2_1/bin/../lib/gcc/arm-none-eabi/9.2.1/thumb/v6-m/nofp\libgcc.a(_clzsi2.o)
 .data          0x20200000        0x0 C:/TI/gcc_arm_none_eabi_9_2_1/arm-none-eabi/lib/thumb/v6-m/nofp\libc.a(lib_a-init.o)
 .data          0x20200000        0x0 C:/TI/gcc_arm_none_eabi_9_2_1/arm-none-eabi/lib/thumb/v6-m/nofp\libc.a(lib_a-memset.o)
 .data          0x20200000        0x0 C:/TI/gcc_arm_none_eabi_9_2_1/arm-none-eabi/lib/thumb/v6-m/nofp\libc.a(lib_a-printf.o)
 .data          0x20200000        0x0 C:/TI/gcc_arm_none_eabi_9_2_1/arm-none-eabi/lib/thumb/v6-m/nofp\libc.a(lib_a-sscanf.o)
 .data          0x20200000        0x0 C:/TI/gcc_arm_none_eabi_9_2_1/arm-none-eabi/lib/thumb/v6-m/nofp\libc.a(lib_a-stdio.o)
 .data          0x20200000        0x0 C:/TI/gcc_arm_none_eabi_9_2_1/arm-none-eabi/lib/thumb/v6-m/nofp\libc.a(lib_a-strcmp.o)
 .data          0x20200000        0x0 C:/TI/gcc_arm_none_eabi_9_2_1/arm-none-eabi/lib/thumb/v6-m/nofp\libc.a(lib_a-strlen-stub.o)
 .data          0x20200000        0x0 C:/TI/gcc_arm_none_eabi_9_2_1/arm-none-eabi/lib/thumb/v6-m/nofp\libc.a(lib_a-svfscanf.o)
 .data          0x20200000        0x0 C:/TI/gcc_arm_none_eabi_9_2_1/arm-none-eabi/lib/thumb/v6-m/nofp\libc.a(lib_a-vfprintf.o)
 .data          0x20200000        0x0 C:/TI/gcc_arm_none_eabi_9_2_1/arm-none-eabi/lib/thumb/v6-m/nofp\libc.a(lib_a-vsnprintf.o)
 .data          0x20200000        0x0 C:/TI/gcc_arm_none_eabi_9_2_1/arm-none-eabi/lib/thumb/v6-m/nofp\libc.a(lib_a-writer.o)
 .data          0x20200000        0x0 C:/TI/gcc_arm_none_eabi_9_2_1/arm-none-eabi/lib/thumb/v6-m/nofp\libc.a(lib_a-wsetup.o)
 .data          0x20200000        0x0 C:/TI/gcc_arm_none_eabi_9_2_1/arm-none-eabi/lib/thumb/v6-m/nofp\libc.a(lib_a-closer.o)
 .data          0x20200000        0x0 C:/TI/gcc_arm_none_eabi_9_2_1/arm-none-eabi/lib/thumb/v6-m/nofp\libc.a(lib_a-ctype_.o)
 .data          0x20200000        0x0 C:/TI/gcc_arm_none_eabi_9_2_1/arm-none-eabi/lib/thumb/v6-m/nofp\libc.a(lib_a-dtoa.o)
 .data          0x20200000        0x0 C:/TI/gcc_arm_none_eabi_9_2_1/arm-none-eabi/lib/thumb/v6-m/nofp\libc.a(lib_a-fflush.o)
 .data          0x20200000        0x0 C:/TI/gcc_arm_none_eabi_9_2_1/arm-none-eabi/lib/thumb/v6-m/nofp\libc.a(lib_a-findfp.o)
 .data          0x20200000        0x0 C:/TI/gcc_arm_none_eabi_9_2_1/arm-none-eabi/lib/thumb/v6-m/nofp\libc.a(lib_a-freer.o)
 .data          0x20200000        0x0 C:/TI/gcc_arm_none_eabi_9_2_1/arm-none-eabi/lib/thumb/v6-m/nofp\libc.a(lib_a-fwalk.o)
 .data          0x20200000        0x0 C:/TI/gcc_arm_none_eabi_9_2_1/arm-none-eabi/lib/thumb/v6-m/nofp\libc.a(lib_a-impure.o)
 .data          0x20200000        0x0 C:/TI/gcc_arm_none_eabi_9_2_1/arm-none-eabi/lib/thumb/v6-m/nofp\libc.a(lib_a-iswspace.o)
 .data          0x20200000        0x0 C:/TI/gcc_arm_none_eabi_9_2_1/arm-none-eabi/lib/thumb/v6-m/nofp\libc.a(lib_a-iswspace_l.o)
 .data          0x20200000        0x0 C:/TI/gcc_arm_none_eabi_9_2_1/arm-none-eabi/lib/thumb/v6-m/nofp\libc.a(lib_a-locale.o)
 .data          0x20200000        0x0 C:/TI/gcc_arm_none_eabi_9_2_1/arm-none-eabi/lib/thumb/v6-m/nofp\libc.a(lib_a-localeconv.o)
 .data          0x20200000        0x0 C:/TI/gcc_arm_none_eabi_9_2_1/arm-none-eabi/lib/thumb/v6-m/nofp\libc.a(lib_a-lock.o)
 .data          0x20200000        0x0 C:/TI/gcc_arm_none_eabi_9_2_1/arm-none-eabi/lib/thumb/v6-m/nofp\libc.a(lib_a-lseekr.o)
 .data          0x20200000        0x0 C:/TI/gcc_arm_none_eabi_9_2_1/arm-none-eabi/lib/thumb/v6-m/nofp\libc.a(lib_a-makebuf.o)
 .data          0x20200000        0x0 C:/TI/gcc_arm_none_eabi_9_2_1/arm-none-eabi/lib/thumb/v6-m/nofp\libc.a(lib_a-malloc.o)
 .data          0x20200000        0x0 C:/TI/gcc_arm_none_eabi_9_2_1/arm-none-eabi/lib/thumb/v6-m/nofp\libc.a(lib_a-mallocr.o)
 .data          0x20200000        0x0 C:/TI/gcc_arm_none_eabi_9_2_1/arm-none-eabi/lib/thumb/v6-m/nofp\libc.a(lib_a-mbrtowc.o)
 .data          0x20200000        0x0 C:/TI/gcc_arm_none_eabi_9_2_1/arm-none-eabi/lib/thumb/v6-m/nofp\libc.a(lib_a-mbtowc_r.o)
 .data          0x20200000        0x0 C:/TI/gcc_arm_none_eabi_9_2_1/arm-none-eabi/lib/thumb/v6-m/nofp\libc.a(lib_a-memchr-stub.o)
 .data          0x20200000        0x0 C:/TI/gcc_arm_none_eabi_9_2_1/arm-none-eabi/lib/thumb/v6-m/nofp\libc.a(lib_a-memcpy-stub.o)
 .data          0x20200000        0x0 C:/TI/gcc_arm_none_eabi_9_2_1/arm-none-eabi/lib/thumb/v6-m/nofp\libc.a(lib_a-mlock.o)
 .data          0x20200000        0x0 C:/TI/gcc_arm_none_eabi_9_2_1/arm-none-eabi/lib/thumb/v6-m/nofp\libc.a(lib_a-mprec.o)
 .data          0x20200000        0x0 C:/TI/gcc_arm_none_eabi_9_2_1/arm-none-eabi/lib/thumb/v6-m/nofp\libc.a(lib_a-readr.o)
 .data          0x20200000        0x0 C:/TI/gcc_arm_none_eabi_9_2_1/arm-none-eabi/lib/thumb/v6-m/nofp\libc.a(lib_a-realloc.o)
 .data          0x20200000        0x0 C:/TI/gcc_arm_none_eabi_9_2_1/arm-none-eabi/lib/thumb/v6-m/nofp\libc.a(lib_a-reallocr.o)
 .data          0x20200000        0x0 C:/TI/gcc_arm_none_eabi_9_2_1/arm-none-eabi/lib/thumb/v6-m/nofp\libc.a(lib_a-reent.o)
 .data          0x20200000        0x0 C:/TI/gcc_arm_none_eabi_9_2_1/arm-none-eabi/lib/thumb/v6-m/nofp\libc.a(lib_a-s_frexp.o)
 .data          0x20200000        0x0 C:/TI/gcc_arm_none_eabi_9_2_1/arm-none-eabi/lib/thumb/v6-m/nofp\libc.a(lib_a-sbrkr.o)
 .data          0x20200000        0x0 C:/TI/gcc_arm_none_eabi_9_2_1/arm-none-eabi/lib/thumb/v6-m/nofp\libc.a(lib_a-sccl.o)
 .data          0x20200000        0x0 C:/TI/gcc_arm_none_eabi_9_2_1/arm-none-eabi/lib/thumb/v6-m/nofp\libc.a(lib_a-sf_nan.o)
 .data          0x20200000        0x0 C:/TI/gcc_arm_none_eabi_9_2_1/arm-none-eabi/lib/thumb/v6-m/nofp\libc.a(lib_a-sprintf.o)
 .data          0x20200000        0x0 C:/TI/gcc_arm_none_eabi_9_2_1/arm-none-eabi/lib/thumb/v6-m/nofp\libc.a(lib_a-strncpy.o)
 .data          0x20200000        0x0 C:/TI/gcc_arm_none_eabi_9_2_1/arm-none-eabi/lib/thumb/v6-m/nofp\libc.a(lib_a-strtod.o)
 .data          0x20200000        0x0 C:/TI/gcc_arm_none_eabi_9_2_1/arm-none-eabi/lib/thumb/v6-m/nofp\libc.a(lib_a-strtol.o)
 .data          0x20200000        0x0 C:/TI/gcc_arm_none_eabi_9_2_1/arm-none-eabi/lib/thumb/v6-m/nofp\libc.a(lib_a-strtoll.o)
 .data          0x20200000        0x0 C:/TI/gcc_arm_none_eabi_9_2_1/arm-none-eabi/lib/thumb/v6-m/nofp\libc.a(lib_a-strtoul.o)
 .data          0x20200000        0x0 C:/TI/gcc_arm_none_eabi_9_2_1/arm-none-eabi/lib/thumb/v6-m/nofp\libc.a(lib_a-strtoull.o)
 .data          0x20200000        0x0 C:/TI/gcc_arm_none_eabi_9_2_1/arm-none-eabi/lib/thumb/v6-m/nofp\libc.a(lib_a-svfiscanf.o)
 .data          0x20200000        0x0 C:/TI/gcc_arm_none_eabi_9_2_1/arm-none-eabi/lib/thumb/v6-m/nofp\libc.a(lib_a-svfprintf.o)
 .data          0x20200000        0x0 C:/TI/gcc_arm_none_eabi_9_2_1/arm-none-eabi/lib/thumb/v6-m/nofp\libc.a(lib_a-ungetc.o)
 .data          0x20200000        0x0 C:/TI/gcc_arm_none_eabi_9_2_1/arm-none-eabi/lib/thumb/v6-m/nofp\libc.a(lib_a-vfiprintf.o)
 .data          0x20200000        0x0 C:/TI/gcc_arm_none_eabi_9_2_1/arm-none-eabi/lib/thumb/v6-m/nofp\libc.a(lib_a-wctomb_r.o)
 .data          0x20200000        0x0 C:/TI/gcc_arm_none_eabi_9_2_1/arm-none-eabi/lib/thumb/v6-m/nofp\libc.a(lib_a-callocr.o)
 .data          0x20200000        0x0 C:/TI/gcc_arm_none_eabi_9_2_1/arm-none-eabi/lib/thumb/v6-m/nofp\libc.a(lib_a-fclose.o)
 .data          0x20200000        0x0 C:/TI/gcc_arm_none_eabi_9_2_1/arm-none-eabi/lib/thumb/v6-m/nofp\libc.a(lib_a-fputwc.o)
 .data          0x20200000        0x0 C:/TI/gcc_arm_none_eabi_9_2_1/arm-none-eabi/lib/thumb/v6-m/nofp\libc.a(lib_a-fstatr.o)
 .data          0x20200000        0x0 C:/TI/gcc_arm_none_eabi_9_2_1/arm-none-eabi/lib/thumb/v6-m/nofp\libc.a(lib_a-fvwrite.o)
 .data          0x20200000        0x0 C:/TI/gcc_arm_none_eabi_9_2_1/arm-none-eabi/lib/thumb/v6-m/nofp\libc.a(lib_a-gdtoa-gethex.o)
 .data          0x20200000        0x0 C:/TI/gcc_arm_none_eabi_9_2_1/arm-none-eabi/lib/thumb/v6-m/nofp\libc.a(lib_a-gdtoa-hexnan.o)
 .data          0x20200000        0x0 C:/TI/gcc_arm_none_eabi_9_2_1/arm-none-eabi/lib/thumb/v6-m/nofp\libc.a(lib_a-isattyr.o)
 .data          0x20200000        0x0 C:/TI/gcc_arm_none_eabi_9_2_1/arm-none-eabi/lib/thumb/v6-m/nofp\libc.a(lib_a-lnumeric.o)
 .data          0x20200000        0x0 C:/TI/gcc_arm_none_eabi_9_2_1/arm-none-eabi/lib/thumb/v6-m/nofp\libc.a(lib_a-memmove.o)
 .data          0x20200000        0x0 C:/TI/gcc_arm_none_eabi_9_2_1/arm-none-eabi/lib/thumb/v6-m/nofp\libc.a(lib_a-s_nan.o)
 .data          0x20200000        0x0 C:/TI/gcc_arm_none_eabi_9_2_1/arm-none-eabi/lib/thumb/v6-m/nofp\libc.a(lib_a-strncmp.o)
 .data          0x20200000        0x0 C:/TI/gcc_arm_none_eabi_9_2_1/arm-none-eabi/lib/thumb/v6-m/nofp\libc.a(lib_a-svfiprintf.o)
 .data          0x20200000        0x0 C:/TI/gcc_arm_none_eabi_9_2_1/arm-none-eabi/lib/thumb/v6-m/nofp\libc.a(lib_a-wbuf.o)
 .data          0x20200000        0x0 C:/TI/gcc_arm_none_eabi_9_2_1/arm-none-eabi/lib/thumb/v6-m/nofp\libc.a(lib_a-wcrtomb.o)
 .data          0x20200000        0x0 C:/TI/gcc_arm_none_eabi_9_2_1/arm-none-eabi/lib/thumb/v6-m/nofp\libm.a(lib_a-s_round.o)
 .data          0x20200000        0x0 C:/TI/gcc_arm_none_eabi_9_2_1/arm-none-eabi/lib/thumb/v6-m/nofp\libm.a(lib_a-w_asin.o)
 .data          0x20200000        0x0 C:/TI/gcc_arm_none_eabi_9_2_1/arm-none-eabi/lib/thumb/v6-m/nofp\libm.a(lib_a-w_atan2.o)
 .data          0x20200000        0x0 C:/TI/gcc_arm_none_eabi_9_2_1/arm-none-eabi/lib/thumb/v6-m/nofp\libm.a(lib_a-e_asin.o)
 .data          0x20200000        0x0 C:/TI/gcc_arm_none_eabi_9_2_1/arm-none-eabi/lib/thumb/v6-m/nofp\libm.a(lib_a-e_atan2.o)
 .data          0x20200000        0x0 C:/TI/gcc_arm_none_eabi_9_2_1/arm-none-eabi/lib/thumb/v6-m/nofp\libm.a(lib_a-e_sqrt.o)
 .data          0x20200000        0x0 C:/TI/gcc_arm_none_eabi_9_2_1/arm-none-eabi/lib/thumb/v6-m/nofp\libm.a(lib_a-s_atan.o)
 .data          0x20200000        0x0 C:/TI/gcc_arm_none_eabi_9_2_1/arm-none-eabi/lib/thumb/v6-m/nofp\libm.a(lib_a-s_fabs.o)
 .data          0x20200000        0x0 C:/TI/gcc_arm_none_eabi_9_2_1/arm-none-eabi/lib/thumb/v6-m/nofp\libm.a(lib_a-s_lib_ver.o)
 .data          0x20200000        0x0 C:/TI/gcc_arm_none_eabi_9_2_1/arm-none-eabi/lib/thumb/v6-m/nofp\libm.a(lib_a-s_matherr.o)
 .data          0x20200000        0x0 c:/ti/gcc_arm_none_eabi_9_2_1/bin/../lib/gcc/arm-none-eabi/9.2.1/thumb/v6-m/nofp\libgcc.a(_aeabi_uldivmod.o)
 .data          0x20200000        0x0 c:/ti/gcc_arm_none_eabi_9_2_1/bin/../lib/gcc/arm-none-eabi/9.2.1/thumb/v6-m/nofp\libgcc.a(_muldi3.o)
 .data          0x20200000        0x0 c:/ti/gcc_arm_none_eabi_9_2_1/bin/../lib/gcc/arm-none-eabi/9.2.1/thumb/v6-m/nofp\libgcc.a(_fixdfdi.o)
 .data          0x20200000        0x0 c:/ti/gcc_arm_none_eabi_9_2_1/bin/../lib/gcc/arm-none-eabi/9.2.1/thumb/v6-m/nofp\libgcc.a(_fixunsdfdi.o)
 .data          0x20200000        0x0 c:/ti/gcc_arm_none_eabi_9_2_1/bin/../lib/gcc/arm-none-eabi/9.2.1/thumb/v6-m/nofp\libgcc.a(_floatdidf.o)
 .data          0x20200000        0x0 c:/ti/gcc_arm_none_eabi_9_2_1/bin/../lib/gcc/arm-none-eabi/9.2.1/thumb/v6-m/nofp\libgcc.a(_udivmoddi4.o)
 .data          0x20200000        0x0 c:/ti/gcc_arm_none_eabi_9_2_1/bin/../lib/gcc/arm-none-eabi/9.2.1/thumb/v6-m/nofp\libgcc.a(unordsf2.o)
 .data          0x20200000        0x0 c:/ti/gcc_arm_none_eabi_9_2_1/bin/../lib/gcc/arm-none-eabi/9.2.1/thumb/v6-m/nofp\libgcc.a(unorddf2.o)
 .data          0x20200000        0x0 c:/ti/gcc_arm_none_eabi_9_2_1/bin/../lib/gcc/arm-none-eabi/9.2.1/thumb/v6-m/nofp\libgcc.a(_clzdi2.o)
 .data          0x20200000        0x0 C:/TI/gcc_arm_none_eabi_9_2_1/arm-none-eabi/lib/thumb/v6-m/nofp\libg.a(lib_a-errno.o)
 .data          0x20200000        0x0 C:/TI/gcc_arm_none_eabi_9_2_1/arm-none-eabi/lib/thumb/v6-m/nofp\libnosys.a(close.o)
 .data          0x20200000        0x0 C:/TI/gcc_arm_none_eabi_9_2_1/arm-none-eabi/lib/thumb/v6-m/nofp\libnosys.a(fstat.o)
 .data          0x20200000        0x0 C:/TI/gcc_arm_none_eabi_9_2_1/arm-none-eabi/lib/thumb/v6-m/nofp\libnosys.a(isatty.o)
 .data          0x20200000        0x0 C:/TI/gcc_arm_none_eabi_9_2_1/arm-none-eabi/lib/thumb/v6-m/nofp\libnosys.a(lseek.o)
 .data          0x20200000        0x0 C:/TI/gcc_arm_none_eabi_9_2_1/arm-none-eabi/lib/thumb/v6-m/nofp\libnosys.a(read.o)
 .data          0x20200000        0x0 C:/TI/gcc_arm_none_eabi_9_2_1/arm-none-eabi/lib/thumb/v6-m/nofp\libnosys.a(sbrk.o)
 .data          0x20200000        0x0 C:/TI/gcc_arm_none_eabi_9_2_1/arm-none-eabi/lib/thumb/v6-m/nofp\libnosys.a(write.o)
 *(.data*)
 .data.g_angle_kp
                0x20200000        0x4 ./Control/Control.o
                0x20200000                g_angle_kp
 .data.g_speed_ki
                0x20200004        0x4 ./Control/Control.o
                0x20200004                g_speed_ki
 .data.g_speed_kp
                0x20200008        0x4 ./Control/Control.o
                0x20200008                g_speed_kp
 .data.g_track_kd
                0x2020000c        0x4 ./Control/Control.o
                0x2020000c                g_track_kd
 .data.g_track_ki
                0x20200010        0x4 ./Control/Control.o
                0x20200010                g_track_ki
 .data.g_track_kp
                0x20200014        0x4 ./Control/Control.o
                0x20200014                g_track_kp
 .data.Kp       0x20200018        0x4 ./IMU/IMU.o
                0x20200018                Kp
 .data._impure_ptr
                0x2020001c        0x4 C:/TI/gcc_arm_none_eabi_9_2_1/arm-none-eabi/lib/thumb/v6-m/nofp\libc.a(lib_a-impure.o)
                0x2020001c                _impure_ptr
 .data.impure_data
                0x20200020      0x428 C:/TI/gcc_arm_none_eabi_9_2_1/arm-none-eabi/lib/thumb/v6-m/nofp\libc.a(lib_a-impure.o)
 .data.__global_locale
                0x20200448      0x16c C:/TI/gcc_arm_none_eabi_9_2_1/arm-none-eabi/lib/thumb/v6-m/nofp\libc.a(lib_a-locale.o)
                0x20200448                __global_locale
 .data.__malloc_av_
                0x202005b4      0x408 C:/TI/gcc_arm_none_eabi_9_2_1/arm-none-eabi/lib/thumb/v6-m/nofp\libc.a(lib_a-mallocr.o)
                0x202005b4                __malloc_av_
 .data.__malloc_sbrk_base
                0x202009bc        0x4 C:/TI/gcc_arm_none_eabi_9_2_1/arm-none-eabi/lib/thumb/v6-m/nofp\libc.a(lib_a-mallocr.o)
                0x202009bc                __malloc_sbrk_base
 .data.__malloc_trim_threshold
                0x202009c0        0x4 C:/TI/gcc_arm_none_eabi_9_2_1/arm-none-eabi/lib/thumb/v6-m/nofp\libc.a(lib_a-mallocr.o)
                0x202009c0                __malloc_trim_threshold
 .data.numempty
                0x202009c4        0x2 C:/TI/gcc_arm_none_eabi_9_2_1/arm-none-eabi/lib/thumb/v6-m/nofp\libc.a(lib_a-lnumeric.o)
 .data.__fdlib_version
                0x202009c6        0x1 C:/TI/gcc_arm_none_eabi_9_2_1/arm-none-eabi/lib/thumb/v6-m/nofp\libm.a(lib_a-s_lib_ver.o)
                0x202009c6                __fdlib_version
                0x202009c8                . = ALIGN (0x8)
 *fill*         0x202009c7        0x1 
                0x202009c8                __data_end__ = .

.igot.plt       0x202009c8        0x0 load address 0x0000f570
 .igot.plt      0x202009c8        0x0 ./empty.o

.bss            0x202009c8      0x6e0
                0x202009c8                __bss_start__ = .
 *(.shbss)
 *(.bss)
 .bss           0x202009c8        0x0 ./empty.o
 .bss           0x202009c8        0x0 ./ti_msp_dl_config.o
 .bss           0x202009c8        0x0 ./startup_mspm0g350x_gcc.o
 .bss           0x202009c8        0x0 ./Button/Button.o
 .bss           0x202009c8        0x0 ./Control/Control.o
 .bss           0x202009c8        0x0 ./ICM45686/icm45686.o
 .bss           0x202009c8        0x0 ./ICM45686/inv_imu_driver.o
 .bss           0x202009c8        0x0 ./ICM45686/inv_imu_transport.o
 .bss           0x202009c8        0x0 ./IIC/I2C_communication.o
 .bss           0x202009c8        0x0 ./IMU/IMU.o
 .bss           0x202009c8        0x0 ./Motor/Motor.o
 .bss           0x202009c8        0x0 ./OLED/OLED.o
 .bss           0x202009c8        0x0 ./OLED/OLED_Font.o
 .bss           0x202009c8        0x0 ./PID/PID.o
 .bss           0x202009c8        0x0 ./Track/Track.o
 .bss           0x202009c8        0x0 ./UART/uart_comm.o
 .bss           0x202009c8        0x0 D:/ti/ccs2051/mspm0_sdk_2_10_00_04/source\ti/driverlib/lib/gcc/m0p/mspm0g1x0x_g3x0x/driverlib.a(dl_common.o)
 .bss           0x202009c8        0x0 D:/ti/ccs2051/mspm0_sdk_2_10_00_04/source\ti/driverlib/lib/gcc/m0p/mspm0g1x0x_g3x0x/driverlib.a(dl_i2c.o)
 .bss           0x202009c8        0x0 D:/ti/ccs2051/mspm0_sdk_2_10_00_04/source\ti/driverlib/lib/gcc/m0p/mspm0g1x0x_g3x0x/driverlib.a(dl_timer.o)
 .bss           0x202009c8        0x0 D:/ti/ccs2051/mspm0_sdk_2_10_00_04/source\ti/driverlib/lib/gcc/m0p/mspm0g1x0x_g3x0x/driverlib.a(dl_uart.o)
 .bss           0x202009c8        0x0 D:/ti/ccs2051/mspm0_sdk_2_10_00_04/source\ti/driverlib/lib/gcc/m0p/mspm0g1x0x_g3x0x/driverlib.a(dl_sysctl_mspm0g1x0x_g3x0x.o)
 .bss           0x202009c8        0x0 c:/ti/gcc_arm_none_eabi_9_2_1/bin/../lib/gcc/arm-none-eabi/9.2.1/thumb/v6-m/nofp\libgcc.a(_udivsi3.o)
 .bss           0x202009c8        0x0 c:/ti/gcc_arm_none_eabi_9_2_1/bin/../lib/gcc/arm-none-eabi/9.2.1/thumb/v6-m/nofp\libgcc.a(_divsi3.o)
 .bss           0x202009c8        0x0 c:/ti/gcc_arm_none_eabi_9_2_1/bin/../lib/gcc/arm-none-eabi/9.2.1/thumb/v6-m/nofp\libgcc.a(_dvmd_tls.o)
 .bss           0x202009c8        0x0 c:/ti/gcc_arm_none_eabi_9_2_1/bin/../lib/gcc/arm-none-eabi/9.2.1/thumb/v6-m/nofp\libgcc.a(_arm_cmpdf2.o)
 .bss           0x202009c8        0x0 c:/ti/gcc_arm_none_eabi_9_2_1/bin/../lib/gcc/arm-none-eabi/9.2.1/thumb/v6-m/nofp\libgcc.a(_arm_cmpsf2.o)
 .bss           0x202009c8        0x0 c:/ti/gcc_arm_none_eabi_9_2_1/bin/../lib/gcc/arm-none-eabi/9.2.1/thumb/v6-m/nofp\libgcc.a(_fixunsdfsi.o)
 .bss           0x202009c8        0x0 c:/ti/gcc_arm_none_eabi_9_2_1/bin/../lib/gcc/arm-none-eabi/9.2.1/thumb/v6-m/nofp\libgcc.a(addsf3.o)
 .bss           0x202009c8        0x0 c:/ti/gcc_arm_none_eabi_9_2_1/bin/../lib/gcc/arm-none-eabi/9.2.1/thumb/v6-m/nofp\libgcc.a(divsf3.o)
 .bss           0x202009c8        0x0 c:/ti/gcc_arm_none_eabi_9_2_1/bin/../lib/gcc/arm-none-eabi/9.2.1/thumb/v6-m/nofp\libgcc.a(eqsf2.o)
 .bss           0x202009c8        0x0 c:/ti/gcc_arm_none_eabi_9_2_1/bin/../lib/gcc/arm-none-eabi/9.2.1/thumb/v6-m/nofp\libgcc.a(gesf2.o)
 .bss           0x202009c8        0x0 c:/ti/gcc_arm_none_eabi_9_2_1/bin/../lib/gcc/arm-none-eabi/9.2.1/thumb/v6-m/nofp\libgcc.a(lesf2.o)
 .bss           0x202009c8        0x0 c:/ti/gcc_arm_none_eabi_9_2_1/bin/../lib/gcc/arm-none-eabi/9.2.1/thumb/v6-m/nofp\libgcc.a(mulsf3.o)
 .bss           0x202009c8        0x0 c:/ti/gcc_arm_none_eabi_9_2_1/bin/../lib/gcc/arm-none-eabi/9.2.1/thumb/v6-m/nofp\libgcc.a(subsf3.o)
 .bss           0x202009c8        0x0 c:/ti/gcc_arm_none_eabi_9_2_1/bin/../lib/gcc/arm-none-eabi/9.2.1/thumb/v6-m/nofp\libgcc.a(fixsfsi.o)
 .bss           0x202009c8        0x0 c:/ti/gcc_arm_none_eabi_9_2_1/bin/../lib/gcc/arm-none-eabi/9.2.1/thumb/v6-m/nofp\libgcc.a(floatsisf.o)
 .bss           0x202009c8        0x0 c:/ti/gcc_arm_none_eabi_9_2_1/bin/../lib/gcc/arm-none-eabi/9.2.1/thumb/v6-m/nofp\libgcc.a(floatunsisf.o)
 .bss           0x202009c8        0x0 c:/ti/gcc_arm_none_eabi_9_2_1/bin/../lib/gcc/arm-none-eabi/9.2.1/thumb/v6-m/nofp\libgcc.a(adddf3.o)
 .bss           0x202009c8        0x0 c:/ti/gcc_arm_none_eabi_9_2_1/bin/../lib/gcc/arm-none-eabi/9.2.1/thumb/v6-m/nofp\libgcc.a(divdf3.o)
 .bss           0x202009c8        0x0 c:/ti/gcc_arm_none_eabi_9_2_1/bin/../lib/gcc/arm-none-eabi/9.2.1/thumb/v6-m/nofp\libgcc.a(eqdf2.o)
 .bss           0x202009c8        0x0 c:/ti/gcc_arm_none_eabi_9_2_1/bin/../lib/gcc/arm-none-eabi/9.2.1/thumb/v6-m/nofp\libgcc.a(gedf2.o)
 .bss           0x202009c8        0x0 c:/ti/gcc_arm_none_eabi_9_2_1/bin/../lib/gcc/arm-none-eabi/9.2.1/thumb/v6-m/nofp\libgcc.a(ledf2.o)
 .bss           0x202009c8        0x0 c:/ti/gcc_arm_none_eabi_9_2_1/bin/../lib/gcc/arm-none-eabi/9.2.1/thumb/v6-m/nofp\libgcc.a(muldf3.o)
 .bss           0x202009c8        0x0 c:/ti/gcc_arm_none_eabi_9_2_1/bin/../lib/gcc/arm-none-eabi/9.2.1/thumb/v6-m/nofp\libgcc.a(subdf3.o)
 .bss           0x202009c8        0x0 c:/ti/gcc_arm_none_eabi_9_2_1/bin/../lib/gcc/arm-none-eabi/9.2.1/thumb/v6-m/nofp\libgcc.a(fixdfsi.o)
 .bss           0x202009c8        0x0 c:/ti/gcc_arm_none_eabi_9_2_1/bin/../lib/gcc/arm-none-eabi/9.2.1/thumb/v6-m/nofp\libgcc.a(floatsidf.o)
 .bss           0x202009c8        0x0 c:/ti/gcc_arm_none_eabi_9_2_1/bin/../lib/gcc/arm-none-eabi/9.2.1/thumb/v6-m/nofp\libgcc.a(floatunsidf.o)
 .bss           0x202009c8        0x0 c:/ti/gcc_arm_none_eabi_9_2_1/bin/../lib/gcc/arm-none-eabi/9.2.1/thumb/v6-m/nofp\libgcc.a(extendsfdf2.o)
 .bss           0x202009c8        0x0 c:/ti/gcc_arm_none_eabi_9_2_1/bin/../lib/gcc/arm-none-eabi/9.2.1/thumb/v6-m/nofp\libgcc.a(truncdfsf2.o)
 .bss           0x202009c8        0x0 c:/ti/gcc_arm_none_eabi_9_2_1/bin/../lib/gcc/arm-none-eabi/9.2.1/thumb/v6-m/nofp\libgcc.a(_clzsi2.o)
 .bss           0x202009c8        0x0 C:/TI/gcc_arm_none_eabi_9_2_1/arm-none-eabi/lib/thumb/v6-m/nofp\libc.a(lib_a-init.o)
 .bss           0x202009c8        0x0 C:/TI/gcc_arm_none_eabi_9_2_1/arm-none-eabi/lib/thumb/v6-m/nofp\libc.a(lib_a-memset.o)
 .bss           0x202009c8        0x0 C:/TI/gcc_arm_none_eabi_9_2_1/arm-none-eabi/lib/thumb/v6-m/nofp\libc.a(lib_a-printf.o)
 .bss           0x202009c8        0x0 C:/TI/gcc_arm_none_eabi_9_2_1/arm-none-eabi/lib/thumb/v6-m/nofp\libc.a(lib_a-sscanf.o)
 .bss           0x202009c8        0x0 C:/TI/gcc_arm_none_eabi_9_2_1/arm-none-eabi/lib/thumb/v6-m/nofp\libc.a(lib_a-stdio.o)
 .bss           0x202009c8        0x0 C:/TI/gcc_arm_none_eabi_9_2_1/arm-none-eabi/lib/thumb/v6-m/nofp\libc.a(lib_a-strcmp.o)
 .bss           0x202009c8        0x0 C:/TI/gcc_arm_none_eabi_9_2_1/arm-none-eabi/lib/thumb/v6-m/nofp\libc.a(lib_a-strlen-stub.o)
 .bss           0x202009c8        0x0 C:/TI/gcc_arm_none_eabi_9_2_1/arm-none-eabi/lib/thumb/v6-m/nofp\libc.a(lib_a-svfscanf.o)
 .bss           0x202009c8        0x0 C:/TI/gcc_arm_none_eabi_9_2_1/arm-none-eabi/lib/thumb/v6-m/nofp\libc.a(lib_a-vfprintf.o)
 .bss           0x202009c8        0x0 C:/TI/gcc_arm_none_eabi_9_2_1/arm-none-eabi/lib/thumb/v6-m/nofp\libc.a(lib_a-vsnprintf.o)
 .bss           0x202009c8        0x0 C:/TI/gcc_arm_none_eabi_9_2_1/arm-none-eabi/lib/thumb/v6-m/nofp\libc.a(lib_a-writer.o)
 .bss           0x202009c8        0x0 C:/TI/gcc_arm_none_eabi_9_2_1/arm-none-eabi/lib/thumb/v6-m/nofp\libc.a(lib_a-wsetup.o)
 .bss           0x202009c8        0x0 C:/TI/gcc_arm_none_eabi_9_2_1/arm-none-eabi/lib/thumb/v6-m/nofp\libc.a(lib_a-closer.o)
 .bss           0x202009c8        0x0 C:/TI/gcc_arm_none_eabi_9_2_1/arm-none-eabi/lib/thumb/v6-m/nofp\libc.a(lib_a-ctype_.o)
 .bss           0x202009c8        0x0 C:/TI/gcc_arm_none_eabi_9_2_1/arm-none-eabi/lib/thumb/v6-m/nofp\libc.a(lib_a-dtoa.o)
 .bss           0x202009c8        0x0 C:/TI/gcc_arm_none_eabi_9_2_1/arm-none-eabi/lib/thumb/v6-m/nofp\libc.a(lib_a-fflush.o)
 .bss           0x202009c8        0x0 C:/TI/gcc_arm_none_eabi_9_2_1/arm-none-eabi/lib/thumb/v6-m/nofp\libc.a(lib_a-findfp.o)
 .bss           0x202009c8        0x0 C:/TI/gcc_arm_none_eabi_9_2_1/arm-none-eabi/lib/thumb/v6-m/nofp\libc.a(lib_a-freer.o)
 .bss           0x202009c8        0x0 C:/TI/gcc_arm_none_eabi_9_2_1/arm-none-eabi/lib/thumb/v6-m/nofp\libc.a(lib_a-fwalk.o)
 .bss           0x202009c8        0x0 C:/TI/gcc_arm_none_eabi_9_2_1/arm-none-eabi/lib/thumb/v6-m/nofp\libc.a(lib_a-impure.o)
 .bss           0x202009c8        0x0 C:/TI/gcc_arm_none_eabi_9_2_1/arm-none-eabi/lib/thumb/v6-m/nofp\libc.a(lib_a-iswspace.o)
 .bss           0x202009c8        0x0 C:/TI/gcc_arm_none_eabi_9_2_1/arm-none-eabi/lib/thumb/v6-m/nofp\libc.a(lib_a-iswspace_l.o)
 .bss           0x202009c8        0x0 C:/TI/gcc_arm_none_eabi_9_2_1/arm-none-eabi/lib/thumb/v6-m/nofp\libc.a(lib_a-locale.o)
 .bss           0x202009c8        0x0 C:/TI/gcc_arm_none_eabi_9_2_1/arm-none-eabi/lib/thumb/v6-m/nofp\libc.a(lib_a-localeconv.o)
 .bss           0x202009c8        0x0 C:/TI/gcc_arm_none_eabi_9_2_1/arm-none-eabi/lib/thumb/v6-m/nofp\libc.a(lib_a-lock.o)
 .bss           0x202009c8        0x0 C:/TI/gcc_arm_none_eabi_9_2_1/arm-none-eabi/lib/thumb/v6-m/nofp\libc.a(lib_a-lseekr.o)
 .bss           0x202009c8        0x0 C:/TI/gcc_arm_none_eabi_9_2_1/arm-none-eabi/lib/thumb/v6-m/nofp\libc.a(lib_a-makebuf.o)
 .bss           0x202009c8        0x0 C:/TI/gcc_arm_none_eabi_9_2_1/arm-none-eabi/lib/thumb/v6-m/nofp\libc.a(lib_a-malloc.o)
 .bss           0x202009c8        0x0 C:/TI/gcc_arm_none_eabi_9_2_1/arm-none-eabi/lib/thumb/v6-m/nofp\libc.a(lib_a-mallocr.o)
 .bss           0x202009c8        0x0 C:/TI/gcc_arm_none_eabi_9_2_1/arm-none-eabi/lib/thumb/v6-m/nofp\libc.a(lib_a-mbrtowc.o)
 .bss           0x202009c8        0x0 C:/TI/gcc_arm_none_eabi_9_2_1/arm-none-eabi/lib/thumb/v6-m/nofp\libc.a(lib_a-mbtowc_r.o)
 .bss           0x202009c8        0x0 C:/TI/gcc_arm_none_eabi_9_2_1/arm-none-eabi/lib/thumb/v6-m/nofp\libc.a(lib_a-memchr-stub.o)
 .bss           0x202009c8        0x0 C:/TI/gcc_arm_none_eabi_9_2_1/arm-none-eabi/lib/thumb/v6-m/nofp\libc.a(lib_a-memcpy-stub.o)
 .bss           0x202009c8        0x0 C:/TI/gcc_arm_none_eabi_9_2_1/arm-none-eabi/lib/thumb/v6-m/nofp\libc.a(lib_a-mlock.o)
 .bss           0x202009c8        0x0 C:/TI/gcc_arm_none_eabi_9_2_1/arm-none-eabi/lib/thumb/v6-m/nofp\libc.a(lib_a-mprec.o)
 .bss           0x202009c8        0x0 C:/TI/gcc_arm_none_eabi_9_2_1/arm-none-eabi/lib/thumb/v6-m/nofp\libc.a(lib_a-readr.o)
 .bss           0x202009c8        0x0 C:/TI/gcc_arm_none_eabi_9_2_1/arm-none-eabi/lib/thumb/v6-m/nofp\libc.a(lib_a-realloc.o)
 .bss           0x202009c8        0x0 C:/TI/gcc_arm_none_eabi_9_2_1/arm-none-eabi/lib/thumb/v6-m/nofp\libc.a(lib_a-reallocr.o)
 .bss           0x202009c8        0x0 C:/TI/gcc_arm_none_eabi_9_2_1/arm-none-eabi/lib/thumb/v6-m/nofp\libc.a(lib_a-reent.o)
 .bss           0x202009c8        0x0 C:/TI/gcc_arm_none_eabi_9_2_1/arm-none-eabi/lib/thumb/v6-m/nofp\libc.a(lib_a-s_frexp.o)
 .bss           0x202009c8        0x0 C:/TI/gcc_arm_none_eabi_9_2_1/arm-none-eabi/lib/thumb/v6-m/nofp\libc.a(lib_a-sbrkr.o)
 .bss           0x202009c8        0x0 C:/TI/gcc_arm_none_eabi_9_2_1/arm-none-eabi/lib/thumb/v6-m/nofp\libc.a(lib_a-sccl.o)
 .bss           0x202009c8        0x0 C:/TI/gcc_arm_none_eabi_9_2_1/arm-none-eabi/lib/thumb/v6-m/nofp\libc.a(lib_a-sf_nan.o)
 .bss           0x202009c8        0x0 C:/TI/gcc_arm_none_eabi_9_2_1/arm-none-eabi/lib/thumb/v6-m/nofp\libc.a(lib_a-sprintf.o)
 .bss           0x202009c8        0x0 C:/TI/gcc_arm_none_eabi_9_2_1/arm-none-eabi/lib/thumb/v6-m/nofp\libc.a(lib_a-strncpy.o)
 .bss           0x202009c8        0x0 C:/TI/gcc_arm_none_eabi_9_2_1/arm-none-eabi/lib/thumb/v6-m/nofp\libc.a(lib_a-strtod.o)
 .bss           0x202009c8        0x0 C:/TI/gcc_arm_none_eabi_9_2_1/arm-none-eabi/lib/thumb/v6-m/nofp\libc.a(lib_a-strtol.o)
 .bss           0x202009c8        0x0 C:/TI/gcc_arm_none_eabi_9_2_1/arm-none-eabi/lib/thumb/v6-m/nofp\libc.a(lib_a-strtoll.o)
 .bss           0x202009c8        0x0 C:/TI/gcc_arm_none_eabi_9_2_1/arm-none-eabi/lib/thumb/v6-m/nofp\libc.a(lib_a-strtoul.o)
 .bss           0x202009c8        0x0 C:/TI/gcc_arm_none_eabi_9_2_1/arm-none-eabi/lib/thumb/v6-m/nofp\libc.a(lib_a-strtoull.o)
 .bss           0x202009c8        0x0 C:/TI/gcc_arm_none_eabi_9_2_1/arm-none-eabi/lib/thumb/v6-m/nofp\libc.a(lib_a-svfiscanf.o)
 .bss           0x202009c8        0x0 C:/TI/gcc_arm_none_eabi_9_2_1/arm-none-eabi/lib/thumb/v6-m/nofp\libc.a(lib_a-svfprintf.o)
 .bss           0x202009c8        0x0 C:/TI/gcc_arm_none_eabi_9_2_1/arm-none-eabi/lib/thumb/v6-m/nofp\libc.a(lib_a-ungetc.o)
 .bss           0x202009c8        0x0 C:/TI/gcc_arm_none_eabi_9_2_1/arm-none-eabi/lib/thumb/v6-m/nofp\libc.a(lib_a-vfiprintf.o)
 .bss           0x202009c8        0x0 C:/TI/gcc_arm_none_eabi_9_2_1/arm-none-eabi/lib/thumb/v6-m/nofp\libc.a(lib_a-wctomb_r.o)
 .bss           0x202009c8        0x0 C:/TI/gcc_arm_none_eabi_9_2_1/arm-none-eabi/lib/thumb/v6-m/nofp\libc.a(lib_a-callocr.o)
 .bss           0x202009c8        0x0 C:/TI/gcc_arm_none_eabi_9_2_1/arm-none-eabi/lib/thumb/v6-m/nofp\libc.a(lib_a-fclose.o)
 .bss           0x202009c8        0x0 C:/TI/gcc_arm_none_eabi_9_2_1/arm-none-eabi/lib/thumb/v6-m/nofp\libc.a(lib_a-fputwc.o)
 .bss           0x202009c8        0x0 C:/TI/gcc_arm_none_eabi_9_2_1/arm-none-eabi/lib/thumb/v6-m/nofp\libc.a(lib_a-fstatr.o)
 .bss           0x202009c8        0x0 C:/TI/gcc_arm_none_eabi_9_2_1/arm-none-eabi/lib/thumb/v6-m/nofp\libc.a(lib_a-fvwrite.o)
 .bss           0x202009c8        0x0 C:/TI/gcc_arm_none_eabi_9_2_1/arm-none-eabi/lib/thumb/v6-m/nofp\libc.a(lib_a-gdtoa-gethex.o)
 .bss           0x202009c8        0x0 C:/TI/gcc_arm_none_eabi_9_2_1/arm-none-eabi/lib/thumb/v6-m/nofp\libc.a(lib_a-gdtoa-hexnan.o)
 .bss           0x202009c8        0x0 C:/TI/gcc_arm_none_eabi_9_2_1/arm-none-eabi/lib/thumb/v6-m/nofp\libc.a(lib_a-isattyr.o)
 .bss           0x202009c8        0x0 C:/TI/gcc_arm_none_eabi_9_2_1/arm-none-eabi/lib/thumb/v6-m/nofp\libc.a(lib_a-lnumeric.o)
 .bss           0x202009c8        0x0 C:/TI/gcc_arm_none_eabi_9_2_1/arm-none-eabi/lib/thumb/v6-m/nofp\libc.a(lib_a-memmove.o)
 .bss           0x202009c8        0x0 C:/TI/gcc_arm_none_eabi_9_2_1/arm-none-eabi/lib/thumb/v6-m/nofp\libc.a(lib_a-s_nan.o)
 .bss           0x202009c8        0x0 C:/TI/gcc_arm_none_eabi_9_2_1/arm-none-eabi/lib/thumb/v6-m/nofp\libc.a(lib_a-strncmp.o)
 .bss           0x202009c8        0x0 C:/TI/gcc_arm_none_eabi_9_2_1/arm-none-eabi/lib/thumb/v6-m/nofp\libc.a(lib_a-svfiprintf.o)
 .bss           0x202009c8        0x0 C:/TI/gcc_arm_none_eabi_9_2_1/arm-none-eabi/lib/thumb/v6-m/nofp\libc.a(lib_a-wbuf.o)
 .bss           0x202009c8        0x0 C:/TI/gcc_arm_none_eabi_9_2_1/arm-none-eabi/lib/thumb/v6-m/nofp\libc.a(lib_a-wcrtomb.o)